TimeQuest Timing Analyzer report for part5
Wed Aug 15 16:59:29 2018
Quartus II 64-Bit Version 13.0.1 Build 232 06/12/2013 Service Pack 1 SJ Web Edition


---------------------
; Table of Contents ;
---------------------
  1. Legal Notice
  2. TimeQuest Timing Analyzer Summary
  3. Parallel Compilation
  4. Clocks
  5. Slow Model Fmax Summary
  6. Slow Model Setup Summary
  7. Slow Model Hold Summary
  8. Slow Model Recovery Summary
  9. Slow Model Removal Summary
 10. Slow Model Minimum Pulse Width Summary
 11. Propagation Delay
 12. Minimum Propagation Delay
 13. Fast Model Setup Summary
 14. Fast Model Hold Summary
 15. Fast Model Recovery Summary
 16. Fast Model Removal Summary
 17. Fast Model Minimum Pulse Width Summary
 18. Propagation Delay
 19. Minimum Propagation Delay
 20. Multicorner Timing Analysis Summary
 21. Progagation Delay
 22. Minimum Progagation Delay
 23. Clock Transfers
 24. Report TCCS
 25. Report RSKM
 26. Unconstrained Paths
 27. TimeQuest Timing Analyzer Messages



----------------
; Legal Notice ;
----------------
Copyright (C) 1991-2013 Altera Corporation
Your use of Altera Corporation's design tools, logic functions 
and other software and tools, and its AMPP partner logic 
functions, and any output files from any of the foregoing 
(including device programming or simulation files), and any 
associated documentation or information are expressly subject 
to the terms and conditions of the Altera Program License 
Subscription Agreement, Altera MegaCore Function License 
Agreement, or other applicable license agreement, including, 
without limitation, that your use is for the sole purpose of 
programming logic devices manufactured by Altera and sold by 
Altera or its authorized distributors.  Please refer to the 
applicable agreement for further details.



+----------------------------------------------------------------------------------------+
; TimeQuest Timing Analyzer Summary                                                      ;
+--------------------+-------------------------------------------------------------------+
; Quartus II Version ; Version 13.0.1 Build 232 06/12/2013 Service Pack 1 SJ Web Edition ;
; Revision Name      ; part5                                                             ;
; Device Family      ; Cyclone II                                                        ;
; Device Name        ; EP2C20F484C7                                                      ;
; Timing Models      ; Final                                                             ;
; Delay Model        ; Combined                                                          ;
; Rise/Fall Delays   ; Unavailable                                                       ;
+--------------------+-------------------------------------------------------------------+


+------------------------------------------+
; Parallel Compilation                     ;
+----------------------------+-------------+
; Processors                 ; Number      ;
+----------------------------+-------------+
; Number detected on machine ; 4           ;
; Maximum allowed            ; 4           ;
;                            ;             ;
; Average used               ; 1.00        ;
; Maximum used               ; 1           ;
;                            ;             ;
; Usage by Processor         ; % Time Used ;
;     Processor 1            ; 100.0%      ;
;     Processors 2-4         ;   0.0%      ;
+----------------------------+-------------+


----------
; Clocks ;
----------
No clocks to report.


---------------------------
; Slow Model Fmax Summary ;
---------------------------
No paths to report.


----------------------------
; Slow Model Setup Summary ;
----------------------------
No paths to report.


---------------------------
; Slow Model Hold Summary ;
---------------------------
No paths to report.


-------------------------------
; Slow Model Recovery Summary ;
-------------------------------
No paths to report.


------------------------------
; Slow Model Removal Summary ;
------------------------------
No paths to report.


------------------------------------------
; Slow Model Minimum Pulse Width Summary ;
------------------------------------------
No paths to report.


+--------------------------------------------------------------+
; Propagation Delay                                            ;
+------------+-------------+--------+--------+--------+--------+
; Input Port ; Output Port ; RR     ; RF     ; FR     ; FF     ;
+------------+-------------+--------+--------+--------+--------+
; SW[0]      ; HEX0[0]     ; 9.913  ; 9.913  ; 9.913  ; 9.913  ;
; SW[0]      ; HEX0[1]     ; 9.939  ; 9.939  ; 9.939  ; 9.939  ;
; SW[0]      ; HEX0[2]     ; 9.815  ; 9.815  ; 9.815  ; 9.815  ;
; SW[0]      ; HEX0[3]     ; 9.935  ; 9.935  ; 9.935  ; 9.935  ;
; SW[0]      ; HEX0[4]     ; 9.604  ; 9.604  ; 9.604  ; 9.604  ;
; SW[0]      ; HEX0[5]     ; 9.602  ; 9.602  ; 9.602  ; 9.602  ;
; SW[0]      ; HEX0[6]     ; 9.606  ; 9.606  ; 9.606  ; 9.606  ;
; SW[0]      ; HEX1[0]     ; 9.319  ; 9.319  ; 9.319  ; 9.319  ;
; SW[0]      ; HEX1[3]     ; 9.630  ; 9.630  ; 9.630  ; 9.630  ;
; SW[0]      ; HEX1[4]     ; 9.640  ; 9.640  ; 9.640  ; 9.640  ;
; SW[0]      ; HEX1[5]     ; 9.673  ; 9.673  ; 9.673  ; 9.673  ;
; SW[0]      ; HEX2[0]     ; 8.008  ; 8.008  ; 8.008  ; 8.008  ;
; SW[0]      ; HEX2[1]     ; 8.033  ; 8.033  ; 8.033  ; 8.033  ;
; SW[0]      ; HEX2[2]     ;        ; 8.004  ; 8.004  ;        ;
; SW[0]      ; HEX2[3]     ; 8.078  ; 8.078  ; 8.078  ; 8.078  ;
; SW[0]      ; HEX2[4]     ; 8.011  ;        ;        ; 8.011  ;
; SW[0]      ; HEX2[5]     ; 8.032  ;        ;        ; 8.032  ;
; SW[0]      ; HEX2[6]     ; 8.391  ;        ;        ; 8.391  ;
; SW[0]      ; LEDG[0]     ; 14.101 ; 14.101 ; 14.101 ; 14.101 ;
; SW[0]      ; LEDR[0]     ; 4.635  ;        ;        ; 4.635  ;
; SW[1]      ; HEX0[0]     ; 9.856  ; 9.856  ; 9.856  ; 9.856  ;
; SW[1]      ; HEX0[1]     ; 9.882  ; 9.882  ; 9.882  ; 9.882  ;
; SW[1]      ; HEX0[2]     ; 9.758  ; 9.758  ; 9.758  ; 9.758  ;
; SW[1]      ; HEX0[3]     ; 9.878  ; 9.878  ; 9.878  ; 9.878  ;
; SW[1]      ; HEX0[4]     ; 9.547  ; 9.547  ; 9.547  ; 9.547  ;
; SW[1]      ; HEX0[5]     ; 9.545  ; 9.545  ; 9.545  ; 9.545  ;
; SW[1]      ; HEX0[6]     ; 9.549  ; 9.549  ; 9.549  ; 9.549  ;
; SW[1]      ; HEX1[0]     ; 9.262  ; 9.262  ; 9.262  ; 9.262  ;
; SW[1]      ; HEX1[3]     ; 9.573  ; 9.573  ; 9.573  ; 9.573  ;
; SW[1]      ; HEX1[4]     ; 9.583  ; 9.583  ; 9.583  ; 9.583  ;
; SW[1]      ; HEX1[5]     ; 9.616  ; 9.616  ; 9.616  ; 9.616  ;
; SW[1]      ; HEX2[0]     ;        ; 8.233  ; 8.233  ;        ;
; SW[1]      ; HEX2[1]     ; 8.251  ; 8.251  ; 8.251  ; 8.251  ;
; SW[1]      ; HEX2[2]     ; 8.270  ;        ;        ; 8.270  ;
; SW[1]      ; HEX2[3]     ; 8.265  ; 8.265  ; 8.265  ; 8.265  ;
; SW[1]      ; HEX2[4]     ; 8.273  ; 8.273  ; 8.273  ; 8.273  ;
; SW[1]      ; HEX2[5]     ; 8.254  ;        ;        ; 8.254  ;
; SW[1]      ; HEX2[6]     ; 8.609  ; 8.609  ; 8.609  ; 8.609  ;
; SW[1]      ; LEDG[0]     ; 14.044 ; 14.044 ; 14.044 ; 14.044 ;
; SW[1]      ; LEDR[1]     ; 4.980  ;        ;        ; 4.980  ;
; SW[2]      ; HEX0[0]     ; 9.662  ; 9.662  ; 9.662  ; 9.662  ;
; SW[2]      ; HEX0[1]     ; 9.688  ; 9.688  ; 9.688  ; 9.688  ;
; SW[2]      ; HEX0[2]     ; 9.564  ; 9.564  ; 9.564  ; 9.564  ;
; SW[2]      ; HEX0[3]     ; 9.684  ; 9.684  ; 9.684  ; 9.684  ;
; SW[2]      ; HEX0[4]     ; 9.353  ; 9.353  ; 9.353  ; 9.353  ;
; SW[2]      ; HEX0[5]     ; 9.351  ; 9.351  ; 9.351  ; 9.351  ;
; SW[2]      ; HEX0[6]     ; 9.355  ; 9.355  ; 9.355  ; 9.355  ;
; SW[2]      ; HEX1[0]     ; 9.068  ; 9.068  ; 9.068  ; 9.068  ;
; SW[2]      ; HEX1[3]     ; 9.379  ; 9.379  ; 9.379  ; 9.379  ;
; SW[2]      ; HEX1[4]     ; 9.389  ; 9.389  ; 9.389  ; 9.389  ;
; SW[2]      ; HEX1[5]     ; 9.422  ; 9.422  ; 9.422  ; 9.422  ;
; SW[2]      ; HEX2[0]     ; 7.783  ; 7.783  ; 7.783  ; 7.783  ;
; SW[2]      ; HEX2[1]     ; 7.792  ;        ;        ; 7.792  ;
; SW[2]      ; HEX2[2]     ;        ; 7.823  ; 7.823  ;        ;
; SW[2]      ; HEX2[3]     ; 7.838  ; 7.838  ; 7.838  ; 7.838  ;
; SW[2]      ; HEX2[4]     ; 7.815  ;        ;        ; 7.815  ;
; SW[2]      ; HEX2[5]     ;        ; 7.799  ; 7.799  ;        ;
; SW[2]      ; HEX2[6]     ; 8.150  ; 8.150  ; 8.150  ; 8.150  ;
; SW[2]      ; LEDG[0]     ; 13.850 ; 13.850 ; 13.850 ; 13.850 ;
; SW[2]      ; LEDR[2]     ; 5.389  ;        ;        ; 5.389  ;
; SW[3]      ; HEX0[0]     ; 8.603  ; 8.603  ; 8.603  ; 8.603  ;
; SW[3]      ; HEX0[1]     ; 8.629  ; 8.629  ; 8.629  ; 8.629  ;
; SW[3]      ; HEX0[2]     ; 8.505  ; 8.505  ; 8.505  ; 8.505  ;
; SW[3]      ; HEX0[3]     ; 8.625  ; 8.625  ; 8.625  ; 8.625  ;
; SW[3]      ; HEX0[4]     ; 8.294  ; 8.294  ; 8.294  ; 8.294  ;
; SW[3]      ; HEX0[5]     ; 8.292  ; 8.292  ; 8.292  ; 8.292  ;
; SW[3]      ; HEX0[6]     ; 8.296  ; 8.296  ; 8.296  ; 8.296  ;
; SW[3]      ; HEX1[0]     ; 8.009  ; 8.009  ; 8.009  ; 8.009  ;
; SW[3]      ; HEX1[3]     ; 8.320  ; 8.320  ; 8.320  ; 8.320  ;
; SW[3]      ; HEX1[4]     ; 8.330  ; 8.330  ; 8.330  ; 8.330  ;
; SW[3]      ; HEX1[5]     ; 8.363  ; 8.363  ; 8.363  ; 8.363  ;
; SW[3]      ; HEX2[0]     ;        ; 7.852  ; 7.852  ;        ;
; SW[3]      ; HEX2[1]     ;        ; 7.853  ; 7.853  ;        ;
; SW[3]      ; HEX2[2]     ;        ; 7.893  ; 7.893  ;        ;
; SW[3]      ; HEX2[3]     ;        ; 7.871  ; 7.871  ;        ;
; SW[3]      ; HEX2[4]     ; 7.876  ;        ;        ; 7.876  ;
; SW[3]      ; HEX2[5]     ;        ; 7.868  ; 7.868  ;        ;
; SW[3]      ; HEX2[6]     ;        ; 8.211  ; 8.211  ;        ;
; SW[3]      ; LEDG[0]     ; 12.791 ; 12.791 ; 12.791 ; 12.791 ;
; SW[3]      ; LEDR[3]     ; 5.800  ;        ;        ; 5.800  ;
; SW[4]      ; HEX0[0]     ; 9.509  ; 9.509  ; 9.509  ; 9.509  ;
; SW[4]      ; HEX0[1]     ; 9.535  ; 9.535  ; 9.535  ; 9.535  ;
; SW[4]      ; HEX0[2]     ; 9.411  ; 9.411  ; 9.411  ; 9.411  ;
; SW[4]      ; HEX0[3]     ; 9.531  ; 9.531  ; 9.531  ; 9.531  ;
; SW[4]      ; HEX0[4]     ; 9.200  ; 9.200  ; 9.200  ; 9.200  ;
; SW[4]      ; HEX0[5]     ; 9.198  ; 9.198  ; 9.198  ; 9.198  ;
; SW[4]      ; HEX0[6]     ; 9.202  ; 9.202  ; 9.202  ; 9.202  ;
; SW[4]      ; HEX1[0]     ; 8.915  ; 8.915  ; 8.915  ; 8.915  ;
; SW[4]      ; HEX1[3]     ; 9.226  ; 9.226  ; 9.226  ; 9.226  ;
; SW[4]      ; HEX1[4]     ; 9.236  ; 9.236  ; 9.236  ; 9.236  ;
; SW[4]      ; HEX1[5]     ; 9.269  ; 9.269  ; 9.269  ; 9.269  ;
; SW[4]      ; HEX3[0]     ; 7.249  ; 7.249  ; 7.249  ; 7.249  ;
; SW[4]      ; HEX3[1]     ; 7.766  ; 7.766  ; 7.766  ; 7.766  ;
; SW[4]      ; HEX3[2]     ;        ; 7.771  ; 7.771  ;        ;
; SW[4]      ; HEX3[3]     ; 7.193  ; 7.193  ; 7.193  ; 7.193  ;
; SW[4]      ; HEX3[4]     ; 6.873  ;        ;        ; 6.873  ;
; SW[4]      ; HEX3[5]     ; 7.254  ;        ;        ; 7.254  ;
; SW[4]      ; HEX3[6]     ; 7.595  ;        ;        ; 7.595  ;
; SW[4]      ; LEDG[0]     ; 13.697 ; 13.697 ; 13.697 ; 13.697 ;
; SW[4]      ; LEDR[4]     ; 5.305  ;        ;        ; 5.305  ;
; SW[5]      ; HEX0[0]     ; 9.397  ; 9.397  ; 9.397  ; 9.397  ;
; SW[5]      ; HEX0[1]     ; 9.423  ; 9.423  ; 9.423  ; 9.423  ;
; SW[5]      ; HEX0[2]     ; 9.299  ; 9.299  ; 9.299  ; 9.299  ;
; SW[5]      ; HEX0[3]     ; 9.419  ; 9.419  ; 9.419  ; 9.419  ;
; SW[5]      ; HEX0[4]     ; 9.088  ; 9.088  ; 9.088  ; 9.088  ;
; SW[5]      ; HEX0[5]     ; 9.086  ; 9.086  ; 9.086  ; 9.086  ;
; SW[5]      ; HEX0[6]     ; 9.090  ; 9.090  ; 9.090  ; 9.090  ;
; SW[5]      ; HEX1[0]     ; 8.803  ; 8.803  ; 8.803  ; 8.803  ;
; SW[5]      ; HEX1[3]     ; 9.114  ; 9.114  ; 9.114  ; 9.114  ;
; SW[5]      ; HEX1[4]     ; 9.124  ; 9.124  ; 9.124  ; 9.124  ;
; SW[5]      ; HEX1[5]     ; 9.157  ; 9.157  ; 9.157  ; 9.157  ;
; SW[5]      ; HEX3[0]     ;        ; 7.600  ; 7.600  ;        ;
; SW[5]      ; HEX3[1]     ; 8.123  ; 8.123  ; 8.123  ; 8.123  ;
; SW[5]      ; HEX3[2]     ; 8.125  ;        ;        ; 8.125  ;
; SW[5]      ; HEX3[3]     ; 7.523  ; 7.523  ; 7.523  ; 7.523  ;
; SW[5]      ; HEX3[4]     ; 7.225  ; 7.225  ; 7.225  ; 7.225  ;
; SW[5]      ; HEX3[5]     ; 7.603  ;        ;        ; 7.603  ;
; SW[5]      ; HEX3[6]     ; 7.954  ; 7.954  ; 7.954  ; 7.954  ;
; SW[5]      ; LEDG[0]     ; 13.585 ; 13.585 ; 13.585 ; 13.585 ;
; SW[5]      ; LEDR[5]     ; 5.847  ;        ;        ; 5.847  ;
; SW[6]      ; HEX0[0]     ; 9.385  ; 9.385  ; 9.385  ; 9.385  ;
; SW[6]      ; HEX0[1]     ; 9.411  ; 9.411  ; 9.411  ; 9.411  ;
; SW[6]      ; HEX0[2]     ; 9.287  ; 9.287  ; 9.287  ; 9.287  ;
; SW[6]      ; HEX0[3]     ; 9.407  ; 9.407  ; 9.407  ; 9.407  ;
; SW[6]      ; HEX0[4]     ; 9.076  ; 9.076  ; 9.076  ; 9.076  ;
; SW[6]      ; HEX0[5]     ; 9.074  ; 9.074  ; 9.074  ; 9.074  ;
; SW[6]      ; HEX0[6]     ; 9.078  ; 9.078  ; 9.078  ; 9.078  ;
; SW[6]      ; HEX1[0]     ; 8.791  ; 8.791  ; 8.791  ; 8.791  ;
; SW[6]      ; HEX1[3]     ; 9.102  ; 9.102  ; 9.102  ; 9.102  ;
; SW[6]      ; HEX1[4]     ; 9.112  ; 9.112  ; 9.112  ; 9.112  ;
; SW[6]      ; HEX1[5]     ; 9.145  ; 9.145  ; 9.145  ; 9.145  ;
; SW[6]      ; HEX3[0]     ; 7.397  ; 7.397  ; 7.397  ; 7.397  ;
; SW[6]      ; HEX3[1]     ; 7.923  ;        ;        ; 7.923  ;
; SW[6]      ; HEX3[2]     ;        ; 7.881  ; 7.881  ;        ;
; SW[6]      ; HEX3[3]     ; 7.352  ; 7.352  ; 7.352  ; 7.352  ;
; SW[6]      ; HEX3[4]     ; 7.022  ;        ;        ; 7.022  ;
; SW[6]      ; HEX3[5]     ;        ; 7.406  ; 7.406  ;        ;
; SW[6]      ; HEX3[6]     ; 7.753  ; 7.753  ; 7.753  ; 7.753  ;
; SW[6]      ; LEDG[0]     ; 13.573 ; 13.573 ; 13.573 ; 13.573 ;
; SW[6]      ; LEDR[6]     ; 5.136  ;        ;        ; 5.136  ;
; SW[7]      ; HEX0[0]     ; 8.100  ; 8.100  ; 8.100  ; 8.100  ;
; SW[7]      ; HEX0[1]     ; 8.126  ; 8.126  ; 8.126  ; 8.126  ;
; SW[7]      ; HEX0[2]     ; 8.002  ; 8.002  ; 8.002  ; 8.002  ;
; SW[7]      ; HEX0[3]     ; 8.122  ; 8.122  ; 8.122  ; 8.122  ;
; SW[7]      ; HEX0[4]     ; 7.791  ; 7.791  ; 7.791  ; 7.791  ;
; SW[7]      ; HEX0[5]     ; 7.789  ; 7.789  ; 7.789  ; 7.789  ;
; SW[7]      ; HEX0[6]     ; 7.793  ; 7.793  ; 7.793  ; 7.793  ;
; SW[7]      ; HEX1[0]     ; 7.506  ; 7.506  ; 7.506  ; 7.506  ;
; SW[7]      ; HEX1[3]     ; 7.817  ; 7.817  ; 7.817  ; 7.817  ;
; SW[7]      ; HEX1[4]     ; 7.827  ; 7.827  ; 7.827  ; 7.827  ;
; SW[7]      ; HEX1[5]     ; 7.860  ; 7.860  ; 7.860  ; 7.860  ;
; SW[7]      ; HEX3[0]     ;        ; 7.375  ; 7.375  ;        ;
; SW[7]      ; HEX3[1]     ;        ; 7.892  ; 7.892  ;        ;
; SW[7]      ; HEX3[2]     ;        ; 7.897  ; 7.897  ;        ;
; SW[7]      ; HEX3[3]     ;        ; 7.316  ; 7.316  ;        ;
; SW[7]      ; HEX3[4]     ; 6.999  ;        ;        ; 6.999  ;
; SW[7]      ; HEX3[5]     ;        ; 7.380  ; 7.380  ;        ;
; SW[7]      ; HEX3[6]     ;        ; 7.721  ; 7.721  ;        ;
; SW[7]      ; LEDG[0]     ; 12.288 ; 12.288 ; 12.288 ; 12.288 ;
; SW[7]      ; LEDR[7]     ; 6.701  ;        ;        ; 6.701  ;
; SW[8]      ; LEDR[8]     ; 6.338  ;        ;        ; 6.338  ;
+------------+-------------+--------+--------+--------+--------+


+--------------------------------------------------------------+
; Minimum Propagation Delay                                    ;
+------------+-------------+--------+--------+--------+--------+
; Input Port ; Output Port ; RR     ; RF     ; FR     ; FF     ;
+------------+-------------+--------+--------+--------+--------+
; SW[0]      ; HEX0[0]     ; 8.726  ; 8.726  ; 8.726  ; 8.726  ;
; SW[0]      ; HEX0[1]     ; 8.751  ; 8.751  ; 8.751  ; 8.751  ;
; SW[0]      ; HEX0[2]     ; 8.627  ; 8.627  ; 8.627  ; 8.627  ;
; SW[0]      ; HEX0[3]     ; 8.750  ; 8.750  ; 8.750  ; 8.750  ;
; SW[0]      ; HEX0[4]     ; 8.420  ; 8.420  ; 8.420  ; 8.420  ;
; SW[0]      ; HEX0[5]     ; 8.419  ; 8.419  ; 8.419  ; 8.419  ;
; SW[0]      ; HEX0[6]     ; 8.421  ; 8.421  ; 8.421  ; 8.421  ;
; SW[0]      ; HEX1[0]     ; 8.970  ; 8.970  ; 8.970  ; 8.970  ;
; SW[0]      ; HEX1[3]     ; 9.281  ; 9.281  ; 9.281  ; 9.281  ;
; SW[0]      ; HEX1[4]     ; 9.291  ; 9.291  ; 9.291  ; 9.291  ;
; SW[0]      ; HEX1[5]     ; 9.324  ; 9.324  ; 9.324  ; 9.324  ;
; SW[0]      ; HEX2[0]     ; 8.008  ; 8.008  ; 8.008  ; 8.008  ;
; SW[0]      ; HEX2[1]     ; 8.033  ; 8.033  ; 8.033  ; 8.033  ;
; SW[0]      ; HEX2[2]     ;        ; 8.004  ; 8.004  ;        ;
; SW[0]      ; HEX2[3]     ; 8.078  ; 8.078  ; 8.078  ; 8.078  ;
; SW[0]      ; HEX2[4]     ; 8.011  ;        ;        ; 8.011  ;
; SW[0]      ; HEX2[5]     ; 8.032  ;        ;        ; 8.032  ;
; SW[0]      ; HEX2[6]     ; 8.391  ;        ;        ; 8.391  ;
; SW[0]      ; LEDG[0]     ; 13.752 ; 13.752 ; 13.752 ; 13.752 ;
; SW[0]      ; LEDR[0]     ; 4.635  ;        ;        ; 4.635  ;
; SW[1]      ; HEX0[0]     ; 8.908  ; 8.908  ; 8.908  ; 8.908  ;
; SW[1]      ; HEX0[1]     ; 8.933  ; 8.933  ; 8.933  ; 8.933  ;
; SW[1]      ; HEX0[2]     ; 8.810  ; 8.810  ; 8.810  ; 8.810  ;
; SW[1]      ; HEX0[3]     ; 8.931  ; 8.931  ; 8.931  ; 8.931  ;
; SW[1]      ; HEX0[4]     ; 8.597  ; 8.597  ; 8.597  ; 8.597  ;
; SW[1]      ; HEX0[5]     ; 8.601  ; 8.601  ; 8.601  ; 8.601  ;
; SW[1]      ; HEX0[6]     ; 8.602  ; 8.602  ; 8.602  ; 8.602  ;
; SW[1]      ; HEX1[0]     ; 8.622  ; 8.622  ; 8.622  ; 8.622  ;
; SW[1]      ; HEX1[3]     ; 8.933  ; 8.933  ; 8.933  ; 8.933  ;
; SW[1]      ; HEX1[4]     ; 8.943  ; 8.943  ; 8.943  ; 8.943  ;
; SW[1]      ; HEX1[5]     ; 8.976  ; 8.976  ; 8.976  ; 8.976  ;
; SW[1]      ; HEX2[0]     ;        ; 8.233  ; 8.233  ;        ;
; SW[1]      ; HEX2[1]     ; 8.251  ; 8.251  ; 8.251  ; 8.251  ;
; SW[1]      ; HEX2[2]     ; 8.270  ;        ;        ; 8.270  ;
; SW[1]      ; HEX2[3]     ; 8.265  ; 8.265  ; 8.265  ; 8.265  ;
; SW[1]      ; HEX2[4]     ; 8.273  ; 8.273  ; 8.273  ; 8.273  ;
; SW[1]      ; HEX2[5]     ; 8.254  ;        ;        ; 8.254  ;
; SW[1]      ; HEX2[6]     ; 8.609  ; 8.609  ; 8.609  ; 8.609  ;
; SW[1]      ; LEDG[0]     ; 13.404 ; 13.404 ; 13.404 ; 13.404 ;
; SW[1]      ; LEDR[1]     ; 4.980  ;        ;        ; 4.980  ;
; SW[2]      ; HEX0[0]     ; 8.999  ; 8.999  ; 8.999  ; 8.999  ;
; SW[2]      ; HEX0[1]     ; 9.023  ; 9.023  ; 9.023  ; 9.023  ;
; SW[2]      ; HEX0[2]     ; 8.902  ; 8.902  ; 8.902  ; 8.902  ;
; SW[2]      ; HEX0[3]     ; 9.019  ; 9.019  ; 9.019  ; 9.019  ;
; SW[2]      ; HEX0[4]     ; 8.689  ; 8.689  ; 8.689  ; 8.689  ;
; SW[2]      ; HEX0[5]     ; 8.692  ; 8.692  ; 8.692  ; 8.692  ;
; SW[2]      ; HEX0[6]     ; 8.691  ; 8.691  ; 8.691  ; 8.691  ;
; SW[2]      ; HEX1[0]     ; 8.367  ; 8.367  ; 8.367  ; 8.367  ;
; SW[2]      ; HEX1[3]     ; 8.678  ; 8.678  ; 8.678  ; 8.678  ;
; SW[2]      ; HEX1[4]     ; 8.688  ; 8.688  ; 8.688  ; 8.688  ;
; SW[2]      ; HEX1[5]     ; 8.721  ; 8.721  ; 8.721  ; 8.721  ;
; SW[2]      ; HEX2[0]     ; 7.783  ; 7.783  ; 7.783  ; 7.783  ;
; SW[2]      ; HEX2[1]     ; 7.792  ;        ;        ; 7.792  ;
; SW[2]      ; HEX2[2]     ;        ; 7.823  ; 7.823  ;        ;
; SW[2]      ; HEX2[3]     ; 7.838  ; 7.838  ; 7.838  ; 7.838  ;
; SW[2]      ; HEX2[4]     ; 7.815  ;        ;        ; 7.815  ;
; SW[2]      ; HEX2[5]     ;        ; 7.799  ; 7.799  ;        ;
; SW[2]      ; HEX2[6]     ; 8.150  ; 8.150  ; 8.150  ; 8.150  ;
; SW[2]      ; LEDG[0]     ; 13.149 ; 13.149 ; 13.149 ; 13.149 ;
; SW[2]      ; LEDR[2]     ; 5.389  ;        ;        ; 5.389  ;
; SW[3]      ; HEX0[0]     ; 8.603  ; 8.603  ; 8.603  ; 8.603  ;
; SW[3]      ; HEX0[1]     ; 8.629  ; 8.629  ; 8.629  ; 8.629  ;
; SW[3]      ; HEX0[2]     ; 8.505  ; 8.505  ; 8.505  ; 8.505  ;
; SW[3]      ; HEX0[3]     ; 8.625  ; 8.625  ; 8.625  ; 8.625  ;
; SW[3]      ; HEX0[4]     ; 8.294  ; 8.294  ; 8.294  ; 8.294  ;
; SW[3]      ; HEX0[5]     ; 8.292  ; 8.292  ; 8.292  ; 8.292  ;
; SW[3]      ; HEX0[6]     ; 8.296  ; 8.296  ; 8.296  ; 8.296  ;
; SW[3]      ; HEX1[0]     ; 8.009  ; 8.009  ; 8.009  ; 8.009  ;
; SW[3]      ; HEX1[3]     ; 8.320  ; 8.320  ; 8.320  ; 8.320  ;
; SW[3]      ; HEX1[4]     ; 8.330  ; 8.330  ; 8.330  ; 8.330  ;
; SW[3]      ; HEX1[5]     ; 8.363  ; 8.363  ; 8.363  ; 8.363  ;
; SW[3]      ; HEX2[0]     ;        ; 7.852  ; 7.852  ;        ;
; SW[3]      ; HEX2[1]     ;        ; 7.853  ; 7.853  ;        ;
; SW[3]      ; HEX2[2]     ;        ; 7.893  ; 7.893  ;        ;
; SW[3]      ; HEX2[3]     ;        ; 7.871  ; 7.871  ;        ;
; SW[3]      ; HEX2[4]     ; 7.876  ;        ;        ; 7.876  ;
; SW[3]      ; HEX2[5]     ;        ; 7.868  ; 7.868  ;        ;
; SW[3]      ; HEX2[6]     ;        ; 8.211  ; 8.211  ;        ;
; SW[3]      ; LEDG[0]     ; 12.791 ; 12.791 ; 12.791 ; 12.791 ;
; SW[3]      ; LEDR[3]     ; 5.800  ;        ;        ; 5.800  ;
; SW[4]      ; HEX0[0]     ; 8.323  ; 8.323  ; 8.323  ; 8.323  ;
; SW[4]      ; HEX0[1]     ; 8.348  ; 8.348  ; 8.348  ; 8.348  ;
; SW[4]      ; HEX0[2]     ; 8.224  ; 8.224  ; 8.224  ; 8.224  ;
; SW[4]      ; HEX0[3]     ; 8.347  ; 8.347  ; 8.347  ; 8.347  ;
; SW[4]      ; HEX0[4]     ; 8.017  ; 8.017  ; 8.017  ; 8.017  ;
; SW[4]      ; HEX0[5]     ; 8.016  ; 8.016  ; 8.016  ; 8.016  ;
; SW[4]      ; HEX0[6]     ; 8.018  ; 8.018  ; 8.018  ; 8.018  ;
; SW[4]      ; HEX1[0]     ; 8.566  ; 8.566  ; 8.566  ; 8.566  ;
; SW[4]      ; HEX1[3]     ; 8.877  ; 8.877  ; 8.877  ; 8.877  ;
; SW[4]      ; HEX1[4]     ; 8.887  ; 8.887  ; 8.887  ; 8.887  ;
; SW[4]      ; HEX1[5]     ; 8.920  ; 8.920  ; 8.920  ; 8.920  ;
; SW[4]      ; HEX3[0]     ; 7.249  ; 7.249  ; 7.249  ; 7.249  ;
; SW[4]      ; HEX3[1]     ; 7.766  ; 7.766  ; 7.766  ; 7.766  ;
; SW[4]      ; HEX3[2]     ;        ; 7.771  ; 7.771  ;        ;
; SW[4]      ; HEX3[3]     ; 7.193  ; 7.193  ; 7.193  ; 7.193  ;
; SW[4]      ; HEX3[4]     ; 6.873  ;        ;        ; 6.873  ;
; SW[4]      ; HEX3[5]     ; 7.254  ;        ;        ; 7.254  ;
; SW[4]      ; HEX3[6]     ; 7.595  ;        ;        ; 7.595  ;
; SW[4]      ; LEDG[0]     ; 13.348 ; 13.348 ; 13.348 ; 13.348 ;
; SW[4]      ; LEDR[4]     ; 5.305  ;        ;        ; 5.305  ;
; SW[5]      ; HEX0[0]     ; 8.445  ; 8.445  ; 8.445  ; 8.445  ;
; SW[5]      ; HEX0[1]     ; 8.470  ; 8.470  ; 8.470  ; 8.470  ;
; SW[5]      ; HEX0[2]     ; 8.347  ; 8.347  ; 8.347  ; 8.347  ;
; SW[5]      ; HEX0[3]     ; 8.468  ; 8.468  ; 8.468  ; 8.468  ;
; SW[5]      ; HEX0[4]     ; 8.134  ; 8.134  ; 8.134  ; 8.134  ;
; SW[5]      ; HEX0[5]     ; 8.138  ; 8.138  ; 8.138  ; 8.138  ;
; SW[5]      ; HEX0[6]     ; 8.139  ; 8.139  ; 8.139  ; 8.139  ;
; SW[5]      ; HEX1[0]     ; 8.159  ; 8.159  ; 8.159  ; 8.159  ;
; SW[5]      ; HEX1[3]     ; 8.470  ; 8.470  ; 8.470  ; 8.470  ;
; SW[5]      ; HEX1[4]     ; 8.480  ; 8.480  ; 8.480  ; 8.480  ;
; SW[5]      ; HEX1[5]     ; 8.513  ; 8.513  ; 8.513  ; 8.513  ;
; SW[5]      ; HEX3[0]     ;        ; 7.600  ; 7.600  ;        ;
; SW[5]      ; HEX3[1]     ; 8.123  ; 8.123  ; 8.123  ; 8.123  ;
; SW[5]      ; HEX3[2]     ; 8.125  ;        ;        ; 8.125  ;
; SW[5]      ; HEX3[3]     ; 7.523  ; 7.523  ; 7.523  ; 7.523  ;
; SW[5]      ; HEX3[4]     ; 7.225  ; 7.225  ; 7.225  ; 7.225  ;
; SW[5]      ; HEX3[5]     ; 7.603  ;        ;        ; 7.603  ;
; SW[5]      ; HEX3[6]     ; 7.954  ; 7.954  ; 7.954  ; 7.954  ;
; SW[5]      ; LEDG[0]     ; 12.941 ; 12.941 ; 12.941 ; 12.941 ;
; SW[5]      ; LEDR[5]     ; 5.847  ;        ;        ; 5.847  ;
; SW[6]      ; HEX0[0]     ; 8.723  ; 8.723  ; 8.723  ; 8.723  ;
; SW[6]      ; HEX0[1]     ; 8.747  ; 8.747  ; 8.747  ; 8.747  ;
; SW[6]      ; HEX0[2]     ; 8.626  ; 8.626  ; 8.626  ; 8.626  ;
; SW[6]      ; HEX0[3]     ; 8.743  ; 8.743  ; 8.743  ; 8.743  ;
; SW[6]      ; HEX0[4]     ; 8.413  ; 8.413  ; 8.413  ; 8.413  ;
; SW[6]      ; HEX0[5]     ; 8.416  ; 8.416  ; 8.416  ; 8.416  ;
; SW[6]      ; HEX0[6]     ; 8.415  ; 8.415  ; 8.415  ; 8.415  ;
; SW[6]      ; HEX1[0]     ; 8.091  ; 8.091  ; 8.091  ; 8.091  ;
; SW[6]      ; HEX1[3]     ; 8.402  ; 8.402  ; 8.402  ; 8.402  ;
; SW[6]      ; HEX1[4]     ; 8.412  ; 8.412  ; 8.412  ; 8.412  ;
; SW[6]      ; HEX1[5]     ; 8.445  ; 8.445  ; 8.445  ; 8.445  ;
; SW[6]      ; HEX3[0]     ; 7.397  ; 7.397  ; 7.397  ; 7.397  ;
; SW[6]      ; HEX3[1]     ; 7.923  ;        ;        ; 7.923  ;
; SW[6]      ; HEX3[2]     ;        ; 7.881  ; 7.881  ;        ;
; SW[6]      ; HEX3[3]     ; 7.352  ; 7.352  ; 7.352  ; 7.352  ;
; SW[6]      ; HEX3[4]     ; 7.022  ;        ;        ; 7.022  ;
; SW[6]      ; HEX3[5]     ;        ; 7.406  ; 7.406  ;        ;
; SW[6]      ; HEX3[6]     ; 7.753  ; 7.753  ; 7.753  ; 7.753  ;
; SW[6]      ; LEDG[0]     ; 12.873 ; 12.873 ; 12.873 ; 12.873 ;
; SW[6]      ; LEDR[6]     ; 5.136  ;        ;        ; 5.136  ;
; SW[7]      ; HEX0[0]     ; 8.100  ; 8.100  ; 8.100  ; 8.100  ;
; SW[7]      ; HEX0[1]     ; 8.126  ; 8.126  ; 8.126  ; 8.126  ;
; SW[7]      ; HEX0[2]     ; 8.002  ; 8.002  ; 8.002  ; 8.002  ;
; SW[7]      ; HEX0[3]     ; 8.122  ; 8.122  ; 8.122  ; 8.122  ;
; SW[7]      ; HEX0[4]     ; 7.791  ; 7.791  ; 7.791  ; 7.791  ;
; SW[7]      ; HEX0[5]     ; 7.789  ; 7.789  ; 7.789  ; 7.789  ;
; SW[7]      ; HEX0[6]     ; 7.793  ; 7.793  ; 7.793  ; 7.793  ;
; SW[7]      ; HEX1[0]     ; 7.506  ; 7.506  ; 7.506  ; 7.506  ;
; SW[7]      ; HEX1[3]     ; 7.817  ; 7.817  ; 7.817  ; 7.817  ;
; SW[7]      ; HEX1[4]     ; 7.827  ; 7.827  ; 7.827  ; 7.827  ;
; SW[7]      ; HEX1[5]     ; 7.860  ; 7.860  ; 7.860  ; 7.860  ;
; SW[7]      ; HEX3[0]     ;        ; 7.375  ; 7.375  ;        ;
; SW[7]      ; HEX3[1]     ;        ; 7.892  ; 7.892  ;        ;
; SW[7]      ; HEX3[2]     ;        ; 7.897  ; 7.897  ;        ;
; SW[7]      ; HEX3[3]     ;        ; 7.316  ; 7.316  ;        ;
; SW[7]      ; HEX3[4]     ; 6.999  ;        ;        ; 6.999  ;
; SW[7]      ; HEX3[5]     ;        ; 7.380  ; 7.380  ;        ;
; SW[7]      ; HEX3[6]     ;        ; 7.721  ; 7.721  ;        ;
; SW[7]      ; LEDG[0]     ; 12.288 ; 12.288 ; 12.288 ; 12.288 ;
; SW[7]      ; LEDR[7]     ; 6.701  ;        ;        ; 6.701  ;
; SW[8]      ; LEDR[8]     ; 6.338  ;        ;        ; 6.338  ;
+------------+-------------+--------+--------+--------+--------+


----------------------------
; Fast Model Setup Summary ;
----------------------------
No paths to report.


---------------------------
; Fast Model Hold Summary ;
---------------------------
No paths to report.


-------------------------------
; Fast Model Recovery Summary ;
-------------------------------
No paths to report.


------------------------------
; Fast Model Removal Summary ;
------------------------------
No paths to report.


------------------------------------------
; Fast Model Minimum Pulse Width Summary ;
------------------------------------------
No paths to report.


+----------------------------------------------------------+
; Propagation Delay                                        ;
+------------+-------------+-------+-------+-------+-------+
; Input Port ; Output Port ; RR    ; RF    ; FR    ; FF    ;
+------------+-------------+-------+-------+-------+-------+
; SW[0]      ; HEX0[0]     ; 4.359 ; 4.359 ; 4.359 ; 4.359 ;
; SW[0]      ; HEX0[1]     ; 4.386 ; 4.386 ; 4.386 ; 4.386 ;
; SW[0]      ; HEX0[2]     ; 4.336 ; 4.336 ; 4.336 ; 4.336 ;
; SW[0]      ; HEX0[3]     ; 4.380 ; 4.380 ; 4.380 ; 4.380 ;
; SW[0]      ; HEX0[4]     ; 4.263 ; 4.263 ; 4.263 ; 4.263 ;
; SW[0]      ; HEX0[5]     ; 4.264 ; 4.264 ; 4.264 ; 4.264 ;
; SW[0]      ; HEX0[6]     ; 4.265 ; 4.265 ; 4.265 ; 4.265 ;
; SW[0]      ; HEX1[0]     ; 4.174 ; 4.174 ; 4.174 ; 4.174 ;
; SW[0]      ; HEX1[3]     ; 4.273 ; 4.273 ; 4.273 ; 4.273 ;
; SW[0]      ; HEX1[4]     ; 4.283 ; 4.283 ; 4.283 ; 4.283 ;
; SW[0]      ; HEX1[5]     ; 4.315 ; 4.315 ; 4.315 ; 4.315 ;
; SW[0]      ; HEX2[0]     ; 3.674 ; 3.674 ; 3.674 ; 3.674 ;
; SW[0]      ; HEX2[1]     ; 3.694 ; 3.694 ; 3.694 ; 3.694 ;
; SW[0]      ; HEX2[2]     ;       ; 3.713 ; 3.713 ;       ;
; SW[0]      ; HEX2[3]     ; 3.737 ; 3.737 ; 3.737 ; 3.737 ;
; SW[0]      ; HEX2[4]     ; 3.717 ;       ;       ; 3.717 ;
; SW[0]      ; HEX2[5]     ; 3.695 ;       ;       ; 3.695 ;
; SW[0]      ; HEX2[6]     ; 3.848 ;       ;       ; 3.848 ;
; SW[0]      ; LEDG[0]     ; 6.014 ; 6.014 ; 6.014 ; 6.014 ;
; SW[0]      ; LEDR[0]     ; 2.289 ;       ;       ; 2.289 ;
; SW[1]      ; HEX0[0]     ; 4.315 ; 4.315 ; 4.315 ; 4.315 ;
; SW[1]      ; HEX0[1]     ; 4.342 ; 4.342 ; 4.342 ; 4.342 ;
; SW[1]      ; HEX0[2]     ; 4.292 ; 4.292 ; 4.292 ; 4.292 ;
; SW[1]      ; HEX0[3]     ; 4.336 ; 4.336 ; 4.336 ; 4.336 ;
; SW[1]      ; HEX0[4]     ; 4.219 ; 4.219 ; 4.219 ; 4.219 ;
; SW[1]      ; HEX0[5]     ; 4.220 ; 4.220 ; 4.220 ; 4.220 ;
; SW[1]      ; HEX0[6]     ; 4.221 ; 4.221 ; 4.221 ; 4.221 ;
; SW[1]      ; HEX1[0]     ; 4.130 ; 4.130 ; 4.130 ; 4.130 ;
; SW[1]      ; HEX1[3]     ; 4.229 ; 4.229 ; 4.229 ; 4.229 ;
; SW[1]      ; HEX1[4]     ; 4.239 ; 4.239 ; 4.239 ; 4.239 ;
; SW[1]      ; HEX1[5]     ; 4.271 ; 4.271 ; 4.271 ; 4.271 ;
; SW[1]      ; HEX2[0]     ;       ; 3.732 ; 3.732 ;       ;
; SW[1]      ; HEX2[1]     ; 3.751 ; 3.751 ; 3.751 ; 3.751 ;
; SW[1]      ; HEX2[2]     ; 3.774 ;       ;       ; 3.774 ;
; SW[1]      ; HEX2[3]     ; 3.795 ; 3.795 ; 3.795 ; 3.795 ;
; SW[1]      ; HEX2[4]     ; 3.774 ; 3.774 ; 3.774 ; 3.774 ;
; SW[1]      ; HEX2[5]     ; 3.754 ;       ;       ; 3.754 ;
; SW[1]      ; HEX2[6]     ; 3.905 ; 3.905 ; 3.905 ; 3.905 ;
; SW[1]      ; LEDG[0]     ; 5.970 ; 5.970 ; 5.970 ; 5.970 ;
; SW[1]      ; LEDR[1]     ; 2.426 ;       ;       ; 2.426 ;
; SW[2]      ; HEX0[0]     ; 4.264 ; 4.264 ; 4.264 ; 4.264 ;
; SW[2]      ; HEX0[1]     ; 4.291 ; 4.291 ; 4.291 ; 4.291 ;
; SW[2]      ; HEX0[2]     ; 4.241 ; 4.241 ; 4.241 ; 4.241 ;
; SW[2]      ; HEX0[3]     ; 4.285 ; 4.285 ; 4.285 ; 4.285 ;
; SW[2]      ; HEX0[4]     ; 4.168 ; 4.168 ; 4.168 ; 4.168 ;
; SW[2]      ; HEX0[5]     ; 4.169 ; 4.169 ; 4.169 ; 4.169 ;
; SW[2]      ; HEX0[6]     ; 4.170 ; 4.170 ; 4.170 ; 4.170 ;
; SW[2]      ; HEX1[0]     ; 4.079 ; 4.079 ; 4.079 ; 4.079 ;
; SW[2]      ; HEX1[3]     ; 4.178 ; 4.178 ; 4.178 ; 4.178 ;
; SW[2]      ; HEX1[4]     ; 4.188 ; 4.188 ; 4.188 ; 4.188 ;
; SW[2]      ; HEX1[5]     ; 4.220 ; 4.220 ; 4.220 ; 4.220 ;
; SW[2]      ; HEX2[0]     ; 3.611 ; 3.611 ; 3.611 ; 3.611 ;
; SW[2]      ; HEX2[1]     ; 3.640 ;       ;       ; 3.640 ;
; SW[2]      ; HEX2[2]     ;       ; 3.655 ; 3.655 ;       ;
; SW[2]      ; HEX2[3]     ; 3.665 ; 3.665 ; 3.665 ; 3.665 ;
; SW[2]      ; HEX2[4]     ; 3.643 ;       ;       ; 3.643 ;
; SW[2]      ; HEX2[5]     ;       ; 3.629 ; 3.629 ;       ;
; SW[2]      ; HEX2[6]     ; 3.775 ; 3.775 ; 3.775 ; 3.775 ;
; SW[2]      ; LEDG[0]     ; 5.919 ; 5.919 ; 5.919 ; 5.919 ;
; SW[2]      ; LEDR[2]     ; 2.613 ;       ;       ; 2.613 ;
; SW[3]      ; HEX0[0]     ; 3.882 ; 3.882 ; 3.882 ; 3.882 ;
; SW[3]      ; HEX0[1]     ; 3.909 ; 3.909 ; 3.909 ; 3.909 ;
; SW[3]      ; HEX0[2]     ; 3.859 ; 3.859 ; 3.859 ; 3.859 ;
; SW[3]      ; HEX0[3]     ; 3.903 ; 3.903 ; 3.903 ; 3.903 ;
; SW[3]      ; HEX0[4]     ; 3.786 ; 3.786 ; 3.786 ; 3.786 ;
; SW[3]      ; HEX0[5]     ; 3.787 ; 3.787 ; 3.787 ; 3.787 ;
; SW[3]      ; HEX0[6]     ; 3.788 ; 3.788 ; 3.788 ; 3.788 ;
; SW[3]      ; HEX1[0]     ; 3.697 ; 3.697 ; 3.697 ; 3.697 ;
; SW[3]      ; HEX1[3]     ; 3.796 ; 3.796 ; 3.796 ; 3.796 ;
; SW[3]      ; HEX1[4]     ; 3.806 ; 3.806 ; 3.806 ; 3.806 ;
; SW[3]      ; HEX1[5]     ; 3.838 ; 3.838 ; 3.838 ; 3.838 ;
; SW[3]      ; HEX2[0]     ;       ; 3.605 ; 3.605 ;       ;
; SW[3]      ; HEX2[1]     ;       ; 3.605 ; 3.605 ;       ;
; SW[3]      ; HEX2[2]     ;       ; 3.649 ; 3.649 ;       ;
; SW[3]      ; HEX2[3]     ;       ; 3.652 ; 3.652 ;       ;
; SW[3]      ; HEX2[4]     ; 3.629 ;       ;       ; 3.629 ;
; SW[3]      ; HEX2[5]     ;       ; 3.623 ; 3.623 ;       ;
; SW[3]      ; HEX2[6]     ;       ; 3.758 ; 3.758 ;       ;
; SW[3]      ; LEDG[0]     ; 5.537 ; 5.537 ; 5.537 ; 5.537 ;
; SW[3]      ; LEDR[3]     ; 2.854 ;       ;       ; 2.854 ;
; SW[4]      ; HEX0[0]     ; 4.188 ; 4.188 ; 4.188 ; 4.188 ;
; SW[4]      ; HEX0[1]     ; 4.215 ; 4.215 ; 4.215 ; 4.215 ;
; SW[4]      ; HEX0[2]     ; 4.165 ; 4.165 ; 4.165 ; 4.165 ;
; SW[4]      ; HEX0[3]     ; 4.209 ; 4.209 ; 4.209 ; 4.209 ;
; SW[4]      ; HEX0[4]     ; 4.092 ; 4.092 ; 4.092 ; 4.092 ;
; SW[4]      ; HEX0[5]     ; 4.093 ; 4.093 ; 4.093 ; 4.093 ;
; SW[4]      ; HEX0[6]     ; 4.094 ; 4.094 ; 4.094 ; 4.094 ;
; SW[4]      ; HEX1[0]     ; 4.003 ; 4.003 ; 4.003 ; 4.003 ;
; SW[4]      ; HEX1[3]     ; 4.102 ; 4.102 ; 4.102 ; 4.102 ;
; SW[4]      ; HEX1[4]     ; 4.112 ; 4.112 ; 4.112 ; 4.112 ;
; SW[4]      ; HEX1[5]     ; 4.144 ; 4.144 ; 4.144 ; 4.144 ;
; SW[4]      ; HEX3[0]     ; 3.412 ; 3.412 ; 3.412 ; 3.412 ;
; SW[4]      ; HEX3[1]     ; 3.676 ; 3.676 ; 3.676 ; 3.676 ;
; SW[4]      ; HEX3[2]     ;       ; 3.683 ; 3.683 ;       ;
; SW[4]      ; HEX3[3]     ; 3.371 ; 3.371 ; 3.371 ; 3.371 ;
; SW[4]      ; HEX3[4]     ; 3.251 ;       ;       ; 3.251 ;
; SW[4]      ; HEX3[5]     ; 3.418 ;       ;       ; 3.418 ;
; SW[4]      ; HEX3[6]     ; 3.552 ;       ;       ; 3.552 ;
; SW[4]      ; LEDG[0]     ; 5.843 ; 5.843 ; 5.843 ; 5.843 ;
; SW[4]      ; LEDR[4]     ; 2.626 ;       ;       ; 2.626 ;
; SW[5]      ; HEX0[0]     ; 4.126 ; 4.126 ; 4.126 ; 4.126 ;
; SW[5]      ; HEX0[1]     ; 4.153 ; 4.153 ; 4.153 ; 4.153 ;
; SW[5]      ; HEX0[2]     ; 4.103 ; 4.103 ; 4.103 ; 4.103 ;
; SW[5]      ; HEX0[3]     ; 4.147 ; 4.147 ; 4.147 ; 4.147 ;
; SW[5]      ; HEX0[4]     ; 4.030 ; 4.030 ; 4.030 ; 4.030 ;
; SW[5]      ; HEX0[5]     ; 4.031 ; 4.031 ; 4.031 ; 4.031 ;
; SW[5]      ; HEX0[6]     ; 4.032 ; 4.032 ; 4.032 ; 4.032 ;
; SW[5]      ; HEX1[0]     ; 3.941 ; 3.941 ; 3.941 ; 3.941 ;
; SW[5]      ; HEX1[3]     ; 4.040 ; 4.040 ; 4.040 ; 4.040 ;
; SW[5]      ; HEX1[4]     ; 4.050 ; 4.050 ; 4.050 ; 4.050 ;
; SW[5]      ; HEX1[5]     ; 4.082 ; 4.082 ; 4.082 ; 4.082 ;
; SW[5]      ; HEX3[0]     ;       ; 3.504 ; 3.504 ;       ;
; SW[5]      ; HEX3[1]     ; 3.778 ; 3.778 ; 3.778 ; 3.778 ;
; SW[5]      ; HEX3[2]     ; 3.779 ;       ;       ; 3.779 ;
; SW[5]      ; HEX3[3]     ; 3.476 ; 3.476 ; 3.476 ; 3.476 ;
; SW[5]      ; HEX3[4]     ; 3.348 ; 3.348 ; 3.348 ; 3.348 ;
; SW[5]      ; HEX3[5]     ; 3.510 ;       ;       ; 3.510 ;
; SW[5]      ; HEX3[6]     ; 3.655 ; 3.655 ; 3.655 ; 3.655 ;
; SW[5]      ; LEDG[0]     ; 5.781 ; 5.781 ; 5.781 ; 5.781 ;
; SW[5]      ; LEDR[5]     ; 2.803 ;       ;       ; 2.803 ;
; SW[6]      ; HEX0[0]     ; 4.124 ; 4.124 ; 4.124 ; 4.124 ;
; SW[6]      ; HEX0[1]     ; 4.151 ; 4.151 ; 4.151 ; 4.151 ;
; SW[6]      ; HEX0[2]     ; 4.101 ; 4.101 ; 4.101 ; 4.101 ;
; SW[6]      ; HEX0[3]     ; 4.145 ; 4.145 ; 4.145 ; 4.145 ;
; SW[6]      ; HEX0[4]     ; 4.028 ; 4.028 ; 4.028 ; 4.028 ;
; SW[6]      ; HEX0[5]     ; 4.029 ; 4.029 ; 4.029 ; 4.029 ;
; SW[6]      ; HEX0[6]     ; 4.030 ; 4.030 ; 4.030 ; 4.030 ;
; SW[6]      ; HEX1[0]     ; 3.939 ; 3.939 ; 3.939 ; 3.939 ;
; SW[6]      ; HEX1[3]     ; 4.038 ; 4.038 ; 4.038 ; 4.038 ;
; SW[6]      ; HEX1[4]     ; 4.048 ; 4.048 ; 4.048 ; 4.048 ;
; SW[6]      ; HEX1[5]     ; 4.080 ; 4.080 ; 4.080 ; 4.080 ;
; SW[6]      ; HEX3[0]     ; 3.445 ; 3.445 ; 3.445 ; 3.445 ;
; SW[6]      ; HEX3[1]     ; 3.716 ;       ;       ; 3.716 ;
; SW[6]      ; HEX3[2]     ;       ; 3.718 ; 3.718 ;       ;
; SW[6]      ; HEX3[3]     ; 3.414 ; 3.414 ; 3.414 ; 3.414 ;
; SW[6]      ; HEX3[4]     ; 3.287 ;       ;       ; 3.287 ;
; SW[6]      ; HEX3[5]     ;       ; 3.451 ; 3.451 ;       ;
; SW[6]      ; HEX3[6]     ; 3.594 ; 3.594 ; 3.594 ; 3.594 ;
; SW[6]      ; LEDG[0]     ; 5.779 ; 5.779 ; 5.779 ; 5.779 ;
; SW[6]      ; LEDR[6]     ; 2.511 ;       ;       ; 2.511 ;
; SW[7]      ; HEX0[0]     ; 3.617 ; 3.617 ; 3.617 ; 3.617 ;
; SW[7]      ; HEX0[1]     ; 3.644 ; 3.644 ; 3.644 ; 3.644 ;
; SW[7]      ; HEX0[2]     ; 3.594 ; 3.594 ; 3.594 ; 3.594 ;
; SW[7]      ; HEX0[3]     ; 3.638 ; 3.638 ; 3.638 ; 3.638 ;
; SW[7]      ; HEX0[4]     ; 3.521 ; 3.521 ; 3.521 ; 3.521 ;
; SW[7]      ; HEX0[5]     ; 3.522 ; 3.522 ; 3.522 ; 3.522 ;
; SW[7]      ; HEX0[6]     ; 3.523 ; 3.523 ; 3.523 ; 3.523 ;
; SW[7]      ; HEX1[0]     ; 3.432 ; 3.432 ; 3.432 ; 3.432 ;
; SW[7]      ; HEX1[3]     ; 3.531 ; 3.531 ; 3.531 ; 3.531 ;
; SW[7]      ; HEX1[4]     ; 3.541 ; 3.541 ; 3.541 ; 3.541 ;
; SW[7]      ; HEX1[5]     ; 3.573 ; 3.573 ; 3.573 ; 3.573 ;
; SW[7]      ; HEX3[0]     ;       ; 3.376 ; 3.376 ;       ;
; SW[7]      ; HEX3[1]     ;       ; 3.641 ; 3.641 ;       ;
; SW[7]      ; HEX3[2]     ;       ; 3.647 ; 3.647 ;       ;
; SW[7]      ; HEX3[3]     ;       ; 3.337 ; 3.337 ;       ;
; SW[7]      ; HEX3[4]     ; 3.214 ;       ;       ; 3.214 ;
; SW[7]      ; HEX3[5]     ;       ; 3.382 ; 3.382 ;       ;
; SW[7]      ; HEX3[6]     ;       ; 3.517 ; 3.517 ;       ;
; SW[7]      ; LEDG[0]     ; 5.272 ; 5.272 ; 5.272 ; 5.272 ;
; SW[7]      ; LEDR[7]     ; 3.252 ;       ;       ; 3.252 ;
; SW[8]      ; LEDR[8]     ; 3.013 ;       ;       ; 3.013 ;
+------------+-------------+-------+-------+-------+-------+


+----------------------------------------------------------+
; Minimum Propagation Delay                                ;
+------------+-------------+-------+-------+-------+-------+
; Input Port ; Output Port ; RR    ; RF    ; FR    ; FF    ;
+------------+-------------+-------+-------+-------+-------+
; SW[0]      ; HEX0[0]     ; 3.940 ; 3.940 ; 3.940 ; 3.940 ;
; SW[0]      ; HEX0[1]     ; 3.967 ; 3.967 ; 3.967 ; 3.967 ;
; SW[0]      ; HEX0[2]     ; 3.907 ; 3.907 ; 3.907 ; 3.907 ;
; SW[0]      ; HEX0[3]     ; 3.963 ; 3.963 ; 3.963 ; 3.963 ;
; SW[0]      ; HEX0[4]     ; 3.847 ; 3.847 ; 3.847 ; 3.847 ;
; SW[0]      ; HEX0[5]     ; 3.846 ; 3.846 ; 3.846 ; 3.846 ;
; SW[0]      ; HEX0[6]     ; 3.848 ; 3.848 ; 3.848 ; 3.848 ;
; SW[0]      ; HEX1[0]     ; 4.037 ; 4.037 ; 4.037 ; 4.037 ;
; SW[0]      ; HEX1[3]     ; 4.136 ; 4.136 ; 4.136 ; 4.136 ;
; SW[0]      ; HEX1[4]     ; 4.146 ; 4.146 ; 4.146 ; 4.146 ;
; SW[0]      ; HEX1[5]     ; 4.178 ; 4.178 ; 4.178 ; 4.178 ;
; SW[0]      ; HEX2[0]     ; 3.674 ; 3.674 ; 3.674 ; 3.674 ;
; SW[0]      ; HEX2[1]     ; 3.694 ; 3.694 ; 3.694 ; 3.694 ;
; SW[0]      ; HEX2[2]     ;       ; 3.713 ; 3.713 ;       ;
; SW[0]      ; HEX2[3]     ; 3.737 ; 3.737 ; 3.737 ; 3.737 ;
; SW[0]      ; HEX2[4]     ; 3.717 ;       ;       ; 3.717 ;
; SW[0]      ; HEX2[5]     ; 3.695 ;       ;       ; 3.695 ;
; SW[0]      ; HEX2[6]     ; 3.848 ;       ;       ; 3.848 ;
; SW[0]      ; LEDG[0]     ; 5.877 ; 5.877 ; 5.877 ; 5.877 ;
; SW[0]      ; LEDR[0]     ; 2.289 ;       ;       ; 2.289 ;
; SW[1]      ; HEX0[0]     ; 3.989 ; 3.989 ; 3.989 ; 3.989 ;
; SW[1]      ; HEX0[1]     ; 4.015 ; 4.015 ; 4.015 ; 4.015 ;
; SW[1]      ; HEX0[2]     ; 3.959 ; 3.959 ; 3.959 ; 3.959 ;
; SW[1]      ; HEX0[3]     ; 4.010 ; 4.010 ; 4.010 ; 4.010 ;
; SW[1]      ; HEX0[4]     ; 3.893 ; 3.893 ; 3.893 ; 3.893 ;
; SW[1]      ; HEX0[5]     ; 3.894 ; 3.894 ; 3.894 ; 3.894 ;
; SW[1]      ; HEX0[6]     ; 3.895 ; 3.895 ; 3.895 ; 3.895 ;
; SW[1]      ; HEX1[0]     ; 3.905 ; 3.905 ; 3.905 ; 3.905 ;
; SW[1]      ; HEX1[3]     ; 4.004 ; 4.004 ; 4.004 ; 4.004 ;
; SW[1]      ; HEX1[4]     ; 4.014 ; 4.014 ; 4.014 ; 4.014 ;
; SW[1]      ; HEX1[5]     ; 4.046 ; 4.046 ; 4.046 ; 4.046 ;
; SW[1]      ; HEX2[0]     ;       ; 3.732 ; 3.732 ;       ;
; SW[1]      ; HEX2[1]     ; 3.751 ; 3.751 ; 3.751 ; 3.751 ;
; SW[1]      ; HEX2[2]     ; 3.774 ;       ;       ; 3.774 ;
; SW[1]      ; HEX2[3]     ; 3.795 ; 3.795 ; 3.795 ; 3.795 ;
; SW[1]      ; HEX2[4]     ; 3.774 ; 3.774 ; 3.774 ; 3.774 ;
; SW[1]      ; HEX2[5]     ; 3.754 ;       ;       ; 3.754 ;
; SW[1]      ; HEX2[6]     ; 3.905 ; 3.905 ; 3.905 ; 3.905 ;
; SW[1]      ; LEDG[0]     ; 5.745 ; 5.745 ; 5.745 ; 5.745 ;
; SW[1]      ; LEDR[1]     ; 2.426 ;       ;       ; 2.426 ;
; SW[2]      ; HEX0[0]     ; 4.039 ; 4.039 ; 4.039 ; 4.039 ;
; SW[2]      ; HEX0[1]     ; 4.065 ; 4.065 ; 4.065 ; 4.065 ;
; SW[2]      ; HEX0[2]     ; 4.012 ; 4.012 ; 4.012 ; 4.012 ;
; SW[2]      ; HEX0[3]     ; 4.059 ; 4.059 ; 4.059 ; 4.059 ;
; SW[2]      ; HEX0[4]     ; 3.943 ; 3.943 ; 3.943 ; 3.943 ;
; SW[2]      ; HEX0[5]     ; 3.944 ; 3.944 ; 3.944 ; 3.944 ;
; SW[2]      ; HEX0[6]     ; 3.944 ; 3.944 ; 3.944 ; 3.944 ;
; SW[2]      ; HEX1[0]     ; 3.839 ; 3.839 ; 3.839 ; 3.839 ;
; SW[2]      ; HEX1[3]     ; 3.938 ; 3.938 ; 3.938 ; 3.938 ;
; SW[2]      ; HEX1[4]     ; 3.948 ; 3.948 ; 3.948 ; 3.948 ;
; SW[2]      ; HEX1[5]     ; 3.980 ; 3.980 ; 3.980 ; 3.980 ;
; SW[2]      ; HEX2[0]     ; 3.611 ; 3.611 ; 3.611 ; 3.611 ;
; SW[2]      ; HEX2[1]     ; 3.640 ;       ;       ; 3.640 ;
; SW[2]      ; HEX2[2]     ;       ; 3.655 ; 3.655 ;       ;
; SW[2]      ; HEX2[3]     ; 3.665 ; 3.665 ; 3.665 ; 3.665 ;
; SW[2]      ; HEX2[4]     ; 3.643 ;       ;       ; 3.643 ;
; SW[2]      ; HEX2[5]     ;       ; 3.629 ; 3.629 ;       ;
; SW[2]      ; HEX2[6]     ; 3.775 ; 3.775 ; 3.775 ; 3.775 ;
; SW[2]      ; LEDG[0]     ; 5.679 ; 5.679 ; 5.679 ; 5.679 ;
; SW[2]      ; LEDR[2]     ; 2.613 ;       ;       ; 2.613 ;
; SW[3]      ; HEX0[0]     ; 3.882 ; 3.882 ; 3.882 ; 3.882 ;
; SW[3]      ; HEX0[1]     ; 3.909 ; 3.909 ; 3.909 ; 3.909 ;
; SW[3]      ; HEX0[2]     ; 3.859 ; 3.859 ; 3.859 ; 3.859 ;
; SW[3]      ; HEX0[3]     ; 3.903 ; 3.903 ; 3.903 ; 3.903 ;
; SW[3]      ; HEX0[4]     ; 3.786 ; 3.786 ; 3.786 ; 3.786 ;
; SW[3]      ; HEX0[5]     ; 3.787 ; 3.787 ; 3.787 ; 3.787 ;
; SW[3]      ; HEX0[6]     ; 3.788 ; 3.788 ; 3.788 ; 3.788 ;
; SW[3]      ; HEX1[0]     ; 3.697 ; 3.697 ; 3.697 ; 3.697 ;
; SW[3]      ; HEX1[3]     ; 3.796 ; 3.796 ; 3.796 ; 3.796 ;
; SW[3]      ; HEX1[4]     ; 3.806 ; 3.806 ; 3.806 ; 3.806 ;
; SW[3]      ; HEX1[5]     ; 3.838 ; 3.838 ; 3.838 ; 3.838 ;
; SW[3]      ; HEX2[0]     ;       ; 3.605 ; 3.605 ;       ;
; SW[3]      ; HEX2[1]     ;       ; 3.605 ; 3.605 ;       ;
; SW[3]      ; HEX2[2]     ;       ; 3.649 ; 3.649 ;       ;
; SW[3]      ; HEX2[3]     ;       ; 3.652 ; 3.652 ;       ;
; SW[3]      ; HEX2[4]     ; 3.629 ;       ;       ; 3.629 ;
; SW[3]      ; HEX2[5]     ;       ; 3.623 ; 3.623 ;       ;
; SW[3]      ; HEX2[6]     ;       ; 3.758 ; 3.758 ;       ;
; SW[3]      ; LEDG[0]     ; 5.537 ; 5.537 ; 5.537 ; 5.537 ;
; SW[3]      ; LEDR[3]     ; 2.854 ;       ;       ; 2.854 ;
; SW[4]      ; HEX0[0]     ; 3.764 ; 3.764 ; 3.764 ; 3.764 ;
; SW[4]      ; HEX0[1]     ; 3.791 ; 3.791 ; 3.791 ; 3.791 ;
; SW[4]      ; HEX0[2]     ; 3.731 ; 3.731 ; 3.731 ; 3.731 ;
; SW[4]      ; HEX0[3]     ; 3.787 ; 3.787 ; 3.787 ; 3.787 ;
; SW[4]      ; HEX0[4]     ; 3.671 ; 3.671 ; 3.671 ; 3.671 ;
; SW[4]      ; HEX0[5]     ; 3.670 ; 3.670 ; 3.670 ; 3.670 ;
; SW[4]      ; HEX0[6]     ; 3.672 ; 3.672 ; 3.672 ; 3.672 ;
; SW[4]      ; HEX1[0]     ; 3.866 ; 3.866 ; 3.866 ; 3.866 ;
; SW[4]      ; HEX1[3]     ; 3.965 ; 3.965 ; 3.965 ; 3.965 ;
; SW[4]      ; HEX1[4]     ; 3.975 ; 3.975 ; 3.975 ; 3.975 ;
; SW[4]      ; HEX1[5]     ; 4.007 ; 4.007 ; 4.007 ; 4.007 ;
; SW[4]      ; HEX3[0]     ; 3.412 ; 3.412 ; 3.412 ; 3.412 ;
; SW[4]      ; HEX3[1]     ; 3.676 ; 3.676 ; 3.676 ; 3.676 ;
; SW[4]      ; HEX3[2]     ;       ; 3.683 ; 3.683 ;       ;
; SW[4]      ; HEX3[3]     ; 3.371 ; 3.371 ; 3.371 ; 3.371 ;
; SW[4]      ; HEX3[4]     ; 3.251 ;       ;       ; 3.251 ;
; SW[4]      ; HEX3[5]     ; 3.418 ;       ;       ; 3.418 ;
; SW[4]      ; HEX3[6]     ; 3.552 ;       ;       ; 3.552 ;
; SW[4]      ; LEDG[0]     ; 5.706 ; 5.706 ; 5.706 ; 5.706 ;
; SW[4]      ; LEDR[4]     ; 2.626 ;       ;       ; 2.626 ;
; SW[5]      ; HEX0[0]     ; 3.802 ; 3.802 ; 3.802 ; 3.802 ;
; SW[5]      ; HEX0[1]     ; 3.828 ; 3.828 ; 3.828 ; 3.828 ;
; SW[5]      ; HEX0[2]     ; 3.772 ; 3.772 ; 3.772 ; 3.772 ;
; SW[5]      ; HEX0[3]     ; 3.823 ; 3.823 ; 3.823 ; 3.823 ;
; SW[5]      ; HEX0[4]     ; 3.706 ; 3.706 ; 3.706 ; 3.706 ;
; SW[5]      ; HEX0[5]     ; 3.707 ; 3.707 ; 3.707 ; 3.707 ;
; SW[5]      ; HEX0[6]     ; 3.708 ; 3.708 ; 3.708 ; 3.708 ;
; SW[5]      ; HEX1[0]     ; 3.718 ; 3.718 ; 3.718 ; 3.718 ;
; SW[5]      ; HEX1[3]     ; 3.817 ; 3.817 ; 3.817 ; 3.817 ;
; SW[5]      ; HEX1[4]     ; 3.827 ; 3.827 ; 3.827 ; 3.827 ;
; SW[5]      ; HEX1[5]     ; 3.859 ; 3.859 ; 3.859 ; 3.859 ;
; SW[5]      ; HEX3[0]     ;       ; 3.504 ; 3.504 ;       ;
; SW[5]      ; HEX3[1]     ; 3.778 ; 3.778 ; 3.778 ; 3.778 ;
; SW[5]      ; HEX3[2]     ; 3.779 ;       ;       ; 3.779 ;
; SW[5]      ; HEX3[3]     ; 3.476 ; 3.476 ; 3.476 ; 3.476 ;
; SW[5]      ; HEX3[4]     ; 3.348 ; 3.348 ; 3.348 ; 3.348 ;
; SW[5]      ; HEX3[5]     ; 3.510 ;       ;       ; 3.510 ;
; SW[5]      ; HEX3[6]     ; 3.655 ; 3.655 ; 3.655 ; 3.655 ;
; SW[5]      ; LEDG[0]     ; 5.558 ; 5.558 ; 5.558 ; 5.558 ;
; SW[5]      ; LEDR[5]     ; 2.803 ;       ;       ; 2.803 ;
; SW[6]      ; HEX0[0]     ; 3.897 ; 3.897 ; 3.897 ; 3.897 ;
; SW[6]      ; HEX0[1]     ; 3.923 ; 3.923 ; 3.923 ; 3.923 ;
; SW[6]      ; HEX0[2]     ; 3.870 ; 3.870 ; 3.870 ; 3.870 ;
; SW[6]      ; HEX0[3]     ; 3.917 ; 3.917 ; 3.917 ; 3.917 ;
; SW[6]      ; HEX0[4]     ; 3.801 ; 3.801 ; 3.801 ; 3.801 ;
; SW[6]      ; HEX0[5]     ; 3.802 ; 3.802 ; 3.802 ; 3.802 ;
; SW[6]      ; HEX0[6]     ; 3.802 ; 3.802 ; 3.802 ; 3.802 ;
; SW[6]      ; HEX1[0]     ; 3.697 ; 3.697 ; 3.697 ; 3.697 ;
; SW[6]      ; HEX1[3]     ; 3.796 ; 3.796 ; 3.796 ; 3.796 ;
; SW[6]      ; HEX1[4]     ; 3.806 ; 3.806 ; 3.806 ; 3.806 ;
; SW[6]      ; HEX1[5]     ; 3.838 ; 3.838 ; 3.838 ; 3.838 ;
; SW[6]      ; HEX3[0]     ; 3.445 ; 3.445 ; 3.445 ; 3.445 ;
; SW[6]      ; HEX3[1]     ; 3.716 ;       ;       ; 3.716 ;
; SW[6]      ; HEX3[2]     ;       ; 3.718 ; 3.718 ;       ;
; SW[6]      ; HEX3[3]     ; 3.414 ; 3.414 ; 3.414 ; 3.414 ;
; SW[6]      ; HEX3[4]     ; 3.287 ;       ;       ; 3.287 ;
; SW[6]      ; HEX3[5]     ;       ; 3.451 ; 3.451 ;       ;
; SW[6]      ; HEX3[6]     ; 3.594 ; 3.594 ; 3.594 ; 3.594 ;
; SW[6]      ; LEDG[0]     ; 5.537 ; 5.537 ; 5.537 ; 5.537 ;
; SW[6]      ; LEDR[6]     ; 2.511 ;       ;       ; 2.511 ;
; SW[7]      ; HEX0[0]     ; 3.617 ; 3.617 ; 3.617 ; 3.617 ;
; SW[7]      ; HEX0[1]     ; 3.644 ; 3.644 ; 3.644 ; 3.644 ;
; SW[7]      ; HEX0[2]     ; 3.594 ; 3.594 ; 3.594 ; 3.594 ;
; SW[7]      ; HEX0[3]     ; 3.638 ; 3.638 ; 3.638 ; 3.638 ;
; SW[7]      ; HEX0[4]     ; 3.521 ; 3.521 ; 3.521 ; 3.521 ;
; SW[7]      ; HEX0[5]     ; 3.522 ; 3.522 ; 3.522 ; 3.522 ;
; SW[7]      ; HEX0[6]     ; 3.523 ; 3.523 ; 3.523 ; 3.523 ;
; SW[7]      ; HEX1[0]     ; 3.432 ; 3.432 ; 3.432 ; 3.432 ;
; SW[7]      ; HEX1[3]     ; 3.531 ; 3.531 ; 3.531 ; 3.531 ;
; SW[7]      ; HEX1[4]     ; 3.541 ; 3.541 ; 3.541 ; 3.541 ;
; SW[7]      ; HEX1[5]     ; 3.573 ; 3.573 ; 3.573 ; 3.573 ;
; SW[7]      ; HEX3[0]     ;       ; 3.376 ; 3.376 ;       ;
; SW[7]      ; HEX3[1]     ;       ; 3.641 ; 3.641 ;       ;
; SW[7]      ; HEX3[2]     ;       ; 3.647 ; 3.647 ;       ;
; SW[7]      ; HEX3[3]     ;       ; 3.337 ; 3.337 ;       ;
; SW[7]      ; HEX3[4]     ; 3.214 ;       ;       ; 3.214 ;
; SW[7]      ; HEX3[5]     ;       ; 3.382 ; 3.382 ;       ;
; SW[7]      ; HEX3[6]     ;       ; 3.517 ; 3.517 ;       ;
; SW[7]      ; LEDG[0]     ; 5.272 ; 5.272 ; 5.272 ; 5.272 ;
; SW[7]      ; LEDR[7]     ; 3.252 ;       ;       ; 3.252 ;
; SW[8]      ; LEDR[8]     ; 3.013 ;       ;       ; 3.013 ;
+------------+-------------+-------+-------+-------+-------+


+----------------------------------------------------------------------------+
; Multicorner Timing Analysis Summary                                        ;
+------------------+-------+------+----------+---------+---------------------+
; Clock            ; Setup ; Hold ; Recovery ; Removal ; Minimum Pulse Width ;
+------------------+-------+------+----------+---------+---------------------+
; Worst-case Slack ; N/A   ; N/A  ; N/A      ; N/A     ; N/A                 ;
; Design-wide TNS  ; 0.0   ; 0.0  ; 0.0      ; 0.0     ; 0.0                 ;
+------------------+-------+------+----------+---------+---------------------+


+--------------------------------------------------------------+
; Progagation Delay                                            ;
+------------+-------------+--------+--------+--------+--------+
; Input Port ; Output Port ; RR     ; RF     ; FR     ; FF     ;
+------------+-------------+--------+--------+--------+--------+
; SW[0]      ; HEX0[0]     ; 9.913  ; 9.913  ; 9.913  ; 9.913  ;
; SW[0]      ; HEX0[1]     ; 9.939  ; 9.939  ; 9.939  ; 9.939  ;
; SW[0]      ; HEX0[2]     ; 9.815  ; 9.815  ; 9.815  ; 9.815  ;
; SW[0]      ; HEX0[3]     ; 9.935  ; 9.935  ; 9.935  ; 9.935  ;
; SW[0]      ; HEX0[4]     ; 9.604  ; 9.604  ; 9.604  ; 9.604  ;
; SW[0]      ; HEX0[5]     ; 9.602  ; 9.602  ; 9.602  ; 9.602  ;
; SW[0]      ; HEX0[6]     ; 9.606  ; 9.606  ; 9.606  ; 9.606  ;
; SW[0]      ; HEX1[0]     ; 9.319  ; 9.319  ; 9.319  ; 9.319  ;
; SW[0]      ; HEX1[3]     ; 9.630  ; 9.630  ; 9.630  ; 9.630  ;
; SW[0]      ; HEX1[4]     ; 9.640  ; 9.640  ; 9.640  ; 9.640  ;
; SW[0]      ; HEX1[5]     ; 9.673  ; 9.673  ; 9.673  ; 9.673  ;
; SW[0]      ; HEX2[0]     ; 8.008  ; 8.008  ; 8.008  ; 8.008  ;
; SW[0]      ; HEX2[1]     ; 8.033  ; 8.033  ; 8.033  ; 8.033  ;
; SW[0]      ; HEX2[2]     ;        ; 8.004  ; 8.004  ;        ;
; SW[0]      ; HEX2[3]     ; 8.078  ; 8.078  ; 8.078  ; 8.078  ;
; SW[0]      ; HEX2[4]     ; 8.011  ;        ;        ; 8.011  ;
; SW[0]      ; HEX2[5]     ; 8.032  ;        ;        ; 8.032  ;
; SW[0]      ; HEX2[6]     ; 8.391  ;        ;        ; 8.391  ;
; SW[0]      ; LEDG[0]     ; 14.101 ; 14.101 ; 14.101 ; 14.101 ;
; SW[0]      ; LEDR[0]     ; 4.635  ;        ;        ; 4.635  ;
; SW[1]      ; HEX0[0]     ; 9.856  ; 9.856  ; 9.856  ; 9.856  ;
; SW[1]      ; HEX0[1]     ; 9.882  ; 9.882  ; 9.882  ; 9.882  ;
; SW[1]      ; HEX0[2]     ; 9.758  ; 9.758  ; 9.758  ; 9.758  ;
; SW[1]      ; HEX0[3]     ; 9.878  ; 9.878  ; 9.878  ; 9.878  ;
; SW[1]      ; HEX0[4]     ; 9.547  ; 9.547  ; 9.547  ; 9.547  ;
; SW[1]      ; HEX0[5]     ; 9.545  ; 9.545  ; 9.545  ; 9.545  ;
; SW[1]      ; HEX0[6]     ; 9.549  ; 9.549  ; 9.549  ; 9.549  ;
; SW[1]      ; HEX1[0]     ; 9.262  ; 9.262  ; 9.262  ; 9.262  ;
; SW[1]      ; HEX1[3]     ; 9.573  ; 9.573  ; 9.573  ; 9.573  ;
; SW[1]      ; HEX1[4]     ; 9.583  ; 9.583  ; 9.583  ; 9.583  ;
; SW[1]      ; HEX1[5]     ; 9.616  ; 9.616  ; 9.616  ; 9.616  ;
; SW[1]      ; HEX2[0]     ;        ; 8.233  ; 8.233  ;        ;
; SW[1]      ; HEX2[1]     ; 8.251  ; 8.251  ; 8.251  ; 8.251  ;
; SW[1]      ; HEX2[2]     ; 8.270  ;        ;        ; 8.270  ;
; SW[1]      ; HEX2[3]     ; 8.265  ; 8.265  ; 8.265  ; 8.265  ;
; SW[1]      ; HEX2[4]     ; 8.273  ; 8.273  ; 8.273  ; 8.273  ;
; SW[1]      ; HEX2[5]     ; 8.254  ;        ;        ; 8.254  ;
; SW[1]      ; HEX2[6]     ; 8.609  ; 8.609  ; 8.609  ; 8.609  ;
; SW[1]      ; LEDG[0]     ; 14.044 ; 14.044 ; 14.044 ; 14.044 ;
; SW[1]      ; LEDR[1]     ; 4.980  ;        ;        ; 4.980  ;
; SW[2]      ; HEX0[0]     ; 9.662  ; 9.662  ; 9.662  ; 9.662  ;
; SW[2]      ; HEX0[1]     ; 9.688  ; 9.688  ; 9.688  ; 9.688  ;
; SW[2]      ; HEX0[2]     ; 9.564  ; 9.564  ; 9.564  ; 9.564  ;
; SW[2]      ; HEX0[3]     ; 9.684  ; 9.684  ; 9.684  ; 9.684  ;
; SW[2]      ; HEX0[4]     ; 9.353  ; 9.353  ; 9.353  ; 9.353  ;
; SW[2]      ; HEX0[5]     ; 9.351  ; 9.351  ; 9.351  ; 9.351  ;
; SW[2]      ; HEX0[6]     ; 9.355  ; 9.355  ; 9.355  ; 9.355  ;
; SW[2]      ; HEX1[0]     ; 9.068  ; 9.068  ; 9.068  ; 9.068  ;
; SW[2]      ; HEX1[3]     ; 9.379  ; 9.379  ; 9.379  ; 9.379  ;
; SW[2]      ; HEX1[4]     ; 9.389  ; 9.389  ; 9.389  ; 9.389  ;
; SW[2]      ; HEX1[5]     ; 9.422  ; 9.422  ; 9.422  ; 9.422  ;
; SW[2]      ; HEX2[0]     ; 7.783  ; 7.783  ; 7.783  ; 7.783  ;
; SW[2]      ; HEX2[1]     ; 7.792  ;        ;        ; 7.792  ;
; SW[2]      ; HEX2[2]     ;        ; 7.823  ; 7.823  ;        ;
; SW[2]      ; HEX2[3]     ; 7.838  ; 7.838  ; 7.838  ; 7.838  ;
; SW[2]      ; HEX2[4]     ; 7.815  ;        ;        ; 7.815  ;
; SW[2]      ; HEX2[5]     ;        ; 7.799  ; 7.799  ;        ;
; SW[2]      ; HEX2[6]     ; 8.150  ; 8.150  ; 8.150  ; 8.150  ;
; SW[2]      ; LEDG[0]     ; 13.850 ; 13.850 ; 13.850 ; 13.850 ;
; SW[2]      ; LEDR[2]     ; 5.389  ;        ;        ; 5.389  ;
; SW[3]      ; HEX0[0]     ; 8.603  ; 8.603  ; 8.603  ; 8.603  ;
; SW[3]      ; HEX0[1]     ; 8.629  ; 8.629  ; 8.629  ; 8.629  ;
; SW[3]      ; HEX0[2]     ; 8.505  ; 8.505  ; 8.505  ; 8.505  ;
; SW[3]      ; HEX0[3]     ; 8.625  ; 8.625  ; 8.625  ; 8.625  ;
; SW[3]      ; HEX0[4]     ; 8.294  ; 8.294  ; 8.294  ; 8.294  ;
; SW[3]      ; HEX0[5]     ; 8.292  ; 8.292  ; 8.292  ; 8.292  ;
; SW[3]      ; HEX0[6]     ; 8.296  ; 8.296  ; 8.296  ; 8.296  ;
; SW[3]      ; HEX1[0]     ; 8.009  ; 8.009  ; 8.009  ; 8.009  ;
; SW[3]      ; HEX1[3]     ; 8.320  ; 8.320  ; 8.320  ; 8.320  ;
; SW[3]      ; HEX1[4]     ; 8.330  ; 8.330  ; 8.330  ; 8.330  ;
; SW[3]      ; HEX1[5]     ; 8.363  ; 8.363  ; 8.363  ; 8.363  ;
; SW[3]      ; HEX2[0]     ;        ; 7.852  ; 7.852  ;        ;
; SW[3]      ; HEX2[1]     ;        ; 7.853  ; 7.853  ;        ;
; SW[3]      ; HEX2[2]     ;        ; 7.893  ; 7.893  ;        ;
; SW[3]      ; HEX2[3]     ;        ; 7.871  ; 7.871  ;        ;
; SW[3]      ; HEX2[4]     ; 7.876  ;        ;        ; 7.876  ;
; SW[3]      ; HEX2[5]     ;        ; 7.868  ; 7.868  ;        ;
; SW[3]      ; HEX2[6]     ;        ; 8.211  ; 8.211  ;        ;
; SW[3]      ; LEDG[0]     ; 12.791 ; 12.791 ; 12.791 ; 12.791 ;
; SW[3]      ; LEDR[3]     ; 5.800  ;        ;        ; 5.800  ;
; SW[4]      ; HEX0[0]     ; 9.509  ; 9.509  ; 9.509  ; 9.509  ;
; SW[4]      ; HEX0[1]     ; 9.535  ; 9.535  ; 9.535  ; 9.535  ;
; SW[4]      ; HEX0[2]     ; 9.411  ; 9.411  ; 9.411  ; 9.411  ;
; SW[4]      ; HEX0[3]     ; 9.531  ; 9.531  ; 9.531  ; 9.531  ;
; SW[4]      ; HEX0[4]     ; 9.200  ; 9.200  ; 9.200  ; 9.200  ;
; SW[4]      ; HEX0[5]     ; 9.198  ; 9.198  ; 9.198  ; 9.198  ;
; SW[4]      ; HEX0[6]     ; 9.202  ; 9.202  ; 9.202  ; 9.202  ;
; SW[4]      ; HEX1[0]     ; 8.915  ; 8.915  ; 8.915  ; 8.915  ;
; SW[4]      ; HEX1[3]     ; 9.226  ; 9.226  ; 9.226  ; 9.226  ;
; SW[4]      ; HEX1[4]     ; 9.236  ; 9.236  ; 9.236  ; 9.236  ;
; SW[4]      ; HEX1[5]     ; 9.269  ; 9.269  ; 9.269  ; 9.269  ;
; SW[4]      ; HEX3[0]     ; 7.249  ; 7.249  ; 7.249  ; 7.249  ;
; SW[4]      ; HEX3[1]     ; 7.766  ; 7.766  ; 7.766  ; 7.766  ;
; SW[4]      ; HEX3[2]     ;        ; 7.771  ; 7.771  ;        ;
; SW[4]      ; HEX3[3]     ; 7.193  ; 7.193  ; 7.193  ; 7.193  ;
; SW[4]      ; HEX3[4]     ; 6.873  ;        ;        ; 6.873  ;
; SW[4]      ; HEX3[5]     ; 7.254  ;        ;        ; 7.254  ;
; SW[4]      ; HEX3[6]     ; 7.595  ;        ;        ; 7.595  ;
; SW[4]      ; LEDG[0]     ; 13.697 ; 13.697 ; 13.697 ; 13.697 ;
; SW[4]      ; LEDR[4]     ; 5.305  ;        ;        ; 5.305  ;
; SW[5]      ; HEX0[0]     ; 9.397  ; 9.397  ; 9.397  ; 9.397  ;
; SW[5]      ; HEX0[1]     ; 9.423  ; 9.423  ; 9.423  ; 9.423  ;
; SW[5]      ; HEX0[2]     ; 9.299  ; 9.299  ; 9.299  ; 9.299  ;
; SW[5]      ; HEX0[3]     ; 9.419  ; 9.419  ; 9.419  ; 9.419  ;
; SW[5]      ; HEX0[4]     ; 9.088  ; 9.088  ; 9.088  ; 9.088  ;
; SW[5]      ; HEX0[5]     ; 9.086  ; 9.086  ; 9.086  ; 9.086  ;
; SW[5]      ; HEX0[6]     ; 9.090  ; 9.090  ; 9.090  ; 9.090  ;
; SW[5]      ; HEX1[0]     ; 8.803  ; 8.803  ; 8.803  ; 8.803  ;
; SW[5]      ; HEX1[3]     ; 9.114  ; 9.114  ; 9.114  ; 9.114  ;
; SW[5]      ; HEX1[4]     ; 9.124  ; 9.124  ; 9.124  ; 9.124  ;
; SW[5]      ; HEX1[5]     ; 9.157  ; 9.157  ; 9.157  ; 9.157  ;
; SW[5]      ; HEX3[0]     ;        ; 7.600  ; 7.600  ;        ;
; SW[5]      ; HEX3[1]     ; 8.123  ; 8.123  ; 8.123  ; 8.123  ;
; SW[5]      ; HEX3[2]     ; 8.125  ;        ;        ; 8.125  ;
; SW[5]      ; HEX3[3]     ; 7.523  ; 7.523  ; 7.523  ; 7.523  ;
; SW[5]      ; HEX3[4]     ; 7.225  ; 7.225  ; 7.225  ; 7.225  ;
; SW[5]      ; HEX3[5]     ; 7.603  ;        ;        ; 7.603  ;
; SW[5]      ; HEX3[6]     ; 7.954  ; 7.954  ; 7.954  ; 7.954  ;
; SW[5]      ; LEDG[0]     ; 13.585 ; 13.585 ; 13.585 ; 13.585 ;
; SW[5]      ; LEDR[5]     ; 5.847  ;        ;        ; 5.847  ;
; SW[6]      ; HEX0[0]     ; 9.385  ; 9.385  ; 9.385  ; 9.385  ;
; SW[6]      ; HEX0[1]     ; 9.411  ; 9.411  ; 9.411  ; 9.411  ;
; SW[6]      ; HEX0[2]     ; 9.287  ; 9.287  ; 9.287  ; 9.287  ;
; SW[6]      ; HEX0[3]     ; 9.407  ; 9.407  ; 9.407  ; 9.407  ;
; SW[6]      ; HEX0[4]     ; 9.076  ; 9.076  ; 9.076  ; 9.076  ;
; SW[6]      ; HEX0[5]     ; 9.074  ; 9.074  ; 9.074  ; 9.074  ;
; SW[6]      ; HEX0[6]     ; 9.078  ; 9.078  ; 9.078  ; 9.078  ;
; SW[6]      ; HEX1[0]     ; 8.791  ; 8.791  ; 8.791  ; 8.791  ;
; SW[6]      ; HEX1[3]     ; 9.102  ; 9.102  ; 9.102  ; 9.102  ;
; SW[6]      ; HEX1[4]     ; 9.112  ; 9.112  ; 9.112  ; 9.112  ;
; SW[6]      ; HEX1[5]     ; 9.145  ; 9.145  ; 9.145  ; 9.145  ;
; SW[6]      ; HEX3[0]     ; 7.397  ; 7.397  ; 7.397  ; 7.397  ;
; SW[6]      ; HEX3[1]     ; 7.923  ;        ;        ; 7.923  ;
; SW[6]      ; HEX3[2]     ;        ; 7.881  ; 7.881  ;        ;
; SW[6]      ; HEX3[3]     ; 7.352  ; 7.352  ; 7.352  ; 7.352  ;
; SW[6]      ; HEX3[4]     ; 7.022  ;        ;        ; 7.022  ;
; SW[6]      ; HEX3[5]     ;        ; 7.406  ; 7.406  ;        ;
; SW[6]      ; HEX3[6]     ; 7.753  ; 7.753  ; 7.753  ; 7.753  ;
; SW[6]      ; LEDG[0]     ; 13.573 ; 13.573 ; 13.573 ; 13.573 ;
; SW[6]      ; LEDR[6]     ; 5.136  ;        ;        ; 5.136  ;
; SW[7]      ; HEX0[0]     ; 8.100  ; 8.100  ; 8.100  ; 8.100  ;
; SW[7]      ; HEX0[1]     ; 8.126  ; 8.126  ; 8.126  ; 8.126  ;
; SW[7]      ; HEX0[2]     ; 8.002  ; 8.002  ; 8.002  ; 8.002  ;
; SW[7]      ; HEX0[3]     ; 8.122  ; 8.122  ; 8.122  ; 8.122  ;
; SW[7]      ; HEX0[4]     ; 7.791  ; 7.791  ; 7.791  ; 7.791  ;
; SW[7]      ; HEX0[5]     ; 7.789  ; 7.789  ; 7.789  ; 7.789  ;
; SW[7]      ; HEX0[6]     ; 7.793  ; 7.793  ; 7.793  ; 7.793  ;
; SW[7]      ; HEX1[0]     ; 7.506  ; 7.506  ; 7.506  ; 7.506  ;
; SW[7]      ; HEX1[3]     ; 7.817  ; 7.817  ; 7.817  ; 7.817  ;
; SW[7]      ; HEX1[4]     ; 7.827  ; 7.827  ; 7.827  ; 7.827  ;
; SW[7]      ; HEX1[5]     ; 7.860  ; 7.860  ; 7.860  ; 7.860  ;
; SW[7]      ; HEX3[0]     ;        ; 7.375  ; 7.375  ;        ;
; SW[7]      ; HEX3[1]     ;        ; 7.892  ; 7.892  ;        ;
; SW[7]      ; HEX3[2]     ;        ; 7.897  ; 7.897  ;        ;
; SW[7]      ; HEX3[3]     ;        ; 7.316  ; 7.316  ;        ;
; SW[7]      ; HEX3[4]     ; 6.999  ;        ;        ; 6.999  ;
; SW[7]      ; HEX3[5]     ;        ; 7.380  ; 7.380  ;        ;
; SW[7]      ; HEX3[6]     ;        ; 7.721  ; 7.721  ;        ;
; SW[7]      ; LEDG[0]     ; 12.288 ; 12.288 ; 12.288 ; 12.288 ;
; SW[7]      ; LEDR[7]     ; 6.701  ;        ;        ; 6.701  ;
; SW[8]      ; LEDR[8]     ; 6.338  ;        ;        ; 6.338  ;
+------------+-------------+--------+--------+--------+--------+


+----------------------------------------------------------+
; Minimum Progagation Delay                                ;
+------------+-------------+-------+-------+-------+-------+
; Input Port ; Output Port ; RR    ; RF    ; FR    ; FF    ;
+------------+-------------+-------+-------+-------+-------+
; SW[0]      ; HEX0[0]     ; 3.940 ; 3.940 ; 3.940 ; 3.940 ;
; SW[0]      ; HEX0[1]     ; 3.967 ; 3.967 ; 3.967 ; 3.967 ;
; SW[0]      ; HEX0[2]     ; 3.907 ; 3.907 ; 3.907 ; 3.907 ;
; SW[0]      ; HEX0[3]     ; 3.963 ; 3.963 ; 3.963 ; 3.963 ;
; SW[0]      ; HEX0[4]     ; 3.847 ; 3.847 ; 3.847 ; 3.847 ;
; SW[0]      ; HEX0[5]     ; 3.846 ; 3.846 ; 3.846 ; 3.846 ;
; SW[0]      ; HEX0[6]     ; 3.848 ; 3.848 ; 3.848 ; 3.848 ;
; SW[0]      ; HEX1[0]     ; 4.037 ; 4.037 ; 4.037 ; 4.037 ;
; SW[0]      ; HEX1[3]     ; 4.136 ; 4.136 ; 4.136 ; 4.136 ;
; SW[0]      ; HEX1[4]     ; 4.146 ; 4.146 ; 4.146 ; 4.146 ;
; SW[0]      ; HEX1[5]     ; 4.178 ; 4.178 ; 4.178 ; 4.178 ;
; SW[0]      ; HEX2[0]     ; 3.674 ; 3.674 ; 3.674 ; 3.674 ;
; SW[0]      ; HEX2[1]     ; 3.694 ; 3.694 ; 3.694 ; 3.694 ;
; SW[0]      ; HEX2[2]     ;       ; 3.713 ; 3.713 ;       ;
; SW[0]      ; HEX2[3]     ; 3.737 ; 3.737 ; 3.737 ; 3.737 ;
; SW[0]      ; HEX2[4]     ; 3.717 ;       ;       ; 3.717 ;
; SW[0]      ; HEX2[5]     ; 3.695 ;       ;       ; 3.695 ;
; SW[0]      ; HEX2[6]     ; 3.848 ;       ;       ; 3.848 ;
; SW[0]      ; LEDG[0]     ; 5.877 ; 5.877 ; 5.877 ; 5.877 ;
; SW[0]      ; LEDR[0]     ; 2.289 ;       ;       ; 2.289 ;
; SW[1]      ; HEX0[0]     ; 3.989 ; 3.989 ; 3.989 ; 3.989 ;
; SW[1]      ; HEX0[1]     ; 4.015 ; 4.015 ; 4.015 ; 4.015 ;
; SW[1]      ; HEX0[2]     ; 3.959 ; 3.959 ; 3.959 ; 3.959 ;
; SW[1]      ; HEX0[3]     ; 4.010 ; 4.010 ; 4.010 ; 4.010 ;
; SW[1]      ; HEX0[4]     ; 3.893 ; 3.893 ; 3.893 ; 3.893 ;
; SW[1]      ; HEX0[5]     ; 3.894 ; 3.894 ; 3.894 ; 3.894 ;
; SW[1]      ; HEX0[6]     ; 3.895 ; 3.895 ; 3.895 ; 3.895 ;
; SW[1]      ; HEX1[0]     ; 3.905 ; 3.905 ; 3.905 ; 3.905 ;
; SW[1]      ; HEX1[3]     ; 4.004 ; 4.004 ; 4.004 ; 4.004 ;
; SW[1]      ; HEX1[4]     ; 4.014 ; 4.014 ; 4.014 ; 4.014 ;
; SW[1]      ; HEX1[5]     ; 4.046 ; 4.046 ; 4.046 ; 4.046 ;
; SW[1]      ; HEX2[0]     ;       ; 3.732 ; 3.732 ;       ;
; SW[1]      ; HEX2[1]     ; 3.751 ; 3.751 ; 3.751 ; 3.751 ;
; SW[1]      ; HEX2[2]     ; 3.774 ;       ;       ; 3.774 ;
; SW[1]      ; HEX2[3]     ; 3.795 ; 3.795 ; 3.795 ; 3.795 ;
; SW[1]      ; HEX2[4]     ; 3.774 ; 3.774 ; 3.774 ; 3.774 ;
; SW[1]      ; HEX2[5]     ; 3.754 ;       ;       ; 3.754 ;
; SW[1]      ; HEX2[6]     ; 3.905 ; 3.905 ; 3.905 ; 3.905 ;
; SW[1]      ; LEDG[0]     ; 5.745 ; 5.745 ; 5.745 ; 5.745 ;
; SW[1]      ; LEDR[1]     ; 2.426 ;       ;       ; 2.426 ;
; SW[2]      ; HEX0[0]     ; 4.039 ; 4.039 ; 4.039 ; 4.039 ;
; SW[2]      ; HEX0[1]     ; 4.065 ; 4.065 ; 4.065 ; 4.065 ;
; SW[2]      ; HEX0[2]     ; 4.012 ; 4.012 ; 4.012 ; 4.012 ;
; SW[2]      ; HEX0[3]     ; 4.059 ; 4.059 ; 4.059 ; 4.059 ;
; SW[2]      ; HEX0[4]     ; 3.943 ; 3.943 ; 3.943 ; 3.943 ;
; SW[2]      ; HEX0[5]     ; 3.944 ; 3.944 ; 3.944 ; 3.944 ;
; SW[2]      ; HEX0[6]     ; 3.944 ; 3.944 ; 3.944 ; 3.944 ;
; SW[2]      ; HEX1[0]     ; 3.839 ; 3.839 ; 3.839 ; 3.839 ;
; SW[2]      ; HEX1[3]     ; 3.938 ; 3.938 ; 3.938 ; 3.938 ;
; SW[2]      ; HEX1[4]     ; 3.948 ; 3.948 ; 3.948 ; 3.948 ;
; SW[2]      ; HEX1[5]     ; 3.980 ; 3.980 ; 3.980 ; 3.980 ;
; SW[2]      ; HEX2[0]     ; 3.611 ; 3.611 ; 3.611 ; 3.611 ;
; SW[2]      ; HEX2[1]     ; 3.640 ;       ;       ; 3.640 ;
; SW[2]      ; HEX2[2]     ;       ; 3.655 ; 3.655 ;       ;
; SW[2]      ; HEX2[3]     ; 3.665 ; 3.665 ; 3.665 ; 3.665 ;
; SW[2]      ; HEX2[4]     ; 3.643 ;       ;       ; 3.643 ;
; SW[2]      ; HEX2[5]     ;       ; 3.629 ; 3.629 ;       ;
; SW[2]      ; HEX2[6]     ; 3.775 ; 3.775 ; 3.775 ; 3.775 ;
; SW[2]      ; LEDG[0]     ; 5.679 ; 5.679 ; 5.679 ; 5.679 ;
; SW[2]      ; LEDR[2]     ; 2.613 ;       ;       ; 2.613 ;
; SW[3]      ; HEX0[0]     ; 3.882 ; 3.882 ; 3.882 ; 3.882 ;
; SW[3]      ; HEX0[1]     ; 3.909 ; 3.909 ; 3.909 ; 3.909 ;
; SW[3]      ; HEX0[2]     ; 3.859 ; 3.859 ; 3.859 ; 3.859 ;
; SW[3]      ; HEX0[3]     ; 3.903 ; 3.903 ; 3.903 ; 3.903 ;
; SW[3]      ; HEX0[4]     ; 3.786 ; 3.786 ; 3.786 ; 3.786 ;
; SW[3]      ; HEX0[5]     ; 3.787 ; 3.787 ; 3.787 ; 3.787 ;
; SW[3]      ; HEX0[6]     ; 3.788 ; 3.788 ; 3.788 ; 3.788 ;
; SW[3]      ; HEX1[0]     ; 3.697 ; 3.697 ; 3.697 ; 3.697 ;
; SW[3]      ; HEX1[3]     ; 3.796 ; 3.796 ; 3.796 ; 3.796 ;
; SW[3]      ; HEX1[4]     ; 3.806 ; 3.806 ; 3.806 ; 3.806 ;
; SW[3]      ; HEX1[5]     ; 3.838 ; 3.838 ; 3.838 ; 3.838 ;
; SW[3]      ; HEX2[0]     ;       ; 3.605 ; 3.605 ;       ;
; SW[3]      ; HEX2[1]     ;       ; 3.605 ; 3.605 ;       ;
; SW[3]      ; HEX2[2]     ;       ; 3.649 ; 3.649 ;       ;
; SW[3]      ; HEX2[3]     ;       ; 3.652 ; 3.652 ;       ;
; SW[3]      ; HEX2[4]     ; 3.629 ;       ;       ; 3.629 ;
; SW[3]      ; HEX2[5]     ;       ; 3.623 ; 3.623 ;       ;
; SW[3]      ; HEX2[6]     ;       ; 3.758 ; 3.758 ;       ;
; SW[3]      ; LEDG[0]     ; 5.537 ; 5.537 ; 5.537 ; 5.537 ;
; SW[3]      ; LEDR[3]     ; 2.854 ;       ;       ; 2.854 ;
; SW[4]      ; HEX0[0]     ; 3.764 ; 3.764 ; 3.764 ; 3.764 ;
; SW[4]      ; HEX0[1]     ; 3.791 ; 3.791 ; 3.791 ; 3.791 ;
; SW[4]      ; HEX0[2]     ; 3.731 ; 3.731 ; 3.731 ; 3.731 ;
; SW[4]      ; HEX0[3]     ; 3.787 ; 3.787 ; 3.787 ; 3.787 ;
; SW[4]      ; HEX0[4]     ; 3.671 ; 3.671 ; 3.671 ; 3.671 ;
; SW[4]      ; HEX0[5]     ; 3.670 ; 3.670 ; 3.670 ; 3.670 ;
; SW[4]      ; HEX0[6]     ; 3.672 ; 3.672 ; 3.672 ; 3.672 ;
; SW[4]      ; HEX1[0]     ; 3.866 ; 3.866 ; 3.866 ; 3.866 ;
; SW[4]      ; HEX1[3]     ; 3.965 ; 3.965 ; 3.965 ; 3.965 ;
; SW[4]      ; HEX1[4]     ; 3.975 ; 3.975 ; 3.975 ; 3.975 ;
; SW[4]      ; HEX1[5]     ; 4.007 ; 4.007 ; 4.007 ; 4.007 ;
; SW[4]      ; HEX3[0]     ; 3.412 ; 3.412 ; 3.412 ; 3.412 ;
; SW[4]      ; HEX3[1]     ; 3.676 ; 3.676 ; 3.676 ; 3.676 ;
; SW[4]      ; HEX3[2]     ;       ; 3.683 ; 3.683 ;       ;
; SW[4]      ; HEX3[3]     ; 3.371 ; 3.371 ; 3.371 ; 3.371 ;
; SW[4]      ; HEX3[4]     ; 3.251 ;       ;       ; 3.251 ;
; SW[4]      ; HEX3[5]     ; 3.418 ;       ;       ; 3.418 ;
; SW[4]      ; HEX3[6]     ; 3.552 ;       ;       ; 3.552 ;
; SW[4]      ; LEDG[0]     ; 5.706 ; 5.706 ; 5.706 ; 5.706 ;
; SW[4]      ; LEDR[4]     ; 2.626 ;       ;       ; 2.626 ;
; SW[5]      ; HEX0[0]     ; 3.802 ; 3.802 ; 3.802 ; 3.802 ;
; SW[5]      ; HEX0[1]     ; 3.828 ; 3.828 ; 3.828 ; 3.828 ;
; SW[5]      ; HEX0[2]     ; 3.772 ; 3.772 ; 3.772 ; 3.772 ;
; SW[5]      ; HEX0[3]     ; 3.823 ; 3.823 ; 3.823 ; 3.823 ;
; SW[5]      ; HEX0[4]     ; 3.706 ; 3.706 ; 3.706 ; 3.706 ;
; SW[5]      ; HEX0[5]     ; 3.707 ; 3.707 ; 3.707 ; 3.707 ;
; SW[5]      ; HEX0[6]     ; 3.708 ; 3.708 ; 3.708 ; 3.708 ;
; SW[5]      ; HEX1[0]     ; 3.718 ; 3.718 ; 3.718 ; 3.718 ;
; SW[5]      ; HEX1[3]     ; 3.817 ; 3.817 ; 3.817 ; 3.817 ;
; SW[5]      ; HEX1[4]     ; 3.827 ; 3.827 ; 3.827 ; 3.827 ;
; SW[5]      ; HEX1[5]     ; 3.859 ; 3.859 ; 3.859 ; 3.859 ;
; SW[5]      ; HEX3[0]     ;       ; 3.504 ; 3.504 ;       ;
; SW[5]      ; HEX3[1]     ; 3.778 ; 3.778 ; 3.778 ; 3.778 ;
; SW[5]      ; HEX3[2]     ; 3.779 ;       ;       ; 3.779 ;
; SW[5]      ; HEX3[3]     ; 3.476 ; 3.476 ; 3.476 ; 3.476 ;
; SW[5]      ; HEX3[4]     ; 3.348 ; 3.348 ; 3.348 ; 3.348 ;
; SW[5]      ; HEX3[5]     ; 3.510 ;       ;       ; 3.510 ;
; SW[5]      ; HEX3[6]     ; 3.655 ; 3.655 ; 3.655 ; 3.655 ;
; SW[5]      ; LEDG[0]     ; 5.558 ; 5.558 ; 5.558 ; 5.558 ;
; SW[5]      ; LEDR[5]     ; 2.803 ;       ;       ; 2.803 ;
; SW[6]      ; HEX0[0]     ; 3.897 ; 3.897 ; 3.897 ; 3.897 ;
; SW[6]      ; HEX0[1]     ; 3.923 ; 3.923 ; 3.923 ; 3.923 ;
; SW[6]      ; HEX0[2]     ; 3.870 ; 3.870 ; 3.870 ; 3.870 ;
; SW[6]      ; HEX0[3]     ; 3.917 ; 3.917 ; 3.917 ; 3.917 ;
; SW[6]      ; HEX0[4]     ; 3.801 ; 3.801 ; 3.801 ; 3.801 ;
; SW[6]      ; HEX0[5]     ; 3.802 ; 3.802 ; 3.802 ; 3.802 ;
; SW[6]      ; HEX0[6]     ; 3.802 ; 3.802 ; 3.802 ; 3.802 ;
; SW[6]      ; HEX1[0]     ; 3.697 ; 3.697 ; 3.697 ; 3.697 ;
; SW[6]      ; HEX1[3]     ; 3.796 ; 3.796 ; 3.796 ; 3.796 ;
; SW[6]      ; HEX1[4]     ; 3.806 ; 3.806 ; 3.806 ; 3.806 ;
; SW[6]      ; HEX1[5]     ; 3.838 ; 3.838 ; 3.838 ; 3.838 ;
; SW[6]      ; HEX3[0]     ; 3.445 ; 3.445 ; 3.445 ; 3.445 ;
; SW[6]      ; HEX3[1]     ; 3.716 ;       ;       ; 3.716 ;
; SW[6]      ; HEX3[2]     ;       ; 3.718 ; 3.718 ;       ;
; SW[6]      ; HEX3[3]     ; 3.414 ; 3.414 ; 3.414 ; 3.414 ;
; SW[6]      ; HEX3[4]     ; 3.287 ;       ;       ; 3.287 ;
; SW[6]      ; HEX3[5]     ;       ; 3.451 ; 3.451 ;       ;
; SW[6]      ; HEX3[6]     ; 3.594 ; 3.594 ; 3.594 ; 3.594 ;
; SW[6]      ; LEDG[0]     ; 5.537 ; 5.537 ; 5.537 ; 5.537 ;
; SW[6]      ; LEDR[6]     ; 2.511 ;       ;       ; 2.511 ;
; SW[7]      ; HEX0[0]     ; 3.617 ; 3.617 ; 3.617 ; 3.617 ;
; SW[7]      ; HEX0[1]     ; 3.644 ; 3.644 ; 3.644 ; 3.644 ;
; SW[7]      ; HEX0[2]     ; 3.594 ; 3.594 ; 3.594 ; 3.594 ;
; SW[7]      ; HEX0[3]     ; 3.638 ; 3.638 ; 3.638 ; 3.638 ;
; SW[7]      ; HEX0[4]     ; 3.521 ; 3.521 ; 3.521 ; 3.521 ;
; SW[7]      ; HEX0[5]     ; 3.522 ; 3.522 ; 3.522 ; 3.522 ;
; SW[7]      ; HEX0[6]     ; 3.523 ; 3.523 ; 3.523 ; 3.523 ;
; SW[7]      ; HEX1[0]     ; 3.432 ; 3.432 ; 3.432 ; 3.432 ;
; SW[7]      ; HEX1[3]     ; 3.531 ; 3.531 ; 3.531 ; 3.531 ;
; SW[7]      ; HEX1[4]     ; 3.541 ; 3.541 ; 3.541 ; 3.541 ;
; SW[7]      ; HEX1[5]     ; 3.573 ; 3.573 ; 3.573 ; 3.573 ;
; SW[7]      ; HEX3[0]     ;       ; 3.376 ; 3.376 ;       ;
; SW[7]      ; HEX3[1]     ;       ; 3.641 ; 3.641 ;       ;
; SW[7]      ; HEX3[2]     ;       ; 3.647 ; 3.647 ;       ;
; SW[7]      ; HEX3[3]     ;       ; 3.337 ; 3.337 ;       ;
; SW[7]      ; HEX3[4]     ; 3.214 ;       ;       ; 3.214 ;
; SW[7]      ; HEX3[5]     ;       ; 3.382 ; 3.382 ;       ;
; SW[7]      ; HEX3[6]     ;       ; 3.517 ; 3.517 ;       ;
; SW[7]      ; LEDG[0]     ; 5.272 ; 5.272 ; 5.272 ; 5.272 ;
; SW[7]      ; LEDR[7]     ; 3.252 ;       ;       ; 3.252 ;
; SW[8]      ; LEDR[8]     ; 3.013 ;       ;       ; 3.013 ;
+------------+-------------+-------+-------+-------+-------+


-------------------
; Clock Transfers ;
-------------------
Nothing to report.


---------------
; Report TCCS ;
---------------
No dedicated SERDES Transmitter circuitry present in device or used in design


---------------
; Report RSKM ;
---------------
No dedicated SERDES Receiver circuitry present in device or used in design


+------------------------------------------------+
; Unconstrained Paths                            ;
+---------------------------------+-------+------+
; Property                        ; Setup ; Hold ;
+---------------------------------+-------+------+
; Illegal Clocks                  ; 0     ; 0    ;
; Unconstrained Clocks            ; 0     ; 0    ;
; Unconstrained Input Ports       ; 9     ; 9    ;
; Unconstrained Input Port Paths  ; 161   ; 161  ;
; Unconstrained Output Ports      ; 35    ; 35   ;
; Unconstrained Output Port Paths ; 161   ; 161  ;
+---------------------------------+-------+------+


+------------------------------------+
; TimeQuest Timing Analyzer Messages ;
+------------------------------------+
Info: *******************************************************************
Info: Running Quartus II 64-Bit TimeQuest Timing Analyzer
    Info: Version 13.0.1 Build 232 06/12/2013 Service Pack 1 SJ Web Edition
    Info: Processing started: Wed Aug 15 16:59:18 2018
Info: Command: quartus_sta part5 -c part5
Info: qsta_default_script.tcl version: #1
Info (20030): Parallel compilation is enabled and will use 4 of the 4 processors detected
Info (21077): Low junction temperature is 0 degrees C
Info (21077): High junction temperature is 85 degrees C
Critical Warning (332012): Synopsys Design Constraints File file not found: 'part5.sdc'. A Synopsys Design Constraints File is required by the TimeQuest Timing Analyzer to get proper timing constraints. Without it, the Compiler will not properly optimize the design.
Info (332142): No user constrained base clocks found in the design. Calling "derive_clocks -period 1.0"
Info (332096): The command derive_clocks did not find any clocks to derive.  No clocks were created or changed.
Warning (332068): No clocks defined in design.
Info: Found TIMEQUEST_REPORT_SCRIPT_INCLUDE_DEFAULT_ANALYSIS = ON
Info (332159): No clocks to report
Info: Analyzing Slow Model
Info (332140): No fmax paths to report
Info (332140): No Setup paths to report
Info (332140): No Hold paths to report
Info (332140): No Recovery paths to report
Info (332140): No Removal paths to report
Info (332140): No Minimum Pulse Width paths to report
Info (332001): The selected device family is not supported by the report_metastability command.
Info: Analyzing Fast Model
Info (332142): No user constrained base clocks found in the design. Calling "derive_clocks -period 1.0"
Info (332096): The command derive_clocks did not find any clocks to derive.  No clocks were created or changed.
Warning (332068): No clocks defined in design.
Info (332140): No Setup paths to report
Info (332140): No Hold paths to report
Info (332140): No Recovery paths to report
Info (332140): No Removal paths to report
Info (332140): No Minimum Pulse Width paths to report
Info (332001): The selected device family is not supported by the report_metastability command.
Info (332102): Design is not fully constrained for setup requirements
Info (332102): Design is not fully constrained for hold requirements
Info: Quartus II 64-Bit TimeQuest Timing Analyzer was successful. 0 errors, 3 warnings
    Info: Peak virtual memory: 426 megabytes
    Info: Processing ended: Wed Aug 15 16:59:29 2018
    Info: Elapsed time: 00:00:11
    Info: Total CPU time (on all processors): 00:00:03


