TimeQuest Timing Analyzer report for part5
Sun Aug 12 17:36:15 2018
Quartus II 64-Bit Version 13.0.1 Build 232 06/12/2013 Service Pack 1 SJ Full Version


---------------------
; Table of Contents ;
---------------------
  1. Legal Notice
  2. TimeQuest Timing Analyzer Summary
  3. Parallel Compilation
  4. Clocks
  5. Slow Model Fmax Summary
  6. Slow Model Setup Summary
  7. Slow Model Hold Summary
  8. Slow Model Recovery Summary
  9. Slow Model Removal Summary
 10. Slow Model Minimum Pulse Width Summary
 11. Propagation Delay
 12. Minimum Propagation Delay
 13. Fast Model Setup Summary
 14. Fast Model Hold Summary
 15. Fast Model Recovery Summary
 16. Fast Model Removal Summary
 17. Fast Model Minimum Pulse Width Summary
 18. Propagation Delay
 19. Minimum Propagation Delay
 20. Multicorner Timing Analysis Summary
 21. Progagation Delay
 22. Minimum Progagation Delay
 23. Clock Transfers
 24. Report TCCS
 25. Report RSKM
 26. Unconstrained Paths
 27. TimeQuest Timing Analyzer Messages



----------------
; Legal Notice ;
----------------
Copyright (C) 1991-2013 Altera Corporation
Your use of Altera Corporation's design tools, logic functions 
and other software and tools, and its AMPP partner logic 
functions, and any output files from any of the foregoing 
(including device programming or simulation files), and any 
associated documentation or information are expressly subject 
to the terms and conditions of the Altera Program License 
Subscription Agreement, Altera MegaCore Function License 
Agreement, or other applicable license agreement, including, 
without limitation, that your use is for the sole purpose of 
programming logic devices manufactured by Altera and sold by 
Altera or its authorized distributors.  Please refer to the 
applicable agreement for further details.



+-----------------------------------------------------------------------------------------+
; TimeQuest Timing Analyzer Summary                                                       ;
+--------------------+--------------------------------------------------------------------+
; Quartus II Version ; Version 13.0.1 Build 232 06/12/2013 Service Pack 1 SJ Full Version ;
; Revision Name      ; part5                                                              ;
; Device Family      ; Cyclone II                                                         ;
; Device Name        ; EP2C20F484C7                                                       ;
; Timing Models      ; Final                                                              ;
; Delay Model        ; Combined                                                           ;
; Rise/Fall Delays   ; Unavailable                                                        ;
+--------------------+--------------------------------------------------------------------+


+------------------------------------------+
; Parallel Compilation                     ;
+----------------------------+-------------+
; Processors                 ; Number      ;
+----------------------------+-------------+
; Number detected on machine ; 4           ;
; Maximum allowed            ; 4           ;
;                            ;             ;
; Average used               ; 1.00        ;
; Maximum used               ; 1           ;
;                            ;             ;
; Usage by Processor         ; % Time Used ;
;     Processor 1            ; 100.0%      ;
;     Processors 2-4         ;   0.0%      ;
+----------------------------+-------------+


----------
; Clocks ;
----------
No clocks to report.


---------------------------
; Slow Model Fmax Summary ;
---------------------------
No paths to report.


----------------------------
; Slow Model Setup Summary ;
----------------------------
No paths to report.


---------------------------
; Slow Model Hold Summary ;
---------------------------
No paths to report.


-------------------------------
; Slow Model Recovery Summary ;
-------------------------------
No paths to report.


------------------------------
; Slow Model Removal Summary ;
------------------------------
No paths to report.


------------------------------------------
; Slow Model Minimum Pulse Width Summary ;
------------------------------------------
No paths to report.


+----------------------------------------------------------+
; Propagation Delay                                        ;
+------------+-------------+-------+-------+-------+-------+
; Input Port ; Output Port ; RR    ; RF    ; FR    ; FF    ;
+------------+-------------+-------+-------+-------+-------+
; SW[0]      ; HEX0[0]     ;       ; 8.057 ; 8.057 ;       ;
; SW[0]      ; HEX0[1]     ; 7.602 ;       ;       ; 7.602 ;
; SW[0]      ; HEX0[2]     ; 7.596 ;       ;       ; 7.596 ;
; SW[0]      ; HEX0[3]     ; 8.090 ; 8.090 ; 8.090 ; 8.090 ;
; SW[0]      ; HEX0[4]     ; 8.090 ; 8.090 ; 8.090 ; 8.090 ;
; SW[0]      ; HEX0[5]     ;       ; 8.082 ; 8.082 ;       ;
; SW[0]      ; HEX0[6]     ; 8.090 ; 8.090 ; 8.090 ; 8.090 ;
; SW[0]      ; HEX1[0]     ; 8.097 ;       ;       ; 8.097 ;
; SW[0]      ; HEX1[3]     ; 7.562 ;       ;       ; 7.562 ;
; SW[0]      ; HEX1[4]     ; 7.572 ;       ;       ; 7.572 ;
; SW[0]      ; HEX1[5]     ; 7.740 ;       ;       ; 7.740 ;
; SW[0]      ; HEX1[6]     ; 7.246 ;       ;       ; 7.246 ;
; SW[0]      ; HEX2[0]     ; 7.694 ;       ;       ; 7.694 ;
; SW[0]      ; HEX2[1]     ; 8.051 ; 8.051 ; 8.051 ; 8.051 ;
; SW[0]      ; HEX2[2]     ; 8.091 ; 8.091 ; 8.091 ; 8.091 ;
; SW[0]      ; HEX2[5]     ; 8.050 ;       ;       ; 8.050 ;
; SW[1]      ; HEX0[0]     ; 8.274 ;       ;       ; 8.274 ;
; SW[1]      ; HEX0[3]     ; 8.307 ; 8.307 ; 8.307 ; 8.307 ;
; SW[1]      ; HEX0[4]     ; 8.307 ; 8.307 ; 8.307 ; 8.307 ;
; SW[1]      ; HEX0[5]     ; 8.299 ;       ;       ; 8.299 ;
; SW[1]      ; HEX0[6]     ; 8.307 ; 8.307 ; 8.307 ; 8.307 ;
; SW[1]      ; HEX1[0]     ;       ; 8.315 ; 8.315 ;       ;
; SW[1]      ; HEX1[1]     ; 7.617 ;       ;       ; 7.617 ;
; SW[1]      ; HEX1[2]     ; 7.617 ;       ;       ; 7.617 ;
; SW[1]      ; HEX1[5]     ;       ; 7.958 ; 7.958 ;       ;
; SW[1]      ; HEX2[0]     ; 7.914 ;       ;       ; 7.914 ;
; SW[1]      ; HEX2[1]     ; 8.268 ; 8.268 ; 8.268 ; 8.268 ;
; SW[1]      ; HEX2[2]     ; 8.308 ; 8.308 ; 8.308 ; 8.308 ;
; SW[1]      ; HEX2[3]     ; 7.662 ;       ;       ; 7.662 ;
; SW[1]      ; HEX2[4]     ; 7.655 ;       ;       ; 7.655 ;
; SW[1]      ; HEX2[5]     ; 8.270 ;       ;       ; 8.270 ;
; SW[1]      ; HEX2[6]     ; 7.664 ;       ;       ; 7.664 ;
; SW[2]      ; HEX0[0]     ;       ; 8.250 ; 8.250 ;       ;
; SW[2]      ; HEX0[1]     ; 8.295 ;       ;       ; 8.295 ;
; SW[2]      ; HEX0[2]     ; 8.289 ;       ;       ; 8.289 ;
; SW[2]      ; HEX0[3]     ; 8.283 ; 8.283 ; 8.283 ; 8.283 ;
; SW[2]      ; HEX0[4]     ; 8.283 ; 8.283 ; 8.283 ; 8.283 ;
; SW[2]      ; HEX0[5]     ;       ; 8.275 ; 8.275 ;       ;
; SW[2]      ; HEX0[6]     ; 8.283 ; 8.283 ; 8.283 ; 8.283 ;
; SW[2]      ; HEX1[0]     ; 8.236 ;       ;       ; 8.236 ;
; SW[2]      ; HEX1[3]     ; 8.255 ;       ;       ; 8.255 ;
; SW[2]      ; HEX1[4]     ; 8.265 ;       ;       ; 8.265 ;
; SW[2]      ; HEX1[5]     ; 7.879 ;       ;       ; 7.879 ;
; SW[2]      ; HEX1[6]     ; 7.939 ;       ;       ; 7.939 ;
; SW[2]      ; HEX2[0]     ; 7.831 ;       ;       ; 7.831 ;
; SW[2]      ; HEX2[1]     ; 8.244 ; 8.244 ; 8.244 ; 8.244 ;
; SW[2]      ; HEX2[2]     ; 8.284 ; 8.284 ; 8.284 ; 8.284 ;
; SW[2]      ; HEX2[5]     ; 8.187 ;       ;       ; 8.187 ;
; SW[3]      ; HEX0[0]     ; 8.799 ;       ;       ; 8.799 ;
; SW[3]      ; HEX0[3]     ; 8.922 ; 8.922 ; 8.922 ; 8.922 ;
; SW[3]      ; HEX0[4]     ; 8.922 ; 8.922 ; 8.922 ; 8.922 ;
; SW[3]      ; HEX0[5]     ; 8.824 ;       ;       ; 8.824 ;
; SW[3]      ; HEX0[6]     ; 8.922 ; 8.922 ; 8.922 ; 8.922 ;
; SW[3]      ; HEX1[0]     ;       ; 8.930 ; 8.930 ;       ;
; SW[3]      ; HEX1[1]     ; 8.654 ;       ;       ; 8.654 ;
; SW[3]      ; HEX1[2]     ; 8.654 ;       ;       ; 8.654 ;
; SW[3]      ; HEX1[5]     ;       ; 8.573 ; 8.573 ;       ;
; SW[3]      ; HEX2[0]     ; 8.444 ;       ;       ; 8.444 ;
; SW[3]      ; HEX2[1]     ; 8.883 ; 8.883 ; 8.883 ; 8.883 ;
; SW[3]      ; HEX2[2]     ; 8.923 ; 8.923 ; 8.923 ; 8.923 ;
; SW[3]      ; HEX2[3]     ; 8.699 ;       ;       ; 8.699 ;
; SW[3]      ; HEX2[4]     ; 8.692 ;       ;       ; 8.692 ;
; SW[3]      ; HEX2[5]     ; 8.800 ;       ;       ; 8.800 ;
; SW[3]      ; HEX2[6]     ; 8.701 ;       ;       ; 8.701 ;
; SW[4]      ; HEX0[0]     ;       ; 8.664 ; 8.664 ;       ;
; SW[4]      ; HEX0[1]     ; 8.709 ;       ;       ; 8.709 ;
; SW[4]      ; HEX0[2]     ; 8.703 ;       ;       ; 8.703 ;
; SW[4]      ; HEX0[3]     ; 8.697 ; 8.697 ; 8.697 ; 8.697 ;
; SW[4]      ; HEX0[4]     ; 8.697 ; 8.697 ; 8.697 ; 8.697 ;
; SW[4]      ; HEX0[5]     ;       ; 8.689 ; 8.689 ;       ;
; SW[4]      ; HEX0[6]     ; 8.697 ; 8.697 ; 8.697 ; 8.697 ;
; SW[4]      ; HEX1[0]     ; 8.650 ;       ;       ; 8.650 ;
; SW[4]      ; HEX1[3]     ; 8.669 ;       ;       ; 8.669 ;
; SW[4]      ; HEX1[4]     ; 8.679 ;       ;       ; 8.679 ;
; SW[4]      ; HEX1[5]     ; 8.293 ;       ;       ; 8.293 ;
; SW[4]      ; HEX1[6]     ; 8.353 ;       ;       ; 8.353 ;
; SW[4]      ; HEX2[0]     ; 8.245 ;       ;       ; 8.245 ;
; SW[4]      ; HEX2[1]     ; 8.658 ; 8.658 ; 8.658 ; 8.658 ;
; SW[4]      ; HEX2[2]     ; 8.698 ; 8.698 ; 8.698 ; 8.698 ;
; SW[4]      ; HEX2[5]     ; 8.601 ;       ;       ; 8.601 ;
; SW[5]      ; HEX0[0]     ; 8.166 ;       ;       ; 8.166 ;
; SW[5]      ; HEX0[3]     ; 8.289 ; 8.289 ; 8.289 ; 8.289 ;
; SW[5]      ; HEX0[4]     ; 8.289 ; 8.289 ; 8.289 ; 8.289 ;
; SW[5]      ; HEX0[5]     ; 8.191 ;       ;       ; 8.191 ;
; SW[5]      ; HEX0[6]     ; 8.289 ; 8.289 ; 8.289 ; 8.289 ;
; SW[5]      ; HEX1[0]     ;       ; 8.297 ; 8.297 ;       ;
; SW[5]      ; HEX1[1]     ; 8.021 ;       ;       ; 8.021 ;
; SW[5]      ; HEX1[2]     ; 8.021 ;       ;       ; 8.021 ;
; SW[5]      ; HEX1[5]     ;       ; 7.940 ; 7.940 ;       ;
; SW[5]      ; HEX2[0]     ; 7.811 ;       ;       ; 7.811 ;
; SW[5]      ; HEX2[1]     ; 8.250 ; 8.250 ; 8.250 ; 8.250 ;
; SW[5]      ; HEX2[2]     ; 8.290 ; 8.290 ; 8.290 ; 8.290 ;
; SW[5]      ; HEX2[3]     ; 8.066 ;       ;       ; 8.066 ;
; SW[5]      ; HEX2[4]     ; 8.059 ;       ;       ; 8.059 ;
; SW[5]      ; HEX2[5]     ; 8.167 ;       ;       ; 8.167 ;
; SW[5]      ; HEX2[6]     ; 8.068 ;       ;       ; 8.068 ;
; SW[8]      ; HEX0[0]     ; 7.678 ; 7.678 ; 7.678 ; 7.678 ;
; SW[8]      ; HEX0[1]     ; 7.556 ; 7.556 ; 7.556 ; 7.556 ;
; SW[8]      ; HEX0[2]     ; 7.550 ; 7.550 ; 7.550 ; 7.550 ;
; SW[8]      ; HEX0[3]     ; 7.801 ; 7.801 ; 7.801 ; 7.801 ;
; SW[8]      ; HEX0[4]     ; 7.801 ; 7.801 ; 7.801 ; 7.801 ;
; SW[8]      ; HEX0[5]     ; 7.703 ; 7.703 ; 7.703 ; 7.703 ;
; SW[8]      ; HEX0[6]     ; 7.801 ; 7.801 ; 7.801 ; 7.801 ;
; SW[8]      ; HEX1[0]     ; 7.809 ; 7.809 ; 7.809 ; 7.809 ;
; SW[8]      ; HEX1[1]     ; 7.533 ; 7.533 ; 7.533 ; 7.533 ;
; SW[8]      ; HEX1[2]     ; 7.533 ; 7.533 ; 7.533 ; 7.533 ;
; SW[8]      ; HEX1[3]     ; 7.516 ; 7.516 ; 7.516 ; 7.516 ;
; SW[8]      ; HEX1[4]     ; 7.526 ; 7.526 ; 7.526 ; 7.526 ;
; SW[8]      ; HEX1[5]     ; 7.452 ; 7.452 ; 7.452 ; 7.452 ;
; SW[8]      ; HEX1[6]     ; 7.200 ; 7.200 ; 7.200 ; 7.200 ;
; SW[8]      ; HEX2[0]     ; 7.323 ; 7.323 ; 7.323 ; 7.323 ;
; SW[8]      ; HEX2[1]     ; 7.762 ; 7.762 ; 7.762 ; 7.762 ;
; SW[8]      ; HEX2[2]     ; 7.802 ; 7.802 ; 7.802 ; 7.802 ;
; SW[8]      ; HEX2[3]     ; 7.578 ; 7.578 ; 7.578 ; 7.578 ;
; SW[8]      ; HEX2[4]     ; 7.571 ; 7.571 ; 7.571 ; 7.571 ;
; SW[8]      ; HEX2[5]     ; 7.679 ; 7.679 ; 7.679 ; 7.679 ;
; SW[8]      ; HEX2[6]     ; 7.580 ; 7.580 ; 7.580 ; 7.580 ;
; SW[9]      ; HEX0[0]     ; 7.390 ; 7.519 ; 7.519 ; 7.390 ;
; SW[9]      ; HEX0[1]     ; 6.583 ; 7.435 ; 7.435 ; 6.583 ;
; SW[9]      ; HEX0[2]     ; 6.577 ; 7.429 ; 7.429 ; 6.577 ;
; SW[9]      ; HEX0[3]     ; 7.642 ; 7.642 ; 7.642 ; 7.642 ;
; SW[9]      ; HEX0[4]     ; 7.642 ; 7.642 ; 7.642 ; 7.642 ;
; SW[9]      ; HEX0[5]     ; 7.415 ; 7.544 ; 7.544 ; 7.415 ;
; SW[9]      ; HEX0[6]     ; 7.642 ; 7.642 ; 7.642 ; 7.642 ;
; SW[9]      ; HEX1[0]     ; 7.650 ; 7.376 ; 7.376 ; 7.650 ;
; SW[9]      ; HEX1[1]     ; 6.534 ; 7.374 ; 7.374 ; 6.534 ;
; SW[9]      ; HEX1[2]     ; 6.534 ; 7.374 ; 7.374 ; 6.534 ;
; SW[9]      ; HEX1[3]     ; 6.543 ; 7.395 ; 7.395 ; 6.543 ;
; SW[9]      ; HEX1[4]     ; 6.553 ; 7.405 ; 7.405 ; 6.553 ;
; SW[9]      ; HEX1[5]     ; 7.293 ; 7.019 ; 7.019 ; 7.293 ;
; SW[9]      ; HEX1[6]     ; 6.227 ; 7.079 ; 7.079 ; 6.227 ;
; SW[9]      ; HEX2[0]     ; 6.831 ; 7.164 ; 7.164 ; 6.831 ;
; SW[9]      ; HEX2[1]     ; 7.603 ; 7.603 ; 7.603 ; 7.603 ;
; SW[9]      ; HEX2[2]     ; 7.643 ; 7.643 ; 7.643 ; 7.643 ;
; SW[9]      ; HEX2[3]     ; 6.579 ; 7.419 ; 7.419 ; 6.579 ;
; SW[9]      ; HEX2[4]     ; 6.572 ; 7.412 ; 7.412 ; 6.572 ;
; SW[9]      ; HEX2[5]     ; 7.187 ; 7.520 ; 7.520 ; 7.187 ;
; SW[9]      ; HEX2[6]     ; 6.581 ; 7.421 ; 7.421 ; 6.581 ;
+------------+-------------+-------+-------+-------+-------+


+----------------------------------------------------------+
; Minimum Propagation Delay                                ;
+------------+-------------+-------+-------+-------+-------+
; Input Port ; Output Port ; RR    ; RF    ; FR    ; FF    ;
+------------+-------------+-------+-------+-------+-------+
; SW[0]      ; HEX0[0]     ;       ; 8.057 ; 8.057 ;       ;
; SW[0]      ; HEX0[1]     ; 7.602 ;       ;       ; 7.602 ;
; SW[0]      ; HEX0[2]     ; 7.596 ;       ;       ; 7.596 ;
; SW[0]      ; HEX0[3]     ; 8.090 ; 8.090 ; 8.090 ; 8.090 ;
; SW[0]      ; HEX0[4]     ; 8.090 ; 8.090 ; 8.090 ; 8.090 ;
; SW[0]      ; HEX0[5]     ;       ; 8.082 ; 8.082 ;       ;
; SW[0]      ; HEX0[6]     ; 8.090 ; 8.090 ; 8.090 ; 8.090 ;
; SW[0]      ; HEX1[0]     ; 8.097 ;       ;       ; 8.097 ;
; SW[0]      ; HEX1[3]     ; 7.562 ;       ;       ; 7.562 ;
; SW[0]      ; HEX1[4]     ; 7.572 ;       ;       ; 7.572 ;
; SW[0]      ; HEX1[5]     ; 7.740 ;       ;       ; 7.740 ;
; SW[0]      ; HEX1[6]     ; 7.246 ;       ;       ; 7.246 ;
; SW[0]      ; HEX2[0]     ; 7.694 ;       ;       ; 7.694 ;
; SW[0]      ; HEX2[1]     ; 8.051 ; 8.051 ; 8.051 ; 8.051 ;
; SW[0]      ; HEX2[2]     ; 8.091 ; 8.091 ; 8.091 ; 8.091 ;
; SW[0]      ; HEX2[5]     ; 8.050 ;       ;       ; 8.050 ;
; SW[1]      ; HEX0[0]     ; 8.274 ;       ;       ; 8.274 ;
; SW[1]      ; HEX0[3]     ; 8.307 ; 8.307 ; 8.307 ; 8.307 ;
; SW[1]      ; HEX0[4]     ; 8.307 ; 8.307 ; 8.307 ; 8.307 ;
; SW[1]      ; HEX0[5]     ; 8.299 ;       ;       ; 8.299 ;
; SW[1]      ; HEX0[6]     ; 8.307 ; 8.307 ; 8.307 ; 8.307 ;
; SW[1]      ; HEX1[0]     ;       ; 8.315 ; 8.315 ;       ;
; SW[1]      ; HEX1[1]     ; 7.617 ;       ;       ; 7.617 ;
; SW[1]      ; HEX1[2]     ; 7.617 ;       ;       ; 7.617 ;
; SW[1]      ; HEX1[5]     ;       ; 7.958 ; 7.958 ;       ;
; SW[1]      ; HEX2[0]     ; 7.914 ;       ;       ; 7.914 ;
; SW[1]      ; HEX2[1]     ; 8.268 ; 8.268 ; 8.268 ; 8.268 ;
; SW[1]      ; HEX2[2]     ; 8.308 ; 8.308 ; 8.308 ; 8.308 ;
; SW[1]      ; HEX2[3]     ; 7.662 ;       ;       ; 7.662 ;
; SW[1]      ; HEX2[4]     ; 7.655 ;       ;       ; 7.655 ;
; SW[1]      ; HEX2[5]     ; 8.270 ;       ;       ; 8.270 ;
; SW[1]      ; HEX2[6]     ; 7.664 ;       ;       ; 7.664 ;
; SW[2]      ; HEX0[0]     ;       ; 8.250 ; 8.250 ;       ;
; SW[2]      ; HEX0[1]     ; 8.295 ;       ;       ; 8.295 ;
; SW[2]      ; HEX0[2]     ; 8.289 ;       ;       ; 8.289 ;
; SW[2]      ; HEX0[3]     ; 8.283 ; 8.283 ; 8.283 ; 8.283 ;
; SW[2]      ; HEX0[4]     ; 8.283 ; 8.283 ; 8.283 ; 8.283 ;
; SW[2]      ; HEX0[5]     ;       ; 8.275 ; 8.275 ;       ;
; SW[2]      ; HEX0[6]     ; 8.283 ; 8.283 ; 8.283 ; 8.283 ;
; SW[2]      ; HEX1[0]     ; 8.236 ;       ;       ; 8.236 ;
; SW[2]      ; HEX1[3]     ; 8.255 ;       ;       ; 8.255 ;
; SW[2]      ; HEX1[4]     ; 8.265 ;       ;       ; 8.265 ;
; SW[2]      ; HEX1[5]     ; 7.879 ;       ;       ; 7.879 ;
; SW[2]      ; HEX1[6]     ; 7.939 ;       ;       ; 7.939 ;
; SW[2]      ; HEX2[0]     ; 7.831 ;       ;       ; 7.831 ;
; SW[2]      ; HEX2[1]     ; 8.244 ; 8.244 ; 8.244 ; 8.244 ;
; SW[2]      ; HEX2[2]     ; 8.284 ; 8.284 ; 8.284 ; 8.284 ;
; SW[2]      ; HEX2[5]     ; 8.187 ;       ;       ; 8.187 ;
; SW[3]      ; HEX0[0]     ; 8.799 ;       ;       ; 8.799 ;
; SW[3]      ; HEX0[3]     ; 8.922 ; 8.922 ; 8.922 ; 8.922 ;
; SW[3]      ; HEX0[4]     ; 8.922 ; 8.922 ; 8.922 ; 8.922 ;
; SW[3]      ; HEX0[5]     ; 8.824 ;       ;       ; 8.824 ;
; SW[3]      ; HEX0[6]     ; 8.922 ; 8.922 ; 8.922 ; 8.922 ;
; SW[3]      ; HEX1[0]     ;       ; 8.930 ; 8.930 ;       ;
; SW[3]      ; HEX1[1]     ; 8.654 ;       ;       ; 8.654 ;
; SW[3]      ; HEX1[2]     ; 8.654 ;       ;       ; 8.654 ;
; SW[3]      ; HEX1[5]     ;       ; 8.573 ; 8.573 ;       ;
; SW[3]      ; HEX2[0]     ; 8.444 ;       ;       ; 8.444 ;
; SW[3]      ; HEX2[1]     ; 8.883 ; 8.883 ; 8.883 ; 8.883 ;
; SW[3]      ; HEX2[2]     ; 8.923 ; 8.923 ; 8.923 ; 8.923 ;
; SW[3]      ; HEX2[3]     ; 8.699 ;       ;       ; 8.699 ;
; SW[3]      ; HEX2[4]     ; 8.692 ;       ;       ; 8.692 ;
; SW[3]      ; HEX2[5]     ; 8.800 ;       ;       ; 8.800 ;
; SW[3]      ; HEX2[6]     ; 8.701 ;       ;       ; 8.701 ;
; SW[4]      ; HEX0[0]     ;       ; 8.664 ; 8.664 ;       ;
; SW[4]      ; HEX0[1]     ; 8.709 ;       ;       ; 8.709 ;
; SW[4]      ; HEX0[2]     ; 8.703 ;       ;       ; 8.703 ;
; SW[4]      ; HEX0[3]     ; 8.697 ; 8.697 ; 8.697 ; 8.697 ;
; SW[4]      ; HEX0[4]     ; 8.697 ; 8.697 ; 8.697 ; 8.697 ;
; SW[4]      ; HEX0[5]     ;       ; 8.689 ; 8.689 ;       ;
; SW[4]      ; HEX0[6]     ; 8.697 ; 8.697 ; 8.697 ; 8.697 ;
; SW[4]      ; HEX1[0]     ; 8.650 ;       ;       ; 8.650 ;
; SW[4]      ; HEX1[3]     ; 8.669 ;       ;       ; 8.669 ;
; SW[4]      ; HEX1[4]     ; 8.679 ;       ;       ; 8.679 ;
; SW[4]      ; HEX1[5]     ; 8.293 ;       ;       ; 8.293 ;
; SW[4]      ; HEX1[6]     ; 8.353 ;       ;       ; 8.353 ;
; SW[4]      ; HEX2[0]     ; 8.245 ;       ;       ; 8.245 ;
; SW[4]      ; HEX2[1]     ; 8.658 ; 8.658 ; 8.658 ; 8.658 ;
; SW[4]      ; HEX2[2]     ; 8.698 ; 8.698 ; 8.698 ; 8.698 ;
; SW[4]      ; HEX2[5]     ; 8.601 ;       ;       ; 8.601 ;
; SW[5]      ; HEX0[0]     ; 8.166 ;       ;       ; 8.166 ;
; SW[5]      ; HEX0[3]     ; 8.289 ; 8.289 ; 8.289 ; 8.289 ;
; SW[5]      ; HEX0[4]     ; 8.289 ; 8.289 ; 8.289 ; 8.289 ;
; SW[5]      ; HEX0[5]     ; 8.191 ;       ;       ; 8.191 ;
; SW[5]      ; HEX0[6]     ; 8.289 ; 8.289 ; 8.289 ; 8.289 ;
; SW[5]      ; HEX1[0]     ;       ; 8.297 ; 8.297 ;       ;
; SW[5]      ; HEX1[1]     ; 8.021 ;       ;       ; 8.021 ;
; SW[5]      ; HEX1[2]     ; 8.021 ;       ;       ; 8.021 ;
; SW[5]      ; HEX1[5]     ;       ; 7.940 ; 7.940 ;       ;
; SW[5]      ; HEX2[0]     ; 7.811 ;       ;       ; 7.811 ;
; SW[5]      ; HEX2[1]     ; 8.250 ; 8.250 ; 8.250 ; 8.250 ;
; SW[5]      ; HEX2[2]     ; 8.290 ; 8.290 ; 8.290 ; 8.290 ;
; SW[5]      ; HEX2[3]     ; 8.066 ;       ;       ; 8.066 ;
; SW[5]      ; HEX2[4]     ; 8.059 ;       ;       ; 8.059 ;
; SW[5]      ; HEX2[5]     ; 8.167 ;       ;       ; 8.167 ;
; SW[5]      ; HEX2[6]     ; 8.068 ;       ;       ; 8.068 ;
; SW[8]      ; HEX0[0]     ; 7.511 ; 7.511 ; 7.511 ; 7.511 ;
; SW[8]      ; HEX0[1]     ; 7.556 ; 7.556 ; 7.556 ; 7.556 ;
; SW[8]      ; HEX0[2]     ; 7.550 ; 7.550 ; 7.550 ; 7.550 ;
; SW[8]      ; HEX0[3]     ; 7.544 ; 7.544 ; 7.544 ; 7.544 ;
; SW[8]      ; HEX0[4]     ; 7.544 ; 7.544 ; 7.544 ; 7.544 ;
; SW[8]      ; HEX0[5]     ; 7.536 ; 7.536 ; 7.536 ; 7.536 ;
; SW[8]      ; HEX0[6]     ; 7.544 ; 7.544 ; 7.544 ; 7.544 ;
; SW[8]      ; HEX1[0]     ; 7.497 ; 7.497 ; 7.497 ; 7.497 ;
; SW[8]      ; HEX1[1]     ; 7.533 ; 7.533 ; 7.533 ; 7.533 ;
; SW[8]      ; HEX1[2]     ; 7.533 ; 7.533 ; 7.533 ; 7.533 ;
; SW[8]      ; HEX1[3]     ; 7.516 ; 7.516 ; 7.516 ; 7.516 ;
; SW[8]      ; HEX1[4]     ; 7.526 ; 7.526 ; 7.526 ; 7.526 ;
; SW[8]      ; HEX1[5]     ; 7.140 ; 7.140 ; 7.140 ; 7.140 ;
; SW[8]      ; HEX1[6]     ; 7.200 ; 7.200 ; 7.200 ; 7.200 ;
; SW[8]      ; HEX2[0]     ; 7.092 ; 7.092 ; 7.092 ; 7.092 ;
; SW[8]      ; HEX2[1]     ; 7.505 ; 7.505 ; 7.505 ; 7.505 ;
; SW[8]      ; HEX2[2]     ; 7.545 ; 7.545 ; 7.545 ; 7.545 ;
; SW[8]      ; HEX2[3]     ; 7.578 ; 7.578 ; 7.578 ; 7.578 ;
; SW[8]      ; HEX2[4]     ; 7.571 ; 7.571 ; 7.571 ; 7.571 ;
; SW[8]      ; HEX2[5]     ; 7.448 ; 7.448 ; 7.448 ; 7.448 ;
; SW[8]      ; HEX2[6]     ; 7.580 ; 7.580 ; 7.580 ; 7.580 ;
; SW[9]      ; HEX0[0]     ; 7.191 ; 7.041 ; 7.041 ; 7.191 ;
; SW[9]      ; HEX0[1]     ; 6.583 ; 7.435 ; 7.435 ; 6.583 ;
; SW[9]      ; HEX0[2]     ; 6.577 ; 7.429 ; 7.429 ; 6.577 ;
; SW[9]      ; HEX0[3]     ; 7.074 ; 7.074 ; 7.074 ; 7.074 ;
; SW[9]      ; HEX0[4]     ; 7.074 ; 7.074 ; 7.074 ; 7.074 ;
; SW[9]      ; HEX0[5]     ; 7.216 ; 7.066 ; 7.066 ; 7.216 ;
; SW[9]      ; HEX0[6]     ; 7.074 ; 7.074 ; 7.074 ; 7.074 ;
; SW[9]      ; HEX1[0]     ; 7.081 ; 7.232 ; 7.232 ; 7.081 ;
; SW[9]      ; HEX1[1]     ; 6.534 ; 7.374 ; 7.374 ; 6.534 ;
; SW[9]      ; HEX1[2]     ; 6.534 ; 7.374 ; 7.374 ; 6.534 ;
; SW[9]      ; HEX1[3]     ; 6.543 ; 7.395 ; 7.395 ; 6.543 ;
; SW[9]      ; HEX1[4]     ; 6.553 ; 7.405 ; 7.405 ; 6.553 ;
; SW[9]      ; HEX1[5]     ; 6.724 ; 6.875 ; 6.875 ; 6.724 ;
; SW[9]      ; HEX1[6]     ; 6.227 ; 7.079 ; 7.079 ; 6.227 ;
; SW[9]      ; HEX2[0]     ; 6.678 ; 6.971 ; 6.971 ; 6.678 ;
; SW[9]      ; HEX2[1]     ; 7.035 ; 7.035 ; 7.035 ; 7.035 ;
; SW[9]      ; HEX2[2]     ; 7.075 ; 7.075 ; 7.075 ; 7.075 ;
; SW[9]      ; HEX2[3]     ; 6.579 ; 7.419 ; 7.419 ; 6.579 ;
; SW[9]      ; HEX2[4]     ; 6.572 ; 7.412 ; 7.412 ; 6.572 ;
; SW[9]      ; HEX2[5]     ; 7.034 ; 7.327 ; 7.327 ; 7.034 ;
; SW[9]      ; HEX2[6]     ; 6.581 ; 7.421 ; 7.421 ; 6.581 ;
+------------+-------------+-------+-------+-------+-------+


----------------------------
; Fast Model Setup Summary ;
----------------------------
No paths to report.


---------------------------
; Fast Model Hold Summary ;
---------------------------
No paths to report.


-------------------------------
; Fast Model Recovery Summary ;
-------------------------------
No paths to report.


------------------------------
; Fast Model Removal Summary ;
------------------------------
No paths to report.


------------------------------------------
; Fast Model Minimum Pulse Width Summary ;
------------------------------------------
No paths to report.


+----------------------------------------------------------+
; Propagation Delay                                        ;
+------------+-------------+-------+-------+-------+-------+
; Input Port ; Output Port ; RR    ; RF    ; FR    ; FF    ;
+------------+-------------+-------+-------+-------+-------+
; SW[0]      ; HEX0[0]     ;       ; 3.684 ; 3.684 ;       ;
; SW[0]      ; HEX0[1]     ; 3.539 ;       ;       ; 3.539 ;
; SW[0]      ; HEX0[2]     ; 3.534 ;       ;       ; 3.534 ;
; SW[0]      ; HEX0[3]     ; 3.714 ; 3.714 ; 3.714 ; 3.714 ;
; SW[0]      ; HEX0[4]     ; 3.716 ; 3.716 ; 3.716 ; 3.716 ;
; SW[0]      ; HEX0[5]     ;       ; 3.710 ; 3.710 ;       ;
; SW[0]      ; HEX0[6]     ; 3.716 ; 3.716 ; 3.716 ; 3.716 ;
; SW[0]      ; HEX1[0]     ; 3.724 ;       ;       ; 3.724 ;
; SW[0]      ; HEX1[3]     ; 3.502 ;       ;       ; 3.502 ;
; SW[0]      ; HEX1[4]     ; 3.512 ;       ;       ; 3.512 ;
; SW[0]      ; HEX1[5]     ; 3.581 ;       ;       ; 3.581 ;
; SW[0]      ; HEX1[6]     ; 3.400 ;       ;       ; 3.400 ;
; SW[0]      ; HEX2[0]     ; 3.535 ;       ;       ; 3.535 ;
; SW[0]      ; HEX2[1]     ; 3.676 ; 3.676 ; 3.676 ; 3.676 ;
; SW[0]      ; HEX2[2]     ; 3.716 ; 3.716 ; 3.716 ; 3.716 ;
; SW[0]      ; HEX2[5]     ; 3.680 ;       ;       ; 3.680 ;
; SW[1]      ; HEX0[0]     ; 3.763 ;       ;       ; 3.763 ;
; SW[1]      ; HEX0[3]     ; 3.792 ; 3.792 ; 3.792 ; 3.792 ;
; SW[1]      ; HEX0[4]     ; 3.794 ; 3.794 ; 3.794 ; 3.794 ;
; SW[1]      ; HEX0[5]     ; 3.789 ;       ;       ; 3.789 ;
; SW[1]      ; HEX0[6]     ; 3.794 ; 3.794 ; 3.794 ; 3.794 ;
; SW[1]      ; HEX1[0]     ;       ; 3.806 ; 3.806 ;       ;
; SW[1]      ; HEX1[1]     ; 3.520 ;       ;       ; 3.520 ;
; SW[1]      ; HEX1[2]     ; 3.520 ;       ;       ; 3.520 ;
; SW[1]      ; HEX1[5]     ;       ; 3.663 ; 3.663 ;       ;
; SW[1]      ; HEX2[0]     ; 3.618 ;       ;       ; 3.618 ;
; SW[1]      ; HEX2[1]     ; 3.754 ; 3.754 ; 3.754 ; 3.754 ;
; SW[1]      ; HEX2[2]     ; 3.794 ; 3.794 ; 3.794 ; 3.794 ;
; SW[1]      ; HEX2[3]     ; 3.563 ;       ;       ; 3.563 ;
; SW[1]      ; HEX2[4]     ; 3.556 ;       ;       ; 3.556 ;
; SW[1]      ; HEX2[5]     ; 3.763 ;       ;       ; 3.763 ;
; SW[1]      ; HEX2[6]     ; 3.564 ;       ;       ; 3.564 ;
; SW[2]      ; HEX0[0]     ;       ; 3.739 ; 3.739 ;       ;
; SW[2]      ; HEX0[1]     ; 3.775 ;       ;       ; 3.775 ;
; SW[2]      ; HEX0[2]     ; 3.770 ;       ;       ; 3.770 ;
; SW[2]      ; HEX0[3]     ; 3.768 ; 3.768 ; 3.768 ; 3.768 ;
; SW[2]      ; HEX0[4]     ; 3.770 ; 3.770 ; 3.770 ; 3.770 ;
; SW[2]      ; HEX0[5]     ;       ; 3.765 ; 3.765 ;       ;
; SW[2]      ; HEX0[6]     ; 3.770 ; 3.770 ; 3.770 ; 3.770 ;
; SW[2]      ; HEX1[0]     ; 3.784 ;       ;       ; 3.784 ;
; SW[2]      ; HEX1[3]     ; 3.738 ;       ;       ; 3.738 ;
; SW[2]      ; HEX1[4]     ; 3.748 ;       ;       ; 3.748 ;
; SW[2]      ; HEX1[5]     ; 3.641 ;       ;       ; 3.641 ;
; SW[2]      ; HEX1[6]     ; 3.636 ;       ;       ; 3.636 ;
; SW[2]      ; HEX2[0]     ; 3.602 ;       ;       ; 3.602 ;
; SW[2]      ; HEX2[1]     ; 3.730 ; 3.730 ; 3.730 ; 3.730 ;
; SW[2]      ; HEX2[2]     ; 3.770 ; 3.770 ; 3.770 ; 3.770 ;
; SW[2]      ; HEX2[5]     ; 3.747 ;       ;       ; 3.747 ;
; SW[3]      ; HEX0[0]     ; 4.065 ;       ;       ; 4.065 ;
; SW[3]      ; HEX0[3]     ; 4.094 ; 4.094 ; 4.094 ; 4.094 ;
; SW[3]      ; HEX0[4]     ; 4.096 ; 4.096 ; 4.096 ; 4.096 ;
; SW[3]      ; HEX0[5]     ; 4.091 ;       ;       ; 4.091 ;
; SW[3]      ; HEX0[6]     ; 4.096 ; 4.096 ; 4.096 ; 4.096 ;
; SW[3]      ; HEX1[0]     ;       ; 4.112 ; 4.112 ;       ;
; SW[3]      ; HEX1[1]     ; 3.963 ;       ;       ; 3.963 ;
; SW[3]      ; HEX1[2]     ; 3.963 ;       ;       ; 3.963 ;
; SW[3]      ; HEX1[5]     ;       ; 3.969 ; 3.969 ;       ;
; SW[3]      ; HEX2[0]     ; 3.928 ;       ;       ; 3.928 ;
; SW[3]      ; HEX2[1]     ; 4.056 ; 4.056 ; 4.056 ; 4.056 ;
; SW[3]      ; HEX2[2]     ; 4.096 ; 4.096 ; 4.096 ; 4.096 ;
; SW[3]      ; HEX2[3]     ; 4.006 ;       ;       ; 4.006 ;
; SW[3]      ; HEX2[4]     ; 3.999 ;       ;       ; 3.999 ;
; SW[3]      ; HEX2[5]     ; 4.073 ;       ;       ; 4.073 ;
; SW[3]      ; HEX2[6]     ; 4.007 ;       ;       ; 4.007 ;
; SW[4]      ; HEX0[0]     ;       ; 3.968 ; 3.968 ;       ;
; SW[4]      ; HEX0[1]     ; 4.004 ;       ;       ; 4.004 ;
; SW[4]      ; HEX0[2]     ; 3.999 ;       ;       ; 3.999 ;
; SW[4]      ; HEX0[3]     ; 3.997 ; 3.997 ; 3.997 ; 3.997 ;
; SW[4]      ; HEX0[4]     ; 3.999 ; 3.999 ; 3.999 ; 3.999 ;
; SW[4]      ; HEX0[5]     ;       ; 3.994 ; 3.994 ;       ;
; SW[4]      ; HEX0[6]     ; 3.999 ; 3.999 ; 3.999 ; 3.999 ;
; SW[4]      ; HEX1[0]     ; 4.013 ;       ;       ; 4.013 ;
; SW[4]      ; HEX1[3]     ; 3.967 ;       ;       ; 3.967 ;
; SW[4]      ; HEX1[4]     ; 3.977 ;       ;       ; 3.977 ;
; SW[4]      ; HEX1[5]     ; 3.870 ;       ;       ; 3.870 ;
; SW[4]      ; HEX1[6]     ; 3.865 ;       ;       ; 3.865 ;
; SW[4]      ; HEX2[0]     ; 3.831 ;       ;       ; 3.831 ;
; SW[4]      ; HEX2[1]     ; 3.959 ; 3.959 ; 3.959 ; 3.959 ;
; SW[4]      ; HEX2[2]     ; 3.999 ; 3.999 ; 3.999 ; 3.999 ;
; SW[4]      ; HEX2[5]     ; 3.976 ;       ;       ; 3.976 ;
; SW[5]      ; HEX0[0]     ; 3.744 ;       ;       ; 3.744 ;
; SW[5]      ; HEX0[3]     ; 3.773 ; 3.773 ; 3.773 ; 3.773 ;
; SW[5]      ; HEX0[4]     ; 3.775 ; 3.775 ; 3.775 ; 3.775 ;
; SW[5]      ; HEX0[5]     ; 3.770 ;       ;       ; 3.770 ;
; SW[5]      ; HEX0[6]     ; 3.775 ; 3.775 ; 3.775 ; 3.775 ;
; SW[5]      ; HEX1[0]     ;       ; 3.791 ; 3.791 ;       ;
; SW[5]      ; HEX1[1]     ; 3.642 ;       ;       ; 3.642 ;
; SW[5]      ; HEX1[2]     ; 3.642 ;       ;       ; 3.642 ;
; SW[5]      ; HEX1[5]     ;       ; 3.648 ; 3.648 ;       ;
; SW[5]      ; HEX2[0]     ; 3.607 ;       ;       ; 3.607 ;
; SW[5]      ; HEX2[1]     ; 3.735 ; 3.735 ; 3.735 ; 3.735 ;
; SW[5]      ; HEX2[2]     ; 3.775 ; 3.775 ; 3.775 ; 3.775 ;
; SW[5]      ; HEX2[3]     ; 3.685 ;       ;       ; 3.685 ;
; SW[5]      ; HEX2[4]     ; 3.678 ;       ;       ; 3.678 ;
; SW[5]      ; HEX2[5]     ; 3.752 ;       ;       ; 3.752 ;
; SW[5]      ; HEX2[6]     ; 3.686 ;       ;       ; 3.686 ;
; SW[8]      ; HEX0[0]     ; 3.494 ; 3.494 ; 3.494 ; 3.494 ;
; SW[8]      ; HEX0[1]     ; 3.451 ; 3.451 ; 3.451 ; 3.451 ;
; SW[8]      ; HEX0[2]     ; 3.446 ; 3.446 ; 3.446 ; 3.446 ;
; SW[8]      ; HEX0[3]     ; 3.523 ; 3.523 ; 3.523 ; 3.523 ;
; SW[8]      ; HEX0[4]     ; 3.525 ; 3.525 ; 3.525 ; 3.525 ;
; SW[8]      ; HEX0[5]     ; 3.520 ; 3.520 ; 3.520 ; 3.520 ;
; SW[8]      ; HEX0[6]     ; 3.525 ; 3.525 ; 3.525 ; 3.525 ;
; SW[8]      ; HEX1[0]     ; 3.541 ; 3.541 ; 3.541 ; 3.541 ;
; SW[8]      ; HEX1[1]     ; 3.392 ; 3.392 ; 3.392 ; 3.392 ;
; SW[8]      ; HEX1[2]     ; 3.392 ; 3.392 ; 3.392 ; 3.392 ;
; SW[8]      ; HEX1[3]     ; 3.414 ; 3.414 ; 3.414 ; 3.414 ;
; SW[8]      ; HEX1[4]     ; 3.424 ; 3.424 ; 3.424 ; 3.424 ;
; SW[8]      ; HEX1[5]     ; 3.398 ; 3.398 ; 3.398 ; 3.398 ;
; SW[8]      ; HEX1[6]     ; 3.312 ; 3.312 ; 3.312 ; 3.312 ;
; SW[8]      ; HEX2[0]     ; 3.357 ; 3.357 ; 3.357 ; 3.357 ;
; SW[8]      ; HEX2[1]     ; 3.485 ; 3.485 ; 3.485 ; 3.485 ;
; SW[8]      ; HEX2[2]     ; 3.525 ; 3.525 ; 3.525 ; 3.525 ;
; SW[8]      ; HEX2[3]     ; 3.435 ; 3.435 ; 3.435 ; 3.435 ;
; SW[8]      ; HEX2[4]     ; 3.428 ; 3.428 ; 3.428 ; 3.428 ;
; SW[8]      ; HEX2[5]     ; 3.502 ; 3.502 ; 3.502 ; 3.502 ;
; SW[8]      ; HEX2[6]     ; 3.436 ; 3.436 ; 3.436 ; 3.436 ;
; SW[9]      ; HEX0[0]     ; 3.370 ; 3.452 ; 3.452 ; 3.370 ;
; SW[9]      ; HEX0[1]     ; 3.107 ; 3.406 ; 3.406 ; 3.107 ;
; SW[9]      ; HEX0[2]     ; 3.102 ; 3.401 ; 3.401 ; 3.102 ;
; SW[9]      ; HEX0[3]     ; 3.481 ; 3.481 ; 3.481 ; 3.481 ;
; SW[9]      ; HEX0[4]     ; 3.483 ; 3.483 ; 3.483 ; 3.483 ;
; SW[9]      ; HEX0[5]     ; 3.396 ; 3.478 ; 3.478 ; 3.396 ;
; SW[9]      ; HEX0[6]     ; 3.483 ; 3.483 ; 3.483 ; 3.483 ;
; SW[9]      ; HEX1[0]     ; 3.499 ; 3.415 ; 3.415 ; 3.499 ;
; SW[9]      ; HEX1[1]     ; 3.060 ; 3.350 ; 3.350 ; 3.060 ;
; SW[9]      ; HEX1[2]     ; 3.060 ; 3.350 ; 3.350 ; 3.060 ;
; SW[9]      ; HEX1[3]     ; 3.070 ; 3.369 ; 3.369 ; 3.070 ;
; SW[9]      ; HEX1[4]     ; 3.080 ; 3.379 ; 3.379 ; 3.080 ;
; SW[9]      ; HEX1[5]     ; 3.356 ; 3.272 ; 3.272 ; 3.356 ;
; SW[9]      ; HEX1[6]     ; 2.968 ; 3.267 ; 3.267 ; 2.968 ;
; SW[9]      ; HEX2[0]     ; 3.184 ; 3.315 ; 3.315 ; 3.184 ;
; SW[9]      ; HEX2[1]     ; 3.443 ; 3.443 ; 3.443 ; 3.443 ;
; SW[9]      ; HEX2[2]     ; 3.483 ; 3.483 ; 3.483 ; 3.483 ;
; SW[9]      ; HEX2[3]     ; 3.103 ; 3.393 ; 3.393 ; 3.103 ;
; SW[9]      ; HEX2[4]     ; 3.096 ; 3.386 ; 3.386 ; 3.096 ;
; SW[9]      ; HEX2[5]     ; 3.329 ; 3.460 ; 3.460 ; 3.329 ;
; SW[9]      ; HEX2[6]     ; 3.104 ; 3.394 ; 3.394 ; 3.104 ;
+------------+-------------+-------+-------+-------+-------+


+----------------------------------------------------------+
; Minimum Propagation Delay                                ;
+------------+-------------+-------+-------+-------+-------+
; Input Port ; Output Port ; RR    ; RF    ; FR    ; FF    ;
+------------+-------------+-------+-------+-------+-------+
; SW[0]      ; HEX0[0]     ;       ; 3.684 ; 3.684 ;       ;
; SW[0]      ; HEX0[1]     ; 3.539 ;       ;       ; 3.539 ;
; SW[0]      ; HEX0[2]     ; 3.534 ;       ;       ; 3.534 ;
; SW[0]      ; HEX0[3]     ; 3.714 ; 3.714 ; 3.714 ; 3.714 ;
; SW[0]      ; HEX0[4]     ; 3.716 ; 3.716 ; 3.716 ; 3.716 ;
; SW[0]      ; HEX0[5]     ;       ; 3.710 ; 3.710 ;       ;
; SW[0]      ; HEX0[6]     ; 3.716 ; 3.716 ; 3.716 ; 3.716 ;
; SW[0]      ; HEX1[0]     ; 3.724 ;       ;       ; 3.724 ;
; SW[0]      ; HEX1[3]     ; 3.502 ;       ;       ; 3.502 ;
; SW[0]      ; HEX1[4]     ; 3.512 ;       ;       ; 3.512 ;
; SW[0]      ; HEX1[5]     ; 3.581 ;       ;       ; 3.581 ;
; SW[0]      ; HEX1[6]     ; 3.400 ;       ;       ; 3.400 ;
; SW[0]      ; HEX2[0]     ; 3.535 ;       ;       ; 3.535 ;
; SW[0]      ; HEX2[1]     ; 3.676 ; 3.676 ; 3.676 ; 3.676 ;
; SW[0]      ; HEX2[2]     ; 3.716 ; 3.716 ; 3.716 ; 3.716 ;
; SW[0]      ; HEX2[5]     ; 3.680 ;       ;       ; 3.680 ;
; SW[1]      ; HEX0[0]     ; 3.763 ;       ;       ; 3.763 ;
; SW[1]      ; HEX0[3]     ; 3.792 ; 3.792 ; 3.792 ; 3.792 ;
; SW[1]      ; HEX0[4]     ; 3.794 ; 3.794 ; 3.794 ; 3.794 ;
; SW[1]      ; HEX0[5]     ; 3.789 ;       ;       ; 3.789 ;
; SW[1]      ; HEX0[6]     ; 3.794 ; 3.794 ; 3.794 ; 3.794 ;
; SW[1]      ; HEX1[0]     ;       ; 3.806 ; 3.806 ;       ;
; SW[1]      ; HEX1[1]     ; 3.520 ;       ;       ; 3.520 ;
; SW[1]      ; HEX1[2]     ; 3.520 ;       ;       ; 3.520 ;
; SW[1]      ; HEX1[5]     ;       ; 3.663 ; 3.663 ;       ;
; SW[1]      ; HEX2[0]     ; 3.618 ;       ;       ; 3.618 ;
; SW[1]      ; HEX2[1]     ; 3.754 ; 3.754 ; 3.754 ; 3.754 ;
; SW[1]      ; HEX2[2]     ; 3.794 ; 3.794 ; 3.794 ; 3.794 ;
; SW[1]      ; HEX2[3]     ; 3.563 ;       ;       ; 3.563 ;
; SW[1]      ; HEX2[4]     ; 3.556 ;       ;       ; 3.556 ;
; SW[1]      ; HEX2[5]     ; 3.763 ;       ;       ; 3.763 ;
; SW[1]      ; HEX2[6]     ; 3.564 ;       ;       ; 3.564 ;
; SW[2]      ; HEX0[0]     ;       ; 3.739 ; 3.739 ;       ;
; SW[2]      ; HEX0[1]     ; 3.775 ;       ;       ; 3.775 ;
; SW[2]      ; HEX0[2]     ; 3.770 ;       ;       ; 3.770 ;
; SW[2]      ; HEX0[3]     ; 3.768 ; 3.768 ; 3.768 ; 3.768 ;
; SW[2]      ; HEX0[4]     ; 3.770 ; 3.770 ; 3.770 ; 3.770 ;
; SW[2]      ; HEX0[5]     ;       ; 3.765 ; 3.765 ;       ;
; SW[2]      ; HEX0[6]     ; 3.770 ; 3.770 ; 3.770 ; 3.770 ;
; SW[2]      ; HEX1[0]     ; 3.784 ;       ;       ; 3.784 ;
; SW[2]      ; HEX1[3]     ; 3.738 ;       ;       ; 3.738 ;
; SW[2]      ; HEX1[4]     ; 3.748 ;       ;       ; 3.748 ;
; SW[2]      ; HEX1[5]     ; 3.641 ;       ;       ; 3.641 ;
; SW[2]      ; HEX1[6]     ; 3.636 ;       ;       ; 3.636 ;
; SW[2]      ; HEX2[0]     ; 3.602 ;       ;       ; 3.602 ;
; SW[2]      ; HEX2[1]     ; 3.730 ; 3.730 ; 3.730 ; 3.730 ;
; SW[2]      ; HEX2[2]     ; 3.770 ; 3.770 ; 3.770 ; 3.770 ;
; SW[2]      ; HEX2[5]     ; 3.747 ;       ;       ; 3.747 ;
; SW[3]      ; HEX0[0]     ; 4.065 ;       ;       ; 4.065 ;
; SW[3]      ; HEX0[3]     ; 4.094 ; 4.094 ; 4.094 ; 4.094 ;
; SW[3]      ; HEX0[4]     ; 4.096 ; 4.096 ; 4.096 ; 4.096 ;
; SW[3]      ; HEX0[5]     ; 4.091 ;       ;       ; 4.091 ;
; SW[3]      ; HEX0[6]     ; 4.096 ; 4.096 ; 4.096 ; 4.096 ;
; SW[3]      ; HEX1[0]     ;       ; 4.112 ; 4.112 ;       ;
; SW[3]      ; HEX1[1]     ; 3.963 ;       ;       ; 3.963 ;
; SW[3]      ; HEX1[2]     ; 3.963 ;       ;       ; 3.963 ;
; SW[3]      ; HEX1[5]     ;       ; 3.969 ; 3.969 ;       ;
; SW[3]      ; HEX2[0]     ; 3.928 ;       ;       ; 3.928 ;
; SW[3]      ; HEX2[1]     ; 4.056 ; 4.056 ; 4.056 ; 4.056 ;
; SW[3]      ; HEX2[2]     ; 4.096 ; 4.096 ; 4.096 ; 4.096 ;
; SW[3]      ; HEX2[3]     ; 4.006 ;       ;       ; 4.006 ;
; SW[3]      ; HEX2[4]     ; 3.999 ;       ;       ; 3.999 ;
; SW[3]      ; HEX2[5]     ; 4.073 ;       ;       ; 4.073 ;
; SW[3]      ; HEX2[6]     ; 4.007 ;       ;       ; 4.007 ;
; SW[4]      ; HEX0[0]     ;       ; 3.968 ; 3.968 ;       ;
; SW[4]      ; HEX0[1]     ; 4.004 ;       ;       ; 4.004 ;
; SW[4]      ; HEX0[2]     ; 3.999 ;       ;       ; 3.999 ;
; SW[4]      ; HEX0[3]     ; 3.997 ; 3.997 ; 3.997 ; 3.997 ;
; SW[4]      ; HEX0[4]     ; 3.999 ; 3.999 ; 3.999 ; 3.999 ;
; SW[4]      ; HEX0[5]     ;       ; 3.994 ; 3.994 ;       ;
; SW[4]      ; HEX0[6]     ; 3.999 ; 3.999 ; 3.999 ; 3.999 ;
; SW[4]      ; HEX1[0]     ; 4.013 ;       ;       ; 4.013 ;
; SW[4]      ; HEX1[3]     ; 3.967 ;       ;       ; 3.967 ;
; SW[4]      ; HEX1[4]     ; 3.977 ;       ;       ; 3.977 ;
; SW[4]      ; HEX1[5]     ; 3.870 ;       ;       ; 3.870 ;
; SW[4]      ; HEX1[6]     ; 3.865 ;       ;       ; 3.865 ;
; SW[4]      ; HEX2[0]     ; 3.831 ;       ;       ; 3.831 ;
; SW[4]      ; HEX2[1]     ; 3.959 ; 3.959 ; 3.959 ; 3.959 ;
; SW[4]      ; HEX2[2]     ; 3.999 ; 3.999 ; 3.999 ; 3.999 ;
; SW[4]      ; HEX2[5]     ; 3.976 ;       ;       ; 3.976 ;
; SW[5]      ; HEX0[0]     ; 3.744 ;       ;       ; 3.744 ;
; SW[5]      ; HEX0[3]     ; 3.773 ; 3.773 ; 3.773 ; 3.773 ;
; SW[5]      ; HEX0[4]     ; 3.775 ; 3.775 ; 3.775 ; 3.775 ;
; SW[5]      ; HEX0[5]     ; 3.770 ;       ;       ; 3.770 ;
; SW[5]      ; HEX0[6]     ; 3.775 ; 3.775 ; 3.775 ; 3.775 ;
; SW[5]      ; HEX1[0]     ;       ; 3.791 ; 3.791 ;       ;
; SW[5]      ; HEX1[1]     ; 3.642 ;       ;       ; 3.642 ;
; SW[5]      ; HEX1[2]     ; 3.642 ;       ;       ; 3.642 ;
; SW[5]      ; HEX1[5]     ;       ; 3.648 ; 3.648 ;       ;
; SW[5]      ; HEX2[0]     ; 3.607 ;       ;       ; 3.607 ;
; SW[5]      ; HEX2[1]     ; 3.735 ; 3.735 ; 3.735 ; 3.735 ;
; SW[5]      ; HEX2[2]     ; 3.775 ; 3.775 ; 3.775 ; 3.775 ;
; SW[5]      ; HEX2[3]     ; 3.685 ;       ;       ; 3.685 ;
; SW[5]      ; HEX2[4]     ; 3.678 ;       ;       ; 3.678 ;
; SW[5]      ; HEX2[5]     ; 3.752 ;       ;       ; 3.752 ;
; SW[5]      ; HEX2[6]     ; 3.686 ;       ;       ; 3.686 ;
; SW[8]      ; HEX0[0]     ; 3.415 ; 3.415 ; 3.415 ; 3.415 ;
; SW[8]      ; HEX0[1]     ; 3.451 ; 3.451 ; 3.451 ; 3.451 ;
; SW[8]      ; HEX0[2]     ; 3.446 ; 3.446 ; 3.446 ; 3.446 ;
; SW[8]      ; HEX0[3]     ; 3.444 ; 3.444 ; 3.444 ; 3.444 ;
; SW[8]      ; HEX0[4]     ; 3.446 ; 3.446 ; 3.446 ; 3.446 ;
; SW[8]      ; HEX0[5]     ; 3.441 ; 3.441 ; 3.441 ; 3.441 ;
; SW[8]      ; HEX0[6]     ; 3.446 ; 3.446 ; 3.446 ; 3.446 ;
; SW[8]      ; HEX1[0]     ; 3.460 ; 3.460 ; 3.460 ; 3.460 ;
; SW[8]      ; HEX1[1]     ; 3.392 ; 3.392 ; 3.392 ; 3.392 ;
; SW[8]      ; HEX1[2]     ; 3.392 ; 3.392 ; 3.392 ; 3.392 ;
; SW[8]      ; HEX1[3]     ; 3.414 ; 3.414 ; 3.414 ; 3.414 ;
; SW[8]      ; HEX1[4]     ; 3.424 ; 3.424 ; 3.424 ; 3.424 ;
; SW[8]      ; HEX1[5]     ; 3.317 ; 3.317 ; 3.317 ; 3.317 ;
; SW[8]      ; HEX1[6]     ; 3.312 ; 3.312 ; 3.312 ; 3.312 ;
; SW[8]      ; HEX2[0]     ; 3.278 ; 3.278 ; 3.278 ; 3.278 ;
; SW[8]      ; HEX2[1]     ; 3.406 ; 3.406 ; 3.406 ; 3.406 ;
; SW[8]      ; HEX2[2]     ; 3.446 ; 3.446 ; 3.446 ; 3.446 ;
; SW[8]      ; HEX2[3]     ; 3.435 ; 3.435 ; 3.435 ; 3.435 ;
; SW[8]      ; HEX2[4]     ; 3.428 ; 3.428 ; 3.428 ; 3.428 ;
; SW[8]      ; HEX2[5]     ; 3.423 ; 3.423 ; 3.423 ; 3.423 ;
; SW[8]      ; HEX2[6]     ; 3.436 ; 3.436 ; 3.436 ; 3.436 ;
; SW[9]      ; HEX0[0]     ; 3.329 ; 3.280 ; 3.280 ; 3.329 ;
; SW[9]      ; HEX0[1]     ; 3.107 ; 3.406 ; 3.406 ; 3.107 ;
; SW[9]      ; HEX0[2]     ; 3.102 ; 3.401 ; 3.401 ; 3.102 ;
; SW[9]      ; HEX0[3]     ; 3.310 ; 3.310 ; 3.310 ; 3.310 ;
; SW[9]      ; HEX0[4]     ; 3.312 ; 3.312 ; 3.312 ; 3.312 ;
; SW[9]      ; HEX0[5]     ; 3.355 ; 3.306 ; 3.306 ; 3.355 ;
; SW[9]      ; HEX0[6]     ; 3.312 ; 3.312 ; 3.312 ; 3.312 ;
; SW[9]      ; HEX1[0]     ; 3.320 ; 3.372 ; 3.372 ; 3.320 ;
; SW[9]      ; HEX1[1]     ; 3.060 ; 3.350 ; 3.350 ; 3.060 ;
; SW[9]      ; HEX1[2]     ; 3.060 ; 3.350 ; 3.350 ; 3.060 ;
; SW[9]      ; HEX1[3]     ; 3.070 ; 3.369 ; 3.369 ; 3.070 ;
; SW[9]      ; HEX1[4]     ; 3.080 ; 3.379 ; 3.379 ; 3.080 ;
; SW[9]      ; HEX1[5]     ; 3.177 ; 3.229 ; 3.229 ; 3.177 ;
; SW[9]      ; HEX1[6]     ; 2.968 ; 3.267 ; 3.267 ; 2.968 ;
; SW[9]      ; HEX2[0]     ; 3.131 ; 3.233 ; 3.233 ; 3.131 ;
; SW[9]      ; HEX2[1]     ; 3.272 ; 3.272 ; 3.272 ; 3.272 ;
; SW[9]      ; HEX2[2]     ; 3.312 ; 3.312 ; 3.312 ; 3.312 ;
; SW[9]      ; HEX2[3]     ; 3.103 ; 3.393 ; 3.393 ; 3.103 ;
; SW[9]      ; HEX2[4]     ; 3.096 ; 3.386 ; 3.386 ; 3.096 ;
; SW[9]      ; HEX2[5]     ; 3.276 ; 3.378 ; 3.378 ; 3.276 ;
; SW[9]      ; HEX2[6]     ; 3.104 ; 3.394 ; 3.394 ; 3.104 ;
+------------+-------------+-------+-------+-------+-------+


+----------------------------------------------------------------------------+
; Multicorner Timing Analysis Summary                                        ;
+------------------+-------+------+----------+---------+---------------------+
; Clock            ; Setup ; Hold ; Recovery ; Removal ; Minimum Pulse Width ;
+------------------+-------+------+----------+---------+---------------------+
; Worst-case Slack ; N/A   ; N/A  ; N/A      ; N/A     ; N/A                 ;
; Design-wide TNS  ; 0.0   ; 0.0  ; 0.0      ; 0.0     ; 0.0                 ;
+------------------+-------+------+----------+---------+---------------------+


+----------------------------------------------------------+
; Progagation Delay                                        ;
+------------+-------------+-------+-------+-------+-------+
; Input Port ; Output Port ; RR    ; RF    ; FR    ; FF    ;
+------------+-------------+-------+-------+-------+-------+
; SW[0]      ; HEX0[0]     ;       ; 8.057 ; 8.057 ;       ;
; SW[0]      ; HEX0[1]     ; 7.602 ;       ;       ; 7.602 ;
; SW[0]      ; HEX0[2]     ; 7.596 ;       ;       ; 7.596 ;
; SW[0]      ; HEX0[3]     ; 8.090 ; 8.090 ; 8.090 ; 8.090 ;
; SW[0]      ; HEX0[4]     ; 8.090 ; 8.090 ; 8.090 ; 8.090 ;
; SW[0]      ; HEX0[5]     ;       ; 8.082 ; 8.082 ;       ;
; SW[0]      ; HEX0[6]     ; 8.090 ; 8.090 ; 8.090 ; 8.090 ;
; SW[0]      ; HEX1[0]     ; 8.097 ;       ;       ; 8.097 ;
; SW[0]      ; HEX1[3]     ; 7.562 ;       ;       ; 7.562 ;
; SW[0]      ; HEX1[4]     ; 7.572 ;       ;       ; 7.572 ;
; SW[0]      ; HEX1[5]     ; 7.740 ;       ;       ; 7.740 ;
; SW[0]      ; HEX1[6]     ; 7.246 ;       ;       ; 7.246 ;
; SW[0]      ; HEX2[0]     ; 7.694 ;       ;       ; 7.694 ;
; SW[0]      ; HEX2[1]     ; 8.051 ; 8.051 ; 8.051 ; 8.051 ;
; SW[0]      ; HEX2[2]     ; 8.091 ; 8.091 ; 8.091 ; 8.091 ;
; SW[0]      ; HEX2[5]     ; 8.050 ;       ;       ; 8.050 ;
; SW[1]      ; HEX0[0]     ; 8.274 ;       ;       ; 8.274 ;
; SW[1]      ; HEX0[3]     ; 8.307 ; 8.307 ; 8.307 ; 8.307 ;
; SW[1]      ; HEX0[4]     ; 8.307 ; 8.307 ; 8.307 ; 8.307 ;
; SW[1]      ; HEX0[5]     ; 8.299 ;       ;       ; 8.299 ;
; SW[1]      ; HEX0[6]     ; 8.307 ; 8.307 ; 8.307 ; 8.307 ;
; SW[1]      ; HEX1[0]     ;       ; 8.315 ; 8.315 ;       ;
; SW[1]      ; HEX1[1]     ; 7.617 ;       ;       ; 7.617 ;
; SW[1]      ; HEX1[2]     ; 7.617 ;       ;       ; 7.617 ;
; SW[1]      ; HEX1[5]     ;       ; 7.958 ; 7.958 ;       ;
; SW[1]      ; HEX2[0]     ; 7.914 ;       ;       ; 7.914 ;
; SW[1]      ; HEX2[1]     ; 8.268 ; 8.268 ; 8.268 ; 8.268 ;
; SW[1]      ; HEX2[2]     ; 8.308 ; 8.308 ; 8.308 ; 8.308 ;
; SW[1]      ; HEX2[3]     ; 7.662 ;       ;       ; 7.662 ;
; SW[1]      ; HEX2[4]     ; 7.655 ;       ;       ; 7.655 ;
; SW[1]      ; HEX2[5]     ; 8.270 ;       ;       ; 8.270 ;
; SW[1]      ; HEX2[6]     ; 7.664 ;       ;       ; 7.664 ;
; SW[2]      ; HEX0[0]     ;       ; 8.250 ; 8.250 ;       ;
; SW[2]      ; HEX0[1]     ; 8.295 ;       ;       ; 8.295 ;
; SW[2]      ; HEX0[2]     ; 8.289 ;       ;       ; 8.289 ;
; SW[2]      ; HEX0[3]     ; 8.283 ; 8.283 ; 8.283 ; 8.283 ;
; SW[2]      ; HEX0[4]     ; 8.283 ; 8.283 ; 8.283 ; 8.283 ;
; SW[2]      ; HEX0[5]     ;       ; 8.275 ; 8.275 ;       ;
; SW[2]      ; HEX0[6]     ; 8.283 ; 8.283 ; 8.283 ; 8.283 ;
; SW[2]      ; HEX1[0]     ; 8.236 ;       ;       ; 8.236 ;
; SW[2]      ; HEX1[3]     ; 8.255 ;       ;       ; 8.255 ;
; SW[2]      ; HEX1[4]     ; 8.265 ;       ;       ; 8.265 ;
; SW[2]      ; HEX1[5]     ; 7.879 ;       ;       ; 7.879 ;
; SW[2]      ; HEX1[6]     ; 7.939 ;       ;       ; 7.939 ;
; SW[2]      ; HEX2[0]     ; 7.831 ;       ;       ; 7.831 ;
; SW[2]      ; HEX2[1]     ; 8.244 ; 8.244 ; 8.244 ; 8.244 ;
; SW[2]      ; HEX2[2]     ; 8.284 ; 8.284 ; 8.284 ; 8.284 ;
; SW[2]      ; HEX2[5]     ; 8.187 ;       ;       ; 8.187 ;
; SW[3]      ; HEX0[0]     ; 8.799 ;       ;       ; 8.799 ;
; SW[3]      ; HEX0[3]     ; 8.922 ; 8.922 ; 8.922 ; 8.922 ;
; SW[3]      ; HEX0[4]     ; 8.922 ; 8.922 ; 8.922 ; 8.922 ;
; SW[3]      ; HEX0[5]     ; 8.824 ;       ;       ; 8.824 ;
; SW[3]      ; HEX0[6]     ; 8.922 ; 8.922 ; 8.922 ; 8.922 ;
; SW[3]      ; HEX1[0]     ;       ; 8.930 ; 8.930 ;       ;
; SW[3]      ; HEX1[1]     ; 8.654 ;       ;       ; 8.654 ;
; SW[3]      ; HEX1[2]     ; 8.654 ;       ;       ; 8.654 ;
; SW[3]      ; HEX1[5]     ;       ; 8.573 ; 8.573 ;       ;
; SW[3]      ; HEX2[0]     ; 8.444 ;       ;       ; 8.444 ;
; SW[3]      ; HEX2[1]     ; 8.883 ; 8.883 ; 8.883 ; 8.883 ;
; SW[3]      ; HEX2[2]     ; 8.923 ; 8.923 ; 8.923 ; 8.923 ;
; SW[3]      ; HEX2[3]     ; 8.699 ;       ;       ; 8.699 ;
; SW[3]      ; HEX2[4]     ; 8.692 ;       ;       ; 8.692 ;
; SW[3]      ; HEX2[5]     ; 8.800 ;       ;       ; 8.800 ;
; SW[3]      ; HEX2[6]     ; 8.701 ;       ;       ; 8.701 ;
; SW[4]      ; HEX0[0]     ;       ; 8.664 ; 8.664 ;       ;
; SW[4]      ; HEX0[1]     ; 8.709 ;       ;       ; 8.709 ;
; SW[4]      ; HEX0[2]     ; 8.703 ;       ;       ; 8.703 ;
; SW[4]      ; HEX0[3]     ; 8.697 ; 8.697 ; 8.697 ; 8.697 ;
; SW[4]      ; HEX0[4]     ; 8.697 ; 8.697 ; 8.697 ; 8.697 ;
; SW[4]      ; HEX0[5]     ;       ; 8.689 ; 8.689 ;       ;
; SW[4]      ; HEX0[6]     ; 8.697 ; 8.697 ; 8.697 ; 8.697 ;
; SW[4]      ; HEX1[0]     ; 8.650 ;       ;       ; 8.650 ;
; SW[4]      ; HEX1[3]     ; 8.669 ;       ;       ; 8.669 ;
; SW[4]      ; HEX1[4]     ; 8.679 ;       ;       ; 8.679 ;
; SW[4]      ; HEX1[5]     ; 8.293 ;       ;       ; 8.293 ;
; SW[4]      ; HEX1[6]     ; 8.353 ;       ;       ; 8.353 ;
; SW[4]      ; HEX2[0]     ; 8.245 ;       ;       ; 8.245 ;
; SW[4]      ; HEX2[1]     ; 8.658 ; 8.658 ; 8.658 ; 8.658 ;
; SW[4]      ; HEX2[2]     ; 8.698 ; 8.698 ; 8.698 ; 8.698 ;
; SW[4]      ; HEX2[5]     ; 8.601 ;       ;       ; 8.601 ;
; SW[5]      ; HEX0[0]     ; 8.166 ;       ;       ; 8.166 ;
; SW[5]      ; HEX0[3]     ; 8.289 ; 8.289 ; 8.289 ; 8.289 ;
; SW[5]      ; HEX0[4]     ; 8.289 ; 8.289 ; 8.289 ; 8.289 ;
; SW[5]      ; HEX0[5]     ; 8.191 ;       ;       ; 8.191 ;
; SW[5]      ; HEX0[6]     ; 8.289 ; 8.289 ; 8.289 ; 8.289 ;
; SW[5]      ; HEX1[0]     ;       ; 8.297 ; 8.297 ;       ;
; SW[5]      ; HEX1[1]     ; 8.021 ;       ;       ; 8.021 ;
; SW[5]      ; HEX1[2]     ; 8.021 ;       ;       ; 8.021 ;
; SW[5]      ; HEX1[5]     ;       ; 7.940 ; 7.940 ;       ;
; SW[5]      ; HEX2[0]     ; 7.811 ;       ;       ; 7.811 ;
; SW[5]      ; HEX2[1]     ; 8.250 ; 8.250 ; 8.250 ; 8.250 ;
; SW[5]      ; HEX2[2]     ; 8.290 ; 8.290 ; 8.290 ; 8.290 ;
; SW[5]      ; HEX2[3]     ; 8.066 ;       ;       ; 8.066 ;
; SW[5]      ; HEX2[4]     ; 8.059 ;       ;       ; 8.059 ;
; SW[5]      ; HEX2[5]     ; 8.167 ;       ;       ; 8.167 ;
; SW[5]      ; HEX2[6]     ; 8.068 ;       ;       ; 8.068 ;
; SW[8]      ; HEX0[0]     ; 7.678 ; 7.678 ; 7.678 ; 7.678 ;
; SW[8]      ; HEX0[1]     ; 7.556 ; 7.556 ; 7.556 ; 7.556 ;
; SW[8]      ; HEX0[2]     ; 7.550 ; 7.550 ; 7.550 ; 7.550 ;
; SW[8]      ; HEX0[3]     ; 7.801 ; 7.801 ; 7.801 ; 7.801 ;
; SW[8]      ; HEX0[4]     ; 7.801 ; 7.801 ; 7.801 ; 7.801 ;
; SW[8]      ; HEX0[5]     ; 7.703 ; 7.703 ; 7.703 ; 7.703 ;
; SW[8]      ; HEX0[6]     ; 7.801 ; 7.801 ; 7.801 ; 7.801 ;
; SW[8]      ; HEX1[0]     ; 7.809 ; 7.809 ; 7.809 ; 7.809 ;
; SW[8]      ; HEX1[1]     ; 7.533 ; 7.533 ; 7.533 ; 7.533 ;
; SW[8]      ; HEX1[2]     ; 7.533 ; 7.533 ; 7.533 ; 7.533 ;
; SW[8]      ; HEX1[3]     ; 7.516 ; 7.516 ; 7.516 ; 7.516 ;
; SW[8]      ; HEX1[4]     ; 7.526 ; 7.526 ; 7.526 ; 7.526 ;
; SW[8]      ; HEX1[5]     ; 7.452 ; 7.452 ; 7.452 ; 7.452 ;
; SW[8]      ; HEX1[6]     ; 7.200 ; 7.200 ; 7.200 ; 7.200 ;
; SW[8]      ; HEX2[0]     ; 7.323 ; 7.323 ; 7.323 ; 7.323 ;
; SW[8]      ; HEX2[1]     ; 7.762 ; 7.762 ; 7.762 ; 7.762 ;
; SW[8]      ; HEX2[2]     ; 7.802 ; 7.802 ; 7.802 ; 7.802 ;
; SW[8]      ; HEX2[3]     ; 7.578 ; 7.578 ; 7.578 ; 7.578 ;
; SW[8]      ; HEX2[4]     ; 7.571 ; 7.571 ; 7.571 ; 7.571 ;
; SW[8]      ; HEX2[5]     ; 7.679 ; 7.679 ; 7.679 ; 7.679 ;
; SW[8]      ; HEX2[6]     ; 7.580 ; 7.580 ; 7.580 ; 7.580 ;
; SW[9]      ; HEX0[0]     ; 7.390 ; 7.519 ; 7.519 ; 7.390 ;
; SW[9]      ; HEX0[1]     ; 6.583 ; 7.435 ; 7.435 ; 6.583 ;
; SW[9]      ; HEX0[2]     ; 6.577 ; 7.429 ; 7.429 ; 6.577 ;
; SW[9]      ; HEX0[3]     ; 7.642 ; 7.642 ; 7.642 ; 7.642 ;
; SW[9]      ; HEX0[4]     ; 7.642 ; 7.642 ; 7.642 ; 7.642 ;
; SW[9]      ; HEX0[5]     ; 7.415 ; 7.544 ; 7.544 ; 7.415 ;
; SW[9]      ; HEX0[6]     ; 7.642 ; 7.642 ; 7.642 ; 7.642 ;
; SW[9]      ; HEX1[0]     ; 7.650 ; 7.376 ; 7.376 ; 7.650 ;
; SW[9]      ; HEX1[1]     ; 6.534 ; 7.374 ; 7.374 ; 6.534 ;
; SW[9]      ; HEX1[2]     ; 6.534 ; 7.374 ; 7.374 ; 6.534 ;
; SW[9]      ; HEX1[3]     ; 6.543 ; 7.395 ; 7.395 ; 6.543 ;
; SW[9]      ; HEX1[4]     ; 6.553 ; 7.405 ; 7.405 ; 6.553 ;
; SW[9]      ; HEX1[5]     ; 7.293 ; 7.019 ; 7.019 ; 7.293 ;
; SW[9]      ; HEX1[6]     ; 6.227 ; 7.079 ; 7.079 ; 6.227 ;
; SW[9]      ; HEX2[0]     ; 6.831 ; 7.164 ; 7.164 ; 6.831 ;
; SW[9]      ; HEX2[1]     ; 7.603 ; 7.603 ; 7.603 ; 7.603 ;
; SW[9]      ; HEX2[2]     ; 7.643 ; 7.643 ; 7.643 ; 7.643 ;
; SW[9]      ; HEX2[3]     ; 6.579 ; 7.419 ; 7.419 ; 6.579 ;
; SW[9]      ; HEX2[4]     ; 6.572 ; 7.412 ; 7.412 ; 6.572 ;
; SW[9]      ; HEX2[5]     ; 7.187 ; 7.520 ; 7.520 ; 7.187 ;
; SW[9]      ; HEX2[6]     ; 6.581 ; 7.421 ; 7.421 ; 6.581 ;
+------------+-------------+-------+-------+-------+-------+


+----------------------------------------------------------+
; Minimum Progagation Delay                                ;
+------------+-------------+-------+-------+-------+-------+
; Input Port ; Output Port ; RR    ; RF    ; FR    ; FF    ;
+------------+-------------+-------+-------+-------+-------+
; SW[0]      ; HEX0[0]     ;       ; 3.684 ; 3.684 ;       ;
; SW[0]      ; HEX0[1]     ; 3.539 ;       ;       ; 3.539 ;
; SW[0]      ; HEX0[2]     ; 3.534 ;       ;       ; 3.534 ;
; SW[0]      ; HEX0[3]     ; 3.714 ; 3.714 ; 3.714 ; 3.714 ;
; SW[0]      ; HEX0[4]     ; 3.716 ; 3.716 ; 3.716 ; 3.716 ;
; SW[0]      ; HEX0[5]     ;       ; 3.710 ; 3.710 ;       ;
; SW[0]      ; HEX0[6]     ; 3.716 ; 3.716 ; 3.716 ; 3.716 ;
; SW[0]      ; HEX1[0]     ; 3.724 ;       ;       ; 3.724 ;
; SW[0]      ; HEX1[3]     ; 3.502 ;       ;       ; 3.502 ;
; SW[0]      ; HEX1[4]     ; 3.512 ;       ;       ; 3.512 ;
; SW[0]      ; HEX1[5]     ; 3.581 ;       ;       ; 3.581 ;
; SW[0]      ; HEX1[6]     ; 3.400 ;       ;       ; 3.400 ;
; SW[0]      ; HEX2[0]     ; 3.535 ;       ;       ; 3.535 ;
; SW[0]      ; HEX2[1]     ; 3.676 ; 3.676 ; 3.676 ; 3.676 ;
; SW[0]      ; HEX2[2]     ; 3.716 ; 3.716 ; 3.716 ; 3.716 ;
; SW[0]      ; HEX2[5]     ; 3.680 ;       ;       ; 3.680 ;
; SW[1]      ; HEX0[0]     ; 3.763 ;       ;       ; 3.763 ;
; SW[1]      ; HEX0[3]     ; 3.792 ; 3.792 ; 3.792 ; 3.792 ;
; SW[1]      ; HEX0[4]     ; 3.794 ; 3.794 ; 3.794 ; 3.794 ;
; SW[1]      ; HEX0[5]     ; 3.789 ;       ;       ; 3.789 ;
; SW[1]      ; HEX0[6]     ; 3.794 ; 3.794 ; 3.794 ; 3.794 ;
; SW[1]      ; HEX1[0]     ;       ; 3.806 ; 3.806 ;       ;
; SW[1]      ; HEX1[1]     ; 3.520 ;       ;       ; 3.520 ;
; SW[1]      ; HEX1[2]     ; 3.520 ;       ;       ; 3.520 ;
; SW[1]      ; HEX1[5]     ;       ; 3.663 ; 3.663 ;       ;
; SW[1]      ; HEX2[0]     ; 3.618 ;       ;       ; 3.618 ;
; SW[1]      ; HEX2[1]     ; 3.754 ; 3.754 ; 3.754 ; 3.754 ;
; SW[1]      ; HEX2[2]     ; 3.794 ; 3.794 ; 3.794 ; 3.794 ;
; SW[1]      ; HEX2[3]     ; 3.563 ;       ;       ; 3.563 ;
; SW[1]      ; HEX2[4]     ; 3.556 ;       ;       ; 3.556 ;
; SW[1]      ; HEX2[5]     ; 3.763 ;       ;       ; 3.763 ;
; SW[1]      ; HEX2[6]     ; 3.564 ;       ;       ; 3.564 ;
; SW[2]      ; HEX0[0]     ;       ; 3.739 ; 3.739 ;       ;
; SW[2]      ; HEX0[1]     ; 3.775 ;       ;       ; 3.775 ;
; SW[2]      ; HEX0[2]     ; 3.770 ;       ;       ; 3.770 ;
; SW[2]      ; HEX0[3]     ; 3.768 ; 3.768 ; 3.768 ; 3.768 ;
; SW[2]      ; HEX0[4]     ; 3.770 ; 3.770 ; 3.770 ; 3.770 ;
; SW[2]      ; HEX0[5]     ;       ; 3.765 ; 3.765 ;       ;
; SW[2]      ; HEX0[6]     ; 3.770 ; 3.770 ; 3.770 ; 3.770 ;
; SW[2]      ; HEX1[0]     ; 3.784 ;       ;       ; 3.784 ;
; SW[2]      ; HEX1[3]     ; 3.738 ;       ;       ; 3.738 ;
; SW[2]      ; HEX1[4]     ; 3.748 ;       ;       ; 3.748 ;
; SW[2]      ; HEX1[5]     ; 3.641 ;       ;       ; 3.641 ;
; SW[2]      ; HEX1[6]     ; 3.636 ;       ;       ; 3.636 ;
; SW[2]      ; HEX2[0]     ; 3.602 ;       ;       ; 3.602 ;
; SW[2]      ; HEX2[1]     ; 3.730 ; 3.730 ; 3.730 ; 3.730 ;
; SW[2]      ; HEX2[2]     ; 3.770 ; 3.770 ; 3.770 ; 3.770 ;
; SW[2]      ; HEX2[5]     ; 3.747 ;       ;       ; 3.747 ;
; SW[3]      ; HEX0[0]     ; 4.065 ;       ;       ; 4.065 ;
; SW[3]      ; HEX0[3]     ; 4.094 ; 4.094 ; 4.094 ; 4.094 ;
; SW[3]      ; HEX0[4]     ; 4.096 ; 4.096 ; 4.096 ; 4.096 ;
; SW[3]      ; HEX0[5]     ; 4.091 ;       ;       ; 4.091 ;
; SW[3]      ; HEX0[6]     ; 4.096 ; 4.096 ; 4.096 ; 4.096 ;
; SW[3]      ; HEX1[0]     ;       ; 4.112 ; 4.112 ;       ;
; SW[3]      ; HEX1[1]     ; 3.963 ;       ;       ; 3.963 ;
; SW[3]      ; HEX1[2]     ; 3.963 ;       ;       ; 3.963 ;
; SW[3]      ; HEX1[5]     ;       ; 3.969 ; 3.969 ;       ;
; SW[3]      ; HEX2[0]     ; 3.928 ;       ;       ; 3.928 ;
; SW[3]      ; HEX2[1]     ; 4.056 ; 4.056 ; 4.056 ; 4.056 ;
; SW[3]      ; HEX2[2]     ; 4.096 ; 4.096 ; 4.096 ; 4.096 ;
; SW[3]      ; HEX2[3]     ; 4.006 ;       ;       ; 4.006 ;
; SW[3]      ; HEX2[4]     ; 3.999 ;       ;       ; 3.999 ;
; SW[3]      ; HEX2[5]     ; 4.073 ;       ;       ; 4.073 ;
; SW[3]      ; HEX2[6]     ; 4.007 ;       ;       ; 4.007 ;
; SW[4]      ; HEX0[0]     ;       ; 3.968 ; 3.968 ;       ;
; SW[4]      ; HEX0[1]     ; 4.004 ;       ;       ; 4.004 ;
; SW[4]      ; HEX0[2]     ; 3.999 ;       ;       ; 3.999 ;
; SW[4]      ; HEX0[3]     ; 3.997 ; 3.997 ; 3.997 ; 3.997 ;
; SW[4]      ; HEX0[4]     ; 3.999 ; 3.999 ; 3.999 ; 3.999 ;
; SW[4]      ; HEX0[5]     ;       ; 3.994 ; 3.994 ;       ;
; SW[4]      ; HEX0[6]     ; 3.999 ; 3.999 ; 3.999 ; 3.999 ;
; SW[4]      ; HEX1[0]     ; 4.013 ;       ;       ; 4.013 ;
; SW[4]      ; HEX1[3]     ; 3.967 ;       ;       ; 3.967 ;
; SW[4]      ; HEX1[4]     ; 3.977 ;       ;       ; 3.977 ;
; SW[4]      ; HEX1[5]     ; 3.870 ;       ;       ; 3.870 ;
; SW[4]      ; HEX1[6]     ; 3.865 ;       ;       ; 3.865 ;
; SW[4]      ; HEX2[0]     ; 3.831 ;       ;       ; 3.831 ;
; SW[4]      ; HEX2[1]     ; 3.959 ; 3.959 ; 3.959 ; 3.959 ;
; SW[4]      ; HEX2[2]     ; 3.999 ; 3.999 ; 3.999 ; 3.999 ;
; SW[4]      ; HEX2[5]     ; 3.976 ;       ;       ; 3.976 ;
; SW[5]      ; HEX0[0]     ; 3.744 ;       ;       ; 3.744 ;
; SW[5]      ; HEX0[3]     ; 3.773 ; 3.773 ; 3.773 ; 3.773 ;
; SW[5]      ; HEX0[4]     ; 3.775 ; 3.775 ; 3.775 ; 3.775 ;
; SW[5]      ; HEX0[5]     ; 3.770 ;       ;       ; 3.770 ;
; SW[5]      ; HEX0[6]     ; 3.775 ; 3.775 ; 3.775 ; 3.775 ;
; SW[5]      ; HEX1[0]     ;       ; 3.791 ; 3.791 ;       ;
; SW[5]      ; HEX1[1]     ; 3.642 ;       ;       ; 3.642 ;
; SW[5]      ; HEX1[2]     ; 3.642 ;       ;       ; 3.642 ;
; SW[5]      ; HEX1[5]     ;       ; 3.648 ; 3.648 ;       ;
; SW[5]      ; HEX2[0]     ; 3.607 ;       ;       ; 3.607 ;
; SW[5]      ; HEX2[1]     ; 3.735 ; 3.735 ; 3.735 ; 3.735 ;
; SW[5]      ; HEX2[2]     ; 3.775 ; 3.775 ; 3.775 ; 3.775 ;
; SW[5]      ; HEX2[3]     ; 3.685 ;       ;       ; 3.685 ;
; SW[5]      ; HEX2[4]     ; 3.678 ;       ;       ; 3.678 ;
; SW[5]      ; HEX2[5]     ; 3.752 ;       ;       ; 3.752 ;
; SW[5]      ; HEX2[6]     ; 3.686 ;       ;       ; 3.686 ;
; SW[8]      ; HEX0[0]     ; 3.415 ; 3.415 ; 3.415 ; 3.415 ;
; SW[8]      ; HEX0[1]     ; 3.451 ; 3.451 ; 3.451 ; 3.451 ;
; SW[8]      ; HEX0[2]     ; 3.446 ; 3.446 ; 3.446 ; 3.446 ;
; SW[8]      ; HEX0[3]     ; 3.444 ; 3.444 ; 3.444 ; 3.444 ;
; SW[8]      ; HEX0[4]     ; 3.446 ; 3.446 ; 3.446 ; 3.446 ;
; SW[8]      ; HEX0[5]     ; 3.441 ; 3.441 ; 3.441 ; 3.441 ;
; SW[8]      ; HEX0[6]     ; 3.446 ; 3.446 ; 3.446 ; 3.446 ;
; SW[8]      ; HEX1[0]     ; 3.460 ; 3.460 ; 3.460 ; 3.460 ;
; SW[8]      ; HEX1[1]     ; 3.392 ; 3.392 ; 3.392 ; 3.392 ;
; SW[8]      ; HEX1[2]     ; 3.392 ; 3.392 ; 3.392 ; 3.392 ;
; SW[8]      ; HEX1[3]     ; 3.414 ; 3.414 ; 3.414 ; 3.414 ;
; SW[8]      ; HEX1[4]     ; 3.424 ; 3.424 ; 3.424 ; 3.424 ;
; SW[8]      ; HEX1[5]     ; 3.317 ; 3.317 ; 3.317 ; 3.317 ;
; SW[8]      ; HEX1[6]     ; 3.312 ; 3.312 ; 3.312 ; 3.312 ;
; SW[8]      ; HEX2[0]     ; 3.278 ; 3.278 ; 3.278 ; 3.278 ;
; SW[8]      ; HEX2[1]     ; 3.406 ; 3.406 ; 3.406 ; 3.406 ;
; SW[8]      ; HEX2[2]     ; 3.446 ; 3.446 ; 3.446 ; 3.446 ;
; SW[8]      ; HEX2[3]     ; 3.435 ; 3.435 ; 3.435 ; 3.435 ;
; SW[8]      ; HEX2[4]     ; 3.428 ; 3.428 ; 3.428 ; 3.428 ;
; SW[8]      ; HEX2[5]     ; 3.423 ; 3.423 ; 3.423 ; 3.423 ;
; SW[8]      ; HEX2[6]     ; 3.436 ; 3.436 ; 3.436 ; 3.436 ;
; SW[9]      ; HEX0[0]     ; 3.329 ; 3.280 ; 3.280 ; 3.329 ;
; SW[9]      ; HEX0[1]     ; 3.107 ; 3.406 ; 3.406 ; 3.107 ;
; SW[9]      ; HEX0[2]     ; 3.102 ; 3.401 ; 3.401 ; 3.102 ;
; SW[9]      ; HEX0[3]     ; 3.310 ; 3.310 ; 3.310 ; 3.310 ;
; SW[9]      ; HEX0[4]     ; 3.312 ; 3.312 ; 3.312 ; 3.312 ;
; SW[9]      ; HEX0[5]     ; 3.355 ; 3.306 ; 3.306 ; 3.355 ;
; SW[9]      ; HEX0[6]     ; 3.312 ; 3.312 ; 3.312 ; 3.312 ;
; SW[9]      ; HEX1[0]     ; 3.320 ; 3.372 ; 3.372 ; 3.320 ;
; SW[9]      ; HEX1[1]     ; 3.060 ; 3.350 ; 3.350 ; 3.060 ;
; SW[9]      ; HEX1[2]     ; 3.060 ; 3.350 ; 3.350 ; 3.060 ;
; SW[9]      ; HEX1[3]     ; 3.070 ; 3.369 ; 3.369 ; 3.070 ;
; SW[9]      ; HEX1[4]     ; 3.080 ; 3.379 ; 3.379 ; 3.080 ;
; SW[9]      ; HEX1[5]     ; 3.177 ; 3.229 ; 3.229 ; 3.177 ;
; SW[9]      ; HEX1[6]     ; 2.968 ; 3.267 ; 3.267 ; 2.968 ;
; SW[9]      ; HEX2[0]     ; 3.131 ; 3.233 ; 3.233 ; 3.131 ;
; SW[9]      ; HEX2[1]     ; 3.272 ; 3.272 ; 3.272 ; 3.272 ;
; SW[9]      ; HEX2[2]     ; 3.312 ; 3.312 ; 3.312 ; 3.312 ;
; SW[9]      ; HEX2[3]     ; 3.103 ; 3.393 ; 3.393 ; 3.103 ;
; SW[9]      ; HEX2[4]     ; 3.096 ; 3.386 ; 3.386 ; 3.096 ;
; SW[9]      ; HEX2[5]     ; 3.276 ; 3.378 ; 3.378 ; 3.276 ;
; SW[9]      ; HEX2[6]     ; 3.104 ; 3.394 ; 3.394 ; 3.104 ;
+------------+-------------+-------+-------+-------+-------+


-------------------
; Clock Transfers ;
-------------------
Nothing to report.


---------------
; Report TCCS ;
---------------
No dedicated SERDES Transmitter circuitry present in device or used in design


---------------
; Report RSKM ;
---------------
No dedicated SERDES Receiver circuitry present in device or used in design


+------------------------------------------------+
; Unconstrained Paths                            ;
+---------------------------------+-------+------+
; Property                        ; Setup ; Hold ;
+---------------------------------+-------+------+
; Illegal Clocks                  ; 0     ; 0    ;
; Unconstrained Clocks            ; 0     ; 0    ;
; Unconstrained Input Ports       ; 8     ; 8    ;
; Unconstrained Input Port Paths  ; 138   ; 138  ;
; Unconstrained Output Ports      ; 21    ; 21   ;
; Unconstrained Output Port Paths ; 138   ; 138  ;
+---------------------------------+-------+------+


+------------------------------------+
; TimeQuest Timing Analyzer Messages ;
+------------------------------------+
Info: *******************************************************************
Info: Running Quartus II 64-Bit TimeQuest Timing Analyzer
    Info: Version 13.0.1 Build 232 06/12/2013 Service Pack 1 SJ Full Version
    Info: Processing started: Sun Aug 12 17:36:07 2018
Info: Command: quartus_sta part5 -c part5
Info: qsta_default_script.tcl version: #1
Info (20030): Parallel compilation is enabled and will use 4 of the 4 processors detected
Info (21077): Low junction temperature is 0 degrees C
Info (21077): High junction temperature is 85 degrees C
Critical Warning (332012): Synopsys Design Constraints File file not found: 'part5.sdc'. A Synopsys Design Constraints File is required by the TimeQuest Timing Analyzer to get proper timing constraints. Without it, the Compiler will not properly optimize the design.
Info (332142): No user constrained base clocks found in the design. Calling "derive_clocks -period 1.0"
Info (332096): The command derive_clocks did not find any clocks to derive.  No clocks were created or changed.
Warning (332068): No clocks defined in design.
Info: Found TIMEQUEST_REPORT_SCRIPT_INCLUDE_DEFAULT_ANALYSIS = ON
Info (332159): No clocks to report
Info: Analyzing Slow Model
Info (332140): No fmax paths to report
Info (332140): No Setup paths to report
Info (332140): No Hold paths to report
Info (332140): No Recovery paths to report
Info (332140): No Removal paths to report
Info (332140): No Minimum Pulse Width paths to report
Info (332001): The selected device family is not supported by the report_metastability command.
Info: Analyzing Fast Model
Info (332142): No user constrained base clocks found in the design. Calling "derive_clocks -period 1.0"
Info (332096): The command derive_clocks did not find any clocks to derive.  No clocks were created or changed.
Warning (332068): No clocks defined in design.
Info (332140): No Setup paths to report
Info (332140): No Hold paths to report
Info (332140): No Recovery paths to report
Info (332140): No Removal paths to report
Info (332140): No Minimum Pulse Width paths to report
Info (332001): The selected device family is not supported by the report_metastability command.
Info (332102): Design is not fully constrained for setup requirements
Info (332102): Design is not fully constrained for hold requirements
Info: Quartus II 64-Bit TimeQuest Timing Analyzer was successful. 0 errors, 3 warnings
    Info: Peak virtual memory: 4598 megabytes
    Info: Processing ended: Sun Aug 12 17:36:15 2018
    Info: Elapsed time: 00:00:08
    Info: Total CPU time (on all processors): 00:00:01


